<html>
<body>
<pre>
<h1>µVision Build Log</h1>
<h2>Tool Versions:</h2>
IDE-Version: µVision V5.21.1.0
Copyright (C) 2016 ARM Ltd and ARM Germany GmbH. All rights reserved.
License Information: Ben Schoeler, Keithley Instruments, LIC=----
 
Tool Versions:
Toolchain:       MDK-Lite  Version: 5.21a
Toolchain Path:  C:\Keil_v5\ARM\ARMCC\Bin
C Compiler:      Armcc.exe V5.06 update 3 (build 300)
Assembler:       Armasm.exe V5.06 update 3 (build 300)
Linker/Locator:  ArmLink.exe V5.06 update 3 (build 300)
Library Manager: ArmAr.exe V5.06 update 3 (build 300)
Hex Converter:   FromElf.exe V5.06 update 3 (build 300)
CPU DLL:         
Dialog DLL:      
Target DLL:      Segger\JL2CM3.dll V2.99.23.0
Dialog DLL:      TCM.DLL V1.14.14.0
 
<h2>Project:</h2>
C:\Users\wschoele\Documents\GitHub\PU_BLE\peripheral\twi_sensor\pca10040\arm5\twi_sensor_pca10040.uvprojx
Project File Date:  09/14/2016

<h2>Output:</h2>
*** Using Compiler 'V5.06 update 3 (build 300)', folder: 'C:\Keil_v5\ARM\ARMCC\Bin'
Rebuild target 'nrf52832_xxaa'
assembling arm_startup_nrf52.s...
compiling nrf_delay.c...
compiling nrf_drv_common.c...
compiling app_error.c...
compiling app_uart.c...
compiling system_nrf52.c...
compiling nrf_drv_gpiote.c...
compiling nrf_drv_twi.c...
compiling main.c...
..\..\main.c(444): warning:  #550-D: variable "reg" was set but never used
      uint8_t reg[] = { SI_705x_CMD_R_UR1 };
..\..\main.c(445): warning:  #550-D: variable "reg_2" was set but never used
  		uint8_t reg_2[] = { 0x84, 0xB8 };
..\..\main.c(452): warning:  #177-D: variable "size" was declared but never referenced
  		int size = sizeof(reg_2);
..\..\main.c(173): warning:  #177-D: function "uart_config" was declared but never referenced
  static void uart_config(void)
..\..\main.c: 4 warnings, 0 errors
compiling nrf_drv_uart.c...
compiling nrf_assert.c...
linking...
Program Size: Code=5164 RO-data=1120 RW-data=60 ZI-data=8340  
FromELF: creating hex file...
".\_build\nrf52832_xxaa.axf" - 0 Error(s), 4 Warning(s).

<h2>Software Packages used:</h2>

Package Vendor: ARM
                http://www.keil.com/pack/ARM.CMSIS.4.5.0.pack
                ARM::CMSIS:CORE:4.3.0
                CMSIS (Cortex Microcontroller Software Interface Standard)
   * Component: CORE Version: 4.3.0

Package Vendor: NordicSemiconductor
                http://developer.nordicsemi.com/nRF51_SDK/pieces/nRF_DeviceFamilyPack/NordicSemiconductor.nRF_DeviceFamilyPack.8.3.1.pack
                NordicSemiconductor::Device:Startup:8.3.1
                Nordic Semiconductor nRF ARM devices Device Family Pack.
   * Component: Startup Version: 8.3.1

Package Vendor: NordicSemiconductor
                http://developer.nordicsemi.com/nRF51_SDK/pieces/nRF_Drivers/NordicSemiconductor.nRF_Drivers.4.0.0-2.alpha.pack
                NordicSemiconductor::nRF_Drivers:nrf_delay:4.0.0-2.alpha
                Drivers for Nordic Semiconductor nRF family.
   * Component: nrf_delay Version: 4.0.0-2.alpha
   * Component: nrf_gpio Version: 4.0.0-2.alpha
   * Component: nrf_gpiote Version: 4.0.0-2.alpha
   * Component: nrf_clock Version: 4.0.0-2.alpha
   * Component: nrf_uart Version: 4.0.0-2.alpha
   * Component: nrf_error Variant: No_softdevice Version: 4.0.0-2.alpha
   * Component: nrf_uarte Version: 4.0.0-2.alpha
   * Component: nrf_twi Version: 4.0.0-2.alpha
   * Component: nrf_drv_uart Version: 4.0.0-2.alpha
   * Component: nrf_drv_twi Version: 4.0.0-2.alpha
   * Component: nrf_drv_gpiote Version: 4.0.0-2.alpha
   * Component: nrf_drv_common Version: 4.0.0-2.alpha

Package Vendor: NordicSemiconductor
                http://developer.nordicsemi.com/nRF51_SDK/pieces/nRF_Examples/NordicSemiconductor.nRF_Examples.11.0.0-2.alpha.pack
                NordicSemiconductor::Board Support:bsp:Defines:11.0.0-2.alpha
                Examples and BSP for Nordic Semiconductor nRF family.
   * Component: bsp Variant: Defines Version: 11.0.0-2.alpha

Package Vendor: NordicSemiconductor
                http://developer.nordicsemi.com/nRF51_SDK/pieces/nRF_Libraries/NordicSemiconductor.nRF_Libraries.4.0.0-2.alpha.pack
                NordicSemiconductor::nRF_Libraries:app_error:4.0.0-2.alpha
                Software modules for Nordic Semiconductor nRF family.
   * Component: app_error Version: 4.0.0-2.alpha
   * Component: nrf_assert Version: 4.0.0-2.alpha
   * Component: app_util Variant: default Version: 4.0.0-2.alpha
   * Component: nordic_common Version: 4.0.0-2.alpha
   * Component: app_uart Variant: default Version: 4.0.0-2.alpha

Package Vendor: NordicSemiconductor
                http://developer.nordicsemi.com/nRF51_SDK/pieces/nRF_SoftDevice_Common/NordicSemiconductor.nRF_SoftDevice_Common.2.0.0-2.alpha.pack
                NordicSemiconductor::nRF_SoftDevice:Internal:softdevice_present:2.0.0-2.alpha
                Common components for Nordic Semiconductor nRF family SoftDevices.
   * Component: softdevice_present Version: 2.0.0-2.alpha

<h2>Collection of Component include folders:</h2>
  C:\Users\wschoele\Documents\GitHub\PU_BLE\peripheral\twi_sensor\pca10040\arm5\RTE
  C:\Users\wschoele\Documents\GitHub\PU_BLE\peripheral\twi_sensor\pca10040\arm5\RTE\nRF_Drivers\nRF52832_xxAA
  C:\Users\wschoele\Documents\GitHub\PU_BLE\peripheral\twi_sensor\pca10040\arm5\RTE\nRF_Libraries\nRF52832_xxAA
  C:\Keil_v5\ARM\PACK\ARM\CMSIS\4.5.0\CMSIS\Include
  C:\Keil_v5\ARM\PACK\NordicSemiconductor\nRF_DeviceFamilyPack\8.3.1\Device\Include
  C:\Keil_v5\ARM\PACK\NordicSemiconductor\nRF_DeviceFamilyPack\8.7.1\Device\Include
  C:\Keil_v5\ARM\PACK\NordicSemiconductor\nRF_Drivers\4.0.0-2.alpha\common
  C:\Keil_v5\ARM\PACK\NordicSemiconductor\nRF_Drivers\4.0.0-2.alpha\config
  C:\Keil_v5\ARM\PACK\NordicSemiconductor\nRF_Drivers\4.0.0-2.alpha\delay
  C:\Keil_v5\ARM\PACK\NordicSemiconductor\nRF_Drivers\4.0.0-2.alpha\gpiote
  C:\Keil_v5\ARM\PACK\NordicSemiconductor\nRF_Drivers\4.0.0-2.alpha\hal
  C:\Keil_v5\ARM\PACK\NordicSemiconductor\nRF_Drivers\4.0.0-2.alpha\nrf_soc_nosd
  C:\Keil_v5\ARM\PACK\NordicSemiconductor\nRF_Drivers\4.0.0-2.alpha\twi_master
  C:\Keil_v5\ARM\PACK\NordicSemiconductor\nRF_Drivers\4.0.0-2.alpha\uart
  C:\Keil_v5\ARM\PACK\NordicSemiconductor\nRF_Examples\11.0.0-2.alpha\bsp
  C:\Keil_v5\ARM\PACK\NordicSemiconductor\nRF_Libraries\4.0.0-2.alpha\uart
  C:\Keil_v5\ARM\PACK\NordicSemiconductor\nRF_Libraries\4.0.0-2.alpha\util

<h2>Collection of Component Files used:</h2>

   * Component: ARM::CMSIS:CORE:4.3.0

   * Component: NordicSemiconductor::Device:Startup:8.3.1
      Source file:   Device\Source\arm\arm_startup_nrf52.s
      Source file:   Device\Source\system_nrf52.c
      Include file:  Device\Include\system_nrf52.h

   * Component: NordicSemiconductor::nRF_Drivers:nrf_delay:4.0.0-2.alpha
      Source file:   delay\nrf_delay.c
      Include file:  delay\nrf_delay.h

   * Component: NordicSemiconductor::nRF_Drivers:nrf_gpio:4.0.0-2.alpha
      Include file:  hal\nrf_gpio.h

   * Component: NordicSemiconductor::nRF_Drivers:nrf_gpiote:4.0.0-2.alpha
      Include file:  hal\nrf_gpiote.h

   * Component: NordicSemiconductor::nRF_Drivers:nrf_clock:4.0.0-2.alpha
      Include file:  hal\nrf_clock.h

   * Component: NordicSemiconductor::nRF_Drivers:nrf_uart:4.0.0-2.alpha
      Include file:  hal\nrf_uart.h

   * Component: NordicSemiconductor::nRF_Drivers:nrf_error:No_softdevice:4.0.0-2.alpha

   * Component: NordicSemiconductor::nRF_Drivers:nrf_uarte:4.0.0-2.alpha
      Include file:  hal\nrf_uarte.h

   * Component: NordicSemiconductor::nRF_Drivers:nrf_twi:4.0.0-2.alpha
      Include file:  hal\nrf_twi.h

   * Component: NordicSemiconductor::nRF_Drivers:nrf_drv_uart:4.0.0-2.alpha
      Source file:   uart\nrf_drv_uart.c
      Include file:  uart\nrf_drv_uart.h
      Include file:  config\nrf_drv_config.h

   * Component: NordicSemiconductor::nRF_Drivers:nrf_drv_twi:4.0.0-2.alpha
      Source file:   twi_master\nrf_drv_twi.c
      Include file:  twi_master\nrf_drv_twi.h
      Include file:  config\nrf_drv_config.h

   * Component: NordicSemiconductor::nRF_Drivers:nrf_drv_gpiote:4.0.0-2.alpha
      Source file:   gpiote\nrf_drv_gpiote.c
      Include file:  gpiote\nrf_drv_gpiote.h
      Include file:  config\nrf_drv_config.h

   * Component: NordicSemiconductor::nRF_Drivers:nrf_drv_common:4.0.0-2.alpha
      Source file:   common\nrf_drv_common.c
      Include file:  common\nrf_drv_common.h
      Include file:  config\nrf_drv_config.h

   * Component: NordicSemiconductor::Board Support:bsp:Defines:11.0.0-2.alpha

   * Component: NordicSemiconductor::nRF_Libraries:app_error:4.0.0-2.alpha
      Source file:   util\app_error.c
      Include file:  util\app_error.h

   * Component: NordicSemiconductor::nRF_Libraries:nrf_assert:4.0.0-2.alpha
      Source file:   util\nrf_assert.c
      Include file:  util\nrf_assert.h

   * Component: NordicSemiconductor::nRF_Libraries:app_util:default:4.0.0-2.alpha

   * Component: NordicSemiconductor::nRF_Libraries:nordic_common:4.0.0-2.alpha

   * Component: NordicSemiconductor::nRF_Drivers:app_uart:default:4.0.0-2.alpha
      Source file:   uart\app_uart.c
      Include file:  uart\app_uart.h

   * Component: NordicSemiconductor::nRF_SoftDevice:Internal:softdevice_present:2.0.0-2.alpha
Build Time Elapsed:  00:00:04
</pre>
</body>
</html>
