Component: ARM Compiler 5.06 update 3 (build 300) Tool: armlink [4d35c9]

==============================================================================

Section Cross References

    main.o(i.assert_nrf_callback) refers to app_error.o(i.app_error_handler) for app_error_handler
    main.o(i.battery_level_meas_timeout_handler) refers to sensorsim.o(i.sensorsim_measure) for sensorsim_measure
    main.o(i.battery_level_meas_timeout_handler) refers to ble_bas.o(i.ble_bas_battery_level_update) for ble_bas_battery_level_update
    main.o(i.battery_level_meas_timeout_handler) refers to app_error.o(i.app_error_handler_bare) for app_error_handler_bare
    main.o(i.battery_level_meas_timeout_handler) refers to main.o(.bss) for .bss
    main.o(i.battery_level_meas_timeout_handler) refers to main.o(.data) for .data
    main.o(i.ble_evt_dispatch) refers to ble_bps.o(i.ble_bps_on_ble_evt) for ble_bps_on_ble_evt
    main.o(i.ble_evt_dispatch) refers to ble_bas.o(i.ble_bas_on_ble_evt) for ble_bas_on_ble_evt
    main.o(i.ble_evt_dispatch) refers to ble_conn_params.o(i.ble_conn_params_on_ble_evt) for ble_conn_params_on_ble_evt
    main.o(i.ble_evt_dispatch) refers to device_manager_peripheral.o(i.dm_ble_evt_handler) for dm_ble_evt_handler
    main.o(i.ble_evt_dispatch) refers to bsp_btn_ble.o(i.bsp_btn_ble_on_ble_evt) for bsp_btn_ble_on_ble_evt
    main.o(i.ble_evt_dispatch) refers to bsp.o(i.bsp_indication_set) for bsp_indication_set
    main.o(i.ble_evt_dispatch) refers to app_error.o(i.app_error_handler_bare) for app_error_handler_bare
    main.o(i.ble_evt_dispatch) refers to ble_advertising.o(i.ble_advertising_on_ble_evt) for ble_advertising_on_ble_evt
    main.o(i.ble_evt_dispatch) refers to main.o(.bss) for .bss
    main.o(i.ble_evt_dispatch) refers to main.o(.data) for .data
    main.o(i.ble_stack_init) refers to softdevice_handler.o(i.softdevice_handler_init) for softdevice_handler_init
    main.o(i.ble_stack_init) refers to app_error.o(i.app_error_handler_bare) for app_error_handler_bare
    main.o(i.ble_stack_init) refers to softdevice_handler.o(i.softdevice_enable_get_default_config) for softdevice_enable_get_default_config
    main.o(i.ble_stack_init) refers to softdevice_handler.o(i.sd_check_ram_start) for sd_check_ram_start
    main.o(i.ble_stack_init) refers to softdevice_handler.o(i.softdevice_enable) for softdevice_enable
    main.o(i.ble_stack_init) refers to softdevice_handler.o(i.softdevice_ble_evt_handler_set) for softdevice_ble_evt_handler_set
    main.o(i.ble_stack_init) refers to softdevice_handler.o(i.softdevice_sys_evt_handler_set) for softdevice_sys_evt_handler_set
    main.o(i.ble_stack_init) refers to main.o(.bss) for .bss
    main.o(i.ble_stack_init) refers to main.o(i.ble_evt_dispatch) for ble_evt_dispatch
    main.o(i.ble_stack_init) refers to main.o(i.sys_evt_dispatch) for sys_evt_dispatch
    main.o(i.blood_pressure_measurement_send) refers to ble_bps.o(i.ble_bps_is_indication_enabled) for ble_bps_is_indication_enabled
    main.o(i.blood_pressure_measurement_send) refers to app_error.o(i.app_error_handler_bare) for app_error_handler_bare
    main.o(i.blood_pressure_measurement_send) refers to main.o(i.bps_sim_measurement) for bps_sim_measurement
    main.o(i.blood_pressure_measurement_send) refers to ble_bps.o(i.ble_bps_measurement_send) for ble_bps_measurement_send
    main.o(i.blood_pressure_measurement_send) refers to main.o(.bss) for .bss
    main.o(i.blood_pressure_measurement_send) refers to main.o(.data) for .data
    main.o(i.bps_sim_measurement) refers to main.o(.data) for .data
    main.o(i.bps_sim_measurement) refers to main.o(.bss) for .bss
    main.o(i.bsp_event_handler) refers to main.o(i.blood_pressure_measurement_send) for blood_pressure_measurement_send
    main.o(i.bsp_event_handler) refers to main.o(i.sleep_mode_enter) for sleep_mode_enter
    main.o(i.bsp_event_handler) refers to app_error.o(i.app_error_handler_bare) for app_error_handler_bare
    main.o(i.bsp_event_handler) refers to ble_advertising.o(i.ble_advertising_restart_without_whitelist) for ble_advertising_restart_without_whitelist
    main.o(i.bsp_event_handler) refers to main.o(.data) for .data
    main.o(i.conn_params_error_handler) refers to app_error.o(i.app_error_handler_bare) for app_error_handler_bare
    main.o(i.device_manager_evt_handler) refers to app_error.o(i.app_error_handler_bare) for app_error_handler_bare
    main.o(i.device_manager_evt_handler) refers to ble_bps.o(i.ble_bps_is_indication_enabled) for ble_bps_is_indication_enabled
    main.o(i.device_manager_evt_handler) refers to main.o(i.blood_pressure_measurement_send) for blood_pressure_measurement_send
    main.o(i.device_manager_evt_handler) refers to main.o(.bss) for .bss
    main.o(i.device_manager_init) refers to pstorage.o(i.pstorage_init) for pstorage_init
    main.o(i.device_manager_init) refers to app_error.o(i.app_error_handler_bare) for app_error_handler_bare
[...]
    bps_sim_measurement                      0x0001cd65   Thumb Code   144  main.o(i.bps_sim_measurement)
    i.bsp_btn_ble_init                       0x0001cdfc   Section        0  bsp_btn_ble.o(i.bsp_btn_ble_init)
    i.bsp_btn_ble_on_ble_evt                 0x0001ce48   Section        0  bsp_btn_ble.o(i.bsp_btn_ble_on_ble_evt)
    i.bsp_btn_ble_sleep_mode_prepare         0x0001ceb8   Section        0  bsp_btn_ble.o(i.bsp_btn_ble_sleep_mode_prepare)
    i.bsp_button_event_handler               0x0001cecc   Section        0  bsp.o(i.bsp_button_event_handler)
    bsp_button_event_handler                 0x0001cecd   Thumb Code   154  bsp.o(i.bsp_button_event_handler)
    i.bsp_button_is_pressed                  0x0001cf74   Section        0  bsp.o(i.bsp_button_is_pressed)
    i.bsp_event_handler                      0x0001cfa0   Section        0  main.o(i.bsp_event_handler)
    bsp_event_handler                        0x0001cfa1   Thumb Code    76  main.o(i.bsp_event_handler)
    i.bsp_event_to_button_action_assign      0x0001cff0   Section        0  bsp.o(i.bsp_event_to_button_action_assign)
    i.bsp_indication_set                     0x0001d034   Section        0  bsp.o(i.bsp_indication_set)
    i.bsp_init                               0x0001d04c   Section        0  bsp.o(i.bsp_init)
    i.bsp_led_indication                     0x0001d0f0   Section        0  bsp.o(i.bsp_led_indication)
    bsp_led_indication                       0x0001d0f1   Thumb Code   536  bsp.o(i.bsp_led_indication)
    i.bsp_wakeup_buttons_set                 0x0001d314   Section        0  bsp.o(i.bsp_wakeup_buttons_set)
    i.button_timer_handler                   0x0001d350   Section        0  bsp.o(i.button_timer_handler)
    button_timer_handler                     0x0001d351   Thumb Code     8  bsp.o(i.button_timer_handler)
    i.channel_free                           0x0001d358   Section        0  nrf_drv_gpiote.o(i.channel_free)
    channel_free                             0x0001d359   Thumb Code    22  nrf_drv_gpiote.o(i.channel_free)
    i.channel_port_alloc                     0x0001d374   Section        0  nrf_drv_gpiote.o(i.channel_port_alloc)
    channel_port_alloc                       0x0001d375   Thumb Code    66  nrf_drv_gpiote.o(i.channel_port_alloc)
    i.channel_port_get                       0x0001d3bc   Section        0  nrf_drv_gpiote.o(i.channel_port_get)
    channel_port_get                         0x0001d3bd   Thumb Code    10  nrf_drv_gpiote.o(i.channel_port_get)
    i.char_add                               0x0001d3cc   Section        0  ble_dis.o(i.char_add)
    char_add                                 0x0001d3cd   Thumb Code   156  ble_dis.o(i.char_add)
    i.clear_operation_execute                0x0001d46c   Section        0  pstorage.o(i.clear_operation_execute)
    clear_operation_execute                  0x0001d46d   Thumb Code   244  pstorage.o(i.clear_operation_execute)
    i.clear_post_processing_run              0x0001d568   Section        0  pstorage.o(i.clear_post_processing_run)
    clear_post_processing_run                0x0001d569   Thumb Code    28  pstorage.o(i.clear_post_processing_run)
    i.cmd_process                            0x0001d588   Section        0  pstorage.o(i.cmd_process)
    cmd_process                              0x0001d589   Thumb Code    44  pstorage.o(i.cmd_process)
    i.cmd_queue_element_init                 0x0001d5bc   Section        0  pstorage.o(i.cmd_queue_element_init)
    cmd_queue_element_init                   0x0001d5bd   Thumb Code    28  pstorage.o(i.cmd_queue_element_init)
    i.cmd_queue_enqueue                      0x0001d5dc   Section        0  pstorage.o(i.cmd_queue_enqueue)
    cmd_queue_enqueue                        0x0001d5dd   Thumb Code    74  pstorage.o(i.cmd_queue_enqueue)
    i.command_end_procedure_run              0x0001d630   Section        0  pstorage.o(i.command_end_procedure_run)
    command_end_procedure_run                0x0001d631   Thumb Code    60  pstorage.o(i.command_end_procedure_run)
    i.compare_reg_update                     0x0001d670   Section        0  app_timer.o(i.compare_reg_update)
    compare_reg_update                       0x0001d671   Thumb Code   160  app_timer.o(i.compare_reg_update)
    i.conn_int_encode                        0x0001d71c   Section        0  ble_advdata.o(i.conn_int_encode)
    conn_int_encode                          0x0001d71d   Thumb Code   136  ble_advdata.o(i.conn_int_encode)
    i.conn_params_error_handler              0x0001d7a4   Section        0  main.o(i.conn_params_error_handler)
    conn_params_error_handler                0x0001d7a5   Thumb Code     4  main.o(i.conn_params_error_handler)
    i.conn_params_negotiation                0x0001d7a8   Section        0  ble_conn_params.o(i.conn_params_negotiation)
    conn_params_negotiation                  0x0001d7a9   Thumb Code    78  ble_conn_params.o(i.conn_params_negotiation)
    i.connection_instance_find               0x0001d804   Section        0  device_manager_peripheral.o(i.connection_instance_find)
    connection_instance_find                 0x0001d805   Thumb Code    40  device_manager_peripheral.o(i.connection_instance_find)
    i.connection_instance_init               0x0001d830   Section        0  device_manager_peripheral.o(i.connection_instance_init)
    connection_instance_init                 0x0001d831   Thumb Code    34  device_manager_peripheral.o(i.connection_instance_init)
    i.data_page_erase_state_run              0x0001d858   Section        0  pstorage.o(i.data_page_erase_state_run)
    data_page_erase_state_run                0x0001d859   Thumb Code    80  pstorage.o(i.data_page_erase_state_run)
    i.data_to_swap_write_state_run           0x0001d8ac   Section        0  pstorage.o(i.data_to_swap_write_state_run)
    data_to_swap_write_state_run             0x0001d8ad   Thumb Code    28  pstorage.o(i.data_to_swap_write_state_run)
    i.detection_delay_timeout_handler        0x0001d8cc   Section        0  app_button.o(i.detection_delay_timeout_handler)
    detection_delay_timeout_handler          0x0001d8cd   Thumb Code    92  app_button.o(i.detection_delay_timeout_handler)
    i.device_context_store                   0x0001d92c   Section        0  device_manager_peripheral.o(i.device_context_store)
    device_context_store                     0x0001d92d   Thumb Code   162  device_manager_peripheral.o(i.device_context_store)
    i.device_instance_find                   0x0001d9ec   Section        0  device_manager_peripheral.o(i.device_instance_find)
    device_instance_find                     0x0001d9ed   Thumb Code    66  device_manager_peripheral.o(i.device_instance_find)
    i.device_instance_free                   0x0001da34   Section        0  device_manager_peripheral.o(i.device_instance_free)
    device_instance_free                     0x0001da35   Thumb Code    40  device_manager_peripheral.o(i.device_instance_free)
    i.device_manager_evt_handler             0x0001da60   Section        0  main.o(i.device_manager_evt_handler)
    device_manager_evt_handler               0x0001da61   Thumb Code    46  main.o(i.device_manager_evt_handler)
    i.device_manager_init                    0x0001da94   Section        0  main.o(i.device_manager_init)
    device_manager_init                      0x0001da95   Thumb Code   100  main.o(i.device_manager_init)
    i.dm_ble_evt_handler                     0x0001db00   Section        0  device_manager_peripheral.o(i.dm_ble_evt_handler)
    i.dm_handle_initialize                   0x0001df58   Section        0  device_manager_peripheral.o(i.dm_handle_initialize)
    i.dm_init                                0x0001df70   Section        0  device_manager_peripheral.o(i.dm_init)
    i.dm_pstorage_cb_handler                 0x0001e038   Section        0  device_manager_peripheral.o(i.dm_pstorage_cb_handler)
    dm_pstorage_cb_handler                   0x0001e039   Thumb Code   344  device_manager_peripheral.o(i.dm_pstorage_cb_handler)
    i.dm_register                            0x0001e19c   Section        0  device_manager_peripheral.o(i.dm_register)
    i.elapsed_ticks_acquire                  0x0001e200   Section        0  app_timer.o(i.elapsed_ticks_acquire)
    elapsed_ticks_acquire                    0x0001e201   Thumb Code    58  app_timer.o(i.elapsed_ticks_acquire)
    i.flash_api_err_code_process             0x0001e240   Section        0  pstorage.o(i.flash_api_err_code_process)
    flash_api_err_code_process               0x0001e241   Thumb Code    24  pstorage.o(i.flash_api_err_code_process)
    i.flash_operation_success_run            0x0001e25c   Section        0  pstorage.o(i.flash_operation_success_run)
    flash_operation_success_run              0x0001e25d   Thumb Code   126  pstorage.o(i.flash_operation_success_run)
    i.flash_page_erase                       0x0001e2e8   Section        0  pstorage.o(i.flash_page_erase)
    flash_page_erase                         0x0001e2e9   Thumb Code     6  pstorage.o(i.flash_page_erase)
    i.flash_write                            0x0001e2ee   Section        0  pstorage.o(i.flash_write)
    flash_write                              0x0001e2ef   Thumb Code     6  pstorage.o(i.flash_write)
    i.gap_params_init                        0x0001e2f4   Section        0  main.o(i.gap_params_init)
    gap_params_init                          0x0001e2f5   Thumb Code    90  main.o(i.gap_params_init)
    i.gattc_context_apply                    0x0001e35c   Section        0  device_manager_peripheral.o(i.gattc_context_apply)
    gattc_context_apply                      0x0001e35d   Thumb Code     4  device_manager_peripheral.o(i.gattc_context_apply)
    i.gattc_context_load                     0x0001e360   Section        0  device_manager_peripheral.o(i.gattc_context_load)
    gattc_context_load                       0x0001e361   Thumb Code     4  device_manager_peripheral.o(i.gattc_context_load)
    i.gattc_context_store                    0x0001e364   Section        0  device_manager_peripheral.o(i.gattc_context_store)
    gattc_context_store                      0x0001e365   Thumb Code     4  device_manager_peripheral.o(i.gattc_context_store)
    i.gatts_context_apply                    0x0001e368   Section        0  device_manager_peripheral.o(i.gatts_context_apply)
    gatts_context_apply                      0x0001e369   Thumb Code   176  device_manager_peripheral.o(i.gatts_context_apply)
    i.gatts_context_load                     0x0001e41c   Section        0  device_manager_peripheral.o(i.gatts_context_load)
    gatts_context_load                       0x0001e41d   Thumb Code    50  device_manager_peripheral.o(i.gatts_context_load)
    i.gatts_context_store                    0x0001e454   Section        0  device_manager_peripheral.o(i.gatts_context_store)
    gatts_context_store                      0x0001e455   Thumb Code   186  device_manager_peripheral.o(i.gatts_context_store)
    i.gattsc_context_apply                   0x0001e51c   Section        0  device_manager_peripheral.o(i.gattsc_context_apply)
    gattsc_context_apply                     0x0001e51d   Thumb Code     4  device_manager_peripheral.o(i.gattsc_context_apply)
    i.gattsc_context_load                    0x0001e520   Section        0  device_manager_peripheral.o(i.gattsc_context_load)
    gattsc_context_load                      0x0001e521   Thumb Code     4  device_manager_peripheral.o(i.gattsc_context_load)
    i.gattsc_context_store                   0x0001e524   Section        0  device_manager_peripheral.o(i.gattsc_context_store)
    gattsc_context_store                     0x0001e525   Thumb Code     4  device_manager_peripheral.o(i.gattsc_context_store)
    i.gpiote_event_handler                   0x0001e528   Section        0  app_button.o(i.gpiote_event_handler)
    gpiote_event_handler                     0x0001e529   Thumb Code    78  app_button.o(i.gpiote_event_handler)
    i.head_restore_state_run                 0x0001e580   Section        0  pstorage.o(i.head_restore_state_run)
    head_restore_state_run                   0x0001e581   Thumb Code   110  pstorage.o(i.head_restore_state_run)
    i.intern_softdevice_events_execute       0x0001e5f8   Section        0  softdevice_handler.o(i.intern_softdevice_events_execute)
    i.is_conn_params_ok                      0x0001e668   Section        0  ble_conn_params.o(i.is_conn_params_ok)
    is_conn_params_ok                        0x0001e669   Thumb Code    24  ble_conn_params.o(i.is_conn_params_ok)
    i.is_page_erase_required                 0x0001e684   Section        0  pstorage.o(i.is_page_erase_required)
    is_page_erase_required                   0x0001e685   Thumb Code    60  pstorage.o(i.is_page_erase_required)
    i.is_word_aligned                        0x0001e6c8   Section        0  pstorage.o(i.is_word_aligned)
    is_word_aligned                          0x0001e6c9   Thumb Code    12  pstorage.o(i.is_word_aligned)
    i.le_role_encode                         0x0001e6d4   Section        0  ble_advdata.o(i.le_role_encode)
    le_role_encode                           0x0001e6d5   Thumb Code    84  ble_advdata.o(i.le_role_encode)
    i.leds_timer_handler                     0x0001e728   Section        0  bsp.o(i.leds_timer_handler)
    leds_timer_handler                       0x0001e729   Thumb Code    16  bsp.o(i.leds_timer_handler)
    i.list_deletions_handler                 0x0001e73c   Section        0  app_timer.o(i.list_deletions_handler)
    list_deletions_handler                   0x0001e73d   Thumb Code   178  app_timer.o(i.list_deletions_handler)
    i.list_insertions_handler                0x0001e7f8   Section        0  app_timer.o(i.list_insertions_handler)
    list_insertions_handler                  0x0001e7f9   Thumb Code   196  app_timer.o(i.list_insertions_handler)
    i.main                                   0x0001e8c4   Section        0  main.o(i.main)
    i.main_state_err_busy_process            0x0001e9fc   Section        0  pstorage.o(i.main_state_err_busy_process)
    main_state_err_busy_process              0x0001e9fd   Thumb Code    16  pstorage.o(i.main_state_err_busy_process)
    i.manuf_specific_data_encode             0x0001ea10   Section        0  ble_advdata.o(i.manuf_specific_data_encode)
    manuf_specific_data_encode               0x0001ea11   Thumb Code   100  ble_advdata.o(i.manuf_specific_data_encode)
    i.name_encode                            0x0001ea74   Section        0  ble_advdata.o(i.name_encode)
    name_encode                              0x0001ea75   Thumb Code   156  ble_advdata.o(i.name_encode)
    i.no_service_context_apply               0x0001eb10   Section        0  device_manager_peripheral.o(i.no_service_context_apply)
    no_service_context_apply                 0x0001eb11   Thumb Code     4  device_manager_peripheral.o(i.no_service_context_apply)
    i.no_service_context_load                0x0001eb14   Section        0  device_manager_peripheral.o(i.no_service_context_load)
    no_service_context_load                  0x0001eb15   Thumb Code     4  device_manager_peripheral.o(i.no_service_context_load)
    i.no_service_context_store               0x0001eb18   Section        0  device_manager_peripheral.o(i.no_service_context_store)
    no_service_context_store                 0x0001eb19   Thumb Code     4  device_manager_peripheral.o(i.no_service_context_store)
    i.nrf_drv_common_irq_enable              0x0001eb1c   Section        0  nrf_drv_common.o(i.nrf_drv_common_irq_enable)
    i.nrf_drv_gpiote_in_event_enable         0x0001eb54   Section        0  nrf_drv_gpiote.o(i.nrf_drv_gpiote_in_event_enable)
    i.nrf_drv_gpiote_in_init                 0x0001ebf8   Section        0  nrf_drv_gpiote.o(i.nrf_drv_gpiote_in_init)
    i.nrf_drv_gpiote_in_is_set               0x0001ecb0   Section        0  nrf_drv_gpiote.o(i.nrf_drv_gpiote_in_is_set)
    i.nrf_drv_gpiote_init                    0x0001ecc4   Section        0  nrf_drv_gpiote.o(i.nrf_drv_gpiote_init)
    i.nrf_drv_gpiote_is_init                 0x0001ed18   Section        0  nrf_drv_gpiote.o(i.nrf_drv_gpiote_is_init)
    i.nrf_gpio_cfg                           0x0001ed2c   Section        0  nrf_drv_gpiote.o(i.nrf_gpio_cfg)
    nrf_gpio_cfg                             0x0001ed2d   Thumb Code    34  nrf_drv_gpiote.o(i.nrf_gpio_cfg)
    i.nrf_gpio_cfg_sense_set                 0x0001ed4e   Section        0  nrf_drv_gpiote.o(i.nrf_gpio_cfg_sense_set)
    nrf_gpio_cfg_sense_set                   0x0001ed4f   Thumb Code    28  nrf_drv_gpiote.o(i.nrf_gpio_cfg_sense_set)
    i.nrf_gpiote_event_clear                 0x0001ed6c   Section        0  nrf_drv_gpiote.o(i.nrf_gpiote_event_clear)
    nrf_gpiote_event_clear                   0x0001ed6d   Thumb Code    16  nrf_drv_gpiote.o(i.nrf_gpiote_event_clear)
    i.nrf_gpiote_event_is_set                0x0001ed80   Section        0  nrf_drv_gpiote.o(i.nrf_gpiote_event_is_set)
    nrf_gpiote_event_is_set                  0x0001ed81   Thumb Code    12  nrf_drv_gpiote.o(i.nrf_gpiote_event_is_set)
    i.nrf_uart_event_check                   0x0001ed90   Section        0  nrf_drv_uart.o(i.nrf_uart_event_check)
    nrf_uart_event_check                     0x0001ed91   Thumb Code    10  nrf_drv_uart.o(i.nrf_uart_event_check)
    i.nrf_uart_int_enable_check              0x0001ed9a   Section        0  nrf_drv_uart.o(i.nrf_uart_int_enable_check)
    nrf_uart_int_enable_check                0x0001ed9b   Thumb Code    12  nrf_drv_uart.o(i.nrf_uart_int_enable_check)
    i.nrf_uarte_event_check                  0x0001eda6   Section        0  nrf_drv_uart.o(i.nrf_uarte_event_check)
    nrf_uarte_event_check                    0x0001eda7   Thumb Code    10  nrf_drv_uart.o(i.nrf_uarte_event_check)
    i.on_adv_evt                             0x0001edb0   Section        0  main.o(i.on_adv_evt)
    on_adv_evt                               0x0001edb1   Thumb Code    36  main.o(i.on_adv_evt)
    i.on_bps_evt                             0x0001edd4   Section        0  main.o(i.on_bps_evt)
    on_bps_evt                               0x0001edd5   Thumb Code    20  main.o(i.on_bps_evt)
    i.on_conn_params_evt                     0x0001edec   Section        0  main.o(i.on_conn_params_evt)
    on_conn_params_evt                       0x0001eded   Thumb Code    24  main.o(i.on_conn_params_evt)
    i.peer_address_exists                    0x0001ee08   Section        0  ble_advertising.o(i.peer_address_exists)
    peer_address_exists                      0x0001ee09   Thumb Code    20  ble_advertising.o(i.peer_address_exists)
    i.peer_instance_init                     0x0001ee1c   Section        0  device_manager_peripheral.o(i.peer_instance_init)
    peer_instance_init                       0x0001ee1d   Thumb Code    54  device_manager_peripheral.o(i.peer_instance_init)
    i.pin_in_use_by_port                     0x0001ee58   Section        0  nrf_drv_gpiote.o(i.pin_in_use_by_port)
    pin_in_use_by_port                       0x0001ee59   Thumb Code    20  nrf_drv_gpiote.o(i.pin_in_use_by_port)
    i.pin_in_use_by_te                       0x0001ee70   Section        0  nrf_drv_gpiote.o(i.pin_in_use_by_te)
    pin_in_use_by_te                         0x0001ee71   Thumb Code    20  nrf_drv_gpiote.o(i.pin_in_use_by_te)
    i.pnp_id_encode                          0x0001ee88   Section        0  ble_dis.o(i.pnp_id_encode)
    pnp_id_encode                            0x0001ee89   Thumb Code    52  ble_dis.o(i.pnp_id_encode)
    i.pstorage_access_status_get             0x0001eebc   Section        0  pstorage.o(i.pstorage_access_status_get)
    i.pstorage_block_identifier_get          0x0001eee0   Section        0  pstorage.o(i.pstorage_block_identifier_get)
    i.pstorage_clear                         0x0001ef2c   Section        0  pstorage.o(i.pstorage_clear)
    i.pstorage_flash_page_end                0x0001efc0   Section        0  pstorage.o(i.pstorage_flash_page_end)
    pstorage_flash_page_end                  0x0001efc1   Thumb Code    30  pstorage.o(i.pstorage_flash_page_end)
    i.pstorage_flash_page_size               0x0001efde   Section        0  pstorage.o(i.pstorage_flash_page_size)
    pstorage_flash_page_size                 0x0001efdf   Thumb Code    10  pstorage.o(i.pstorage_flash_page_size)
    i.pstorage_init                          0x0001efe8   Section        0  pstorage.o(i.pstorage_init)
    i.pstorage_load                          0x0001f034   Section        0  pstorage.o(i.pstorage_load)
    i.pstorage_register                      0x0001f0d0   Section        0  pstorage.o(i.pstorage_register)
    i.pstorage_store                         0x0001f184   Section        0  pstorage.o(i.pstorage_store)
    i.pstorage_sys_event_handler             0x0001f204   Section        0  pstorage.o(i.pstorage_sys_event_handler)
    i.pstorage_update                        0x0001f24c   Section        0  pstorage.o(i.pstorage_update)
    i.rtc1_stop                              0x0001f2cc   Section        0  app_timer.o(i.rtc1_stop)
    rtc1_stop                                0x0001f2cd   Thumb Code    52  app_timer.o(i.rtc1_stop)
    i.rx_byte                                0x0001f308   Section        0  nrf_drv_uart.o(i.rx_byte)
    rx_byte                                  0x0001f309   Thumb Code    38  nrf_drv_uart.o(i.rx_byte)
    i.rx_done_event                          0x0001f338   Section        0  nrf_drv_uart.o(i.rx_done_event)
    rx_done_event                            0x0001f339   Thumb Code    26  nrf_drv_uart.o(i.rx_done_event)
    i.sd_check_ram_start                     0x0001f358   Section        0  softdevice_handler.o(i.sd_check_ram_start)
    i.sensor_simulator_init                  0x0001f368   Section        0  main.o(i.sensor_simulator_init)
    sensor_simulator_init                    0x0001f369   Thumb Code   142  main.o(i.sensor_simulator_init)
    i.sensorsim_decrement                    0x0001f400   Section        0  sensorsim.o(i.sensorsim_decrement)
    i.sensorsim_increment                    0x0001f41c   Section        0  sensorsim.o(i.sensorsim_increment)
    i.sensorsim_init                         0x0001f438   Section        0  sensorsim.o(i.sensorsim_init)
    i.sensorsim_measure                      0x0001f44e   Section        0  sensorsim.o(i.sensorsim_measure)
    i.service_data_encode                    0x0001f468   Section        0  ble_advdata.o(i.service_data_encode)
    service_data_encode                      0x0001f469   Thumb Code   136  ble_advdata.o(i.service_data_encode)
    i.services_init                          0x0001f4f0   Section        0  main.o(i.services_init)
    services_init                            0x0001f4f1   Thumb Code   312  main.o(i.services_init)
    i.sleep_mode_enter                       0x0001f65c   Section        0  main.o(i.sleep_mode_enter)
    sleep_mode_enter                         0x0001f65d   Thumb Code    40  main.o(i.sleep_mode_enter)
    i.sm_state_change                        0x0001f684   Section        0  pstorage.o(i.sm_state_change)
    sm_state_change                          0x0001f685   Thumb Code    52  pstorage.o(i.sm_state_change)
    i.softdevice_ble_evt_handler_set         0x0001f6c0   Section        0  softdevice_handler.o(i.softdevice_ble_evt_handler_set)
    i.softdevice_enable                      0x0001f6d4   Section        0  softdevice_handler.o(i.softdevice_enable)
    i.softdevice_enable_get_default_config   0x0001f6e8   Section        0  softdevice_handler.o(i.softdevice_enable_get_default_config)
    i.softdevice_fault_handler               0x0001f70e   Section        0  softdevice_handler.o(i.softdevice_fault_handler)
    i.softdevice_handler_init                0x0001f714   Section        0  softdevice_handler.o(i.softdevice_handler_init)
    i.softdevice_sys_evt_handler_set         0x0001f744   Section        0  softdevice_handler.o(i.softdevice_sys_evt_handler_set)
    i.state_data_erase_swap_entry_run        0x0001f758   Section        0  pstorage.o(i.state_data_erase_swap_entry_run)
    state_data_erase_swap_entry_run          0x0001f759   Thumb Code    96  pstorage.o(i.state_data_erase_swap_entry_run)
    i.state_erase_data_page_entry_run        0x0001f7c0   Section        0  pstorage.o(i.state_erase_data_page_entry_run)
    state_erase_data_page_entry_run          0x0001f7c1   Thumb Code     8  pstorage.o(i.state_erase_data_page_entry_run)
    i.state_restore_head_entry_run           0x0001f7cc   Section        0  pstorage.o(i.state_restore_head_entry_run)
    state_restore_head_entry_run             0x0001f7cd   Thumb Code    38  pstorage.o(i.state_restore_head_entry_run)
    i.state_restore_tail_entry_run           0x0001f7f8   Section        0  pstorage.o(i.state_restore_tail_entry_run)
    state_restore_tail_entry_run             0x0001f7f9   Thumb Code    72  pstorage.o(i.state_restore_tail_entry_run)
    i.state_swap_erase_entry_run             0x0001f848   Section        0  pstorage.o(i.state_swap_erase_entry_run)
    state_swap_erase_entry_run               0x0001f849   Thumb Code    30  pstorage.o(i.state_swap_erase_entry_run)
    i.state_write_data_swap_entry_run        0x0001f868   Section        0  pstorage.o(i.state_write_data_swap_entry_run)
    state_write_data_swap_entry_run          0x0001f869   Thumb Code    44  pstorage.o(i.state_write_data_swap_entry_run)
    i.storage_operation_dummy_handler        0x0001f898   Section        0  device_manager_peripheral.o(i.storage_operation_dummy_handler)
    storage_operation_dummy_handler          0x0001f899   Thumb Code     4  device_manager_peripheral.o(i.storage_operation_dummy_handler)
    i.store_cmd_flash_write_execute          0x0001f89c   Section        0  pstorage.o(i.store_cmd_flash_write_execute)
    store_cmd_flash_write_execute            0x0001f89d   Thumb Code    84  pstorage.o(i.store_cmd_flash_write_execute)
    i.swap_erase_state_run                   0x0001f8f8   Section        0  pstorage.o(i.swap_erase_state_run)
    swap_erase_state_run                     0x0001f8f9   Thumb Code    18  pstorage.o(i.swap_erase_state_run)
    i.swap_sub_state_err_busy_process        0x0001f910   Section        0  pstorage.o(i.swap_sub_state_err_busy_process)
    swap_sub_state_err_busy_process          0x0001f911   Thumb Code    16  pstorage.o(i.swap_sub_state_err_busy_process)
    i.swap_sub_state_state_change            0x0001f924   Section        0  pstorage.o(i.swap_sub_state_state_change)
    swap_sub_state_state_change              0x0001f925   Thumb Code    12  pstorage.o(i.swap_sub_state_state_change)
    i.sys_evt_dispatch                       0x0001f938   Section        0  main.o(i.sys_evt_dispatch)
    sys_evt_dispatch                         0x0001f939   Thumb Code    18  main.o(i.sys_evt_dispatch)
    i.sys_id_encode                          0x0001f94a   Section        0  ble_dis.o(i.sys_id_encode)
    sys_id_encode                            0x0001f94b   Thumb Code    66  ble_dis.o(i.sys_id_encode)
    i.tail_restore_state_run                 0x0001f98c   Section        0  pstorage.o(i.tail_restore_state_run)
    tail_restore_state_run                   0x0001f98d   Thumb Code    16  pstorage.o(i.tail_restore_state_run)
    i.timer_list_handler                     0x0001f9a0   Section        0  app_timer.o(i.timer_list_handler)
    timer_list_handler                       0x0001f9a1   Thumb Code   134  app_timer.o(i.timer_list_handler)
    i.timer_list_insert                      0x0001fa2c   Section        0  app_timer.o(i.timer_list_insert)
    timer_list_insert                        0x0001fa2d   Thumb Code    56  app_timer.o(i.timer_list_insert)
    i.timer_timeouts_check                   0x0001fa68   Section        0  app_timer.o(i.timer_timeouts_check)
    timer_timeouts_check                     0x0001fa69   Thumb Code   124  app_timer.o(i.timer_timeouts_check)
    i.tx_byte                                0x0001faec   Section        0  nrf_drv_uart.o(i.tx_byte)
    tx_byte                                  0x0001faed   Thumb Code    28  nrf_drv_uart.o(i.tx_byte)
    i.tx_done_event                          0x0001fb10   Section        0  nrf_drv_uart.o(i.tx_done_event)
    tx_done_event                            0x0001fb11   Thumb Code    30  nrf_drv_uart.o(i.tx_done_event)
    i.uart_irq_handler                       0x0001fb34   Section        0  nrf_drv_uart.o(i.uart_irq_handler)
    uart_irq_handler                         0x0001fb35   Thumb Code   254  nrf_drv_uart.o(i.uart_irq_handler)
    i.uarte_irq_handler                      0x0001fc3c   Section        0  nrf_drv_uart.o(i.uarte_irq_handler)
    uarte_irq_handler                        0x0001fc3d   Thumb Code   206  nrf_drv_uart.o(i.uarte_irq_handler)
    i.uint16_encode                          0x0001fd14   Section        0  ble_advdata.o(i.uint16_encode)
    uint16_encode                            0x0001fd15   Thumb Code    10  ble_advdata.o(i.uint16_encode)
    i.uint16_encode                          0x0001fd1e   Section        0  ble_bps.o(i.uint16_encode)
    uint16_encode                            0x0001fd1f   Thumb Code    10  ble_bps.o(i.uint16_encode)
    i.update_status_bit_reset                0x0001fd28   Section        0  device_manager_peripheral.o(i.update_status_bit_reset)
    update_status_bit_reset                  0x0001fd29   Thumb Code    14  device_manager_peripheral.o(i.update_status_bit_reset)
    i.update_timeout_handler                 0x0001fd3c   Section        0  ble_conn_params.o(i.update_timeout_handler)
    update_timeout_handler                   0x0001fd3d   Thumb Code    88  ble_conn_params.o(i.update_timeout_handler)
    i.user_id_get                            0x0001fd9c   Section        0  app_timer.o(i.user_id_get)
    user_id_get                              0x0001fd9d   Thumb Code    62  app_timer.o(i.user_id_get)
    i.user_op_alloc                          0x0001fde0   Section        0  app_timer.o(i.user_op_alloc)
    user_op_alloc                            0x0001fde1   Thumb Code    40  app_timer.o(i.user_op_alloc)
    i.uuid_list_encode                       0x0001fe08   Section        0  ble_advdata.o(i.uuid_list_encode)
    uuid_list_encode                         0x0001fe09   Thumb Code    48  ble_advdata.o(i.uuid_list_encode)
    i.uuid_list_sized_encode                 0x0001fe38   Section        0  ble_advdata.o(i.uuid_list_sized_encode)
    uuid_list_sized_encode                   0x0001fe39   Thumb Code   158  ble_advdata.o(i.uuid_list_sized_encode)
    i.whitelist_has_entries                  0x0001fed6   Section        0  ble_advertising.o(i.whitelist_has_entries)
    whitelist_has_entries                    0x0001fed7   Thumb Code    14  ble_advertising.o(i.whitelist_has_entries)
    .constdata                               0x0001fee4   Section        4  main.o(.constdata)
    m_battery_timer_id                       0x0001fee4   Data           4  main.o(.constdata)
    .constdata                               0x0001fee8   Section       60  bsp.o(.constdata)
    m_leds_timer_id                          0x0001fee8   Data           4  bsp.o(.constdata)
    m_alert_timer_id                         0x0001feec   Data           4  bsp.o(.constdata)
    m_button_timer_id                        0x0001fef0   Data           4  bsp.o(.constdata)
    m_buttons_list                           0x0001fef4   Data          16  bsp.o(.constdata)
    app_buttons                              0x0001ff04   Data          32  bsp.o(.constdata)
    .constdata                               0x0001ff24   Section        4  ble_conn_params.o(.constdata)
    m_conn_params_timer_id                   0x0001ff24   Data           4  ble_conn_params.o(.constdata)
    .constdata                               0x0001ff28   Section       48  device_manager_peripheral.o(.constdata)
    .constdata                               0x0001ff58   Section       40  pstorage.o(.constdata)
    swap_sub_state_sm_lut                    0x0001ff58   Data          20  pstorage.o(.constdata)
    swap_sub_state_sm_lut                    0x0001ff6c   Data          20  pstorage.o(.constdata)
    .constdata                               0x0001ff80   Section        8  app_button.o(.constdata)
    m_detection_delay_timer_id               0x0001ff80   Data           4  app_button.o(.constdata)
    .data                                    0x20001f00   Section       36  main.o(.data)
    m_bps_meas_ind_conf_pending              0x20001f00   Data           1  main.o(.data)
    s_ndx                                    0x20001f01   Data           1  main.o(.data)
    m_app_handle                             0x20001f02   Data           1  main.o(.data)
    m_conn_handle                            0x20001f04   Data           2  main.o(.data)
    s_time_stamp                             0x20001f06   Data           8  main.o(.data)
    m_battery_sim_state                      0x20001f10   Data           8  main.o(.data)
    m_adv_uuids                              0x20001f18   Data          12  main.o(.data)
    .data                                    0x20001f24   Section       24  bsp.o(.data)
    m_stable_state                           0x20001f24   Data           1  bsp.o(.data)
    current_long_push_pin_no                 0x20001f25   Data           1  bsp.o(.data)
    m_app_ticks_per_100ms                    0x20001f28   Data           4  bsp.o(.data)
    m_indication_type                        0x20001f2c   Data           4  bsp.o(.data)
    m_alert_mask                             0x20001f30   Data           4  bsp.o(.data)
    m_registered_callback                    0x20001f34   Data           4  bsp.o(.data)
    release_event_at_push                    0x20001f38   Data           4  bsp.o(.data)
    .data                                    0x20001f3c   Section        8  bsp_btn_ble.o(.data)
    m_error_handler                          0x20001f3c   Data           4  bsp_btn_ble.o(.data)
    m_num_connections                        0x20001f40   Data           4  bsp_btn_ble.o(.data)
    .data                                    0x20001f44   Section        4  system_nrf52.o(.data)
    __tagsym$$used                           0x20001f44   Number         0  system_nrf52.o(.data)
    .data                                    0x20001f48   Section       31  ble_advertising.o(.data)
    m_advertising_start_pending              0x20001f48   Data           1  ble_advertising.o(.data)
    m_whitelist_temporarily_disabled         0x20001f49   Data           1  ble_advertising.o(.data)
    m_whitelist_reply_expected               0x20001f4a   Data           1  ble_advertising.o(.data)
    m_peer_addr_reply_expected               0x20001f4b   Data           1  ble_advertising.o(.data)
    m_adv_evt                                0x20001f4c   Data           1  ble_advertising.o(.data)
    m_adv_mode_current                       0x20001f4d   Data           1  ble_advertising.o(.data)
    m_tx_power_level                         0x20001f4e   Data           1  ble_advertising.o(.data)
    current_slave_link_conn_handle           0x20001f50   Data           2  ble_advertising.o(.data)
    m_evt_handler                            0x20001f54   Data           4  ble_advertising.o(.data)
    m_error_handler                          0x20001f58   Data           4  ble_advertising.o(.data)
    m_slave_conn_int                         0x20001f5c   Data           4  ble_advertising.o(.data)
    m_peer_address                           0x20001f60   Data           7  ble_advertising.o(.data)
    .data                                    0x20001f68   Section       20  ble_conn_params.o(.data)
    m_change_param                           0x20001f68   Data           1  ble_conn_params.o(.data)
    m_update_count                           0x20001f69   Data           1  ble_conn_params.o(.data)
    m_conn_handle                            0x20001f6a   Data           2  ble_conn_params.o(.data)
    m_preferred_conn_params                  0x20001f6c   Data           8  ble_conn_params.o(.data)
    m_current_conn_params                    0x20001f74   Data           8  ble_conn_params.o(.data)
    .data                                    0x20001f7c   Section       74  ble_dis.o(.data)
    service_handle                           0x20001f7c   Data           2  ble_dis.o(.data)
    manufact_name_handles                    0x20001f7e   Data           8  ble_dis.o(.data)
    model_num_handles                        0x20001f86   Data           8  ble_dis.o(.data)
    serial_num_handles                       0x20001f8e   Data           8  ble_dis.o(.data)
    hw_rev_handles                           0x20001f96   Data           8  ble_dis.o(.data)
    fw_rev_handles                           0x20001f9e   Data           8  ble_dis.o(.data)
    sw_rev_handles                           0x20001fa6   Data           8  ble_dis.o(.data)
    sys_id_handles                           0x20001fae   Data           8  ble_dis.o(.data)
    reg_cert_data_list_handles               0x20001fb6   Data           8  ble_dis.o(.data)
    pnp_id_handles                           0x20001fbe   Data           8  ble_dis.o(.data)
    .data                                    0x20001fc8   Section       24  device_manager_peripheral.o(.data)
    m_module_initialized                     0x20001fc8   Data           1  device_manager_peripheral.o(.data)
    m_peer_addr_update                       0x20001fcc   Data           4  device_manager_peripheral.o(.data)
    m_irk_index_table                        0x20001fd0   Data           7  device_manager_peripheral.o(.data)
    m_storage_handle                         0x20001fd8   Data           8  device_manager_peripheral.o(.data)
    .data                                    0x20001fe0   Section       36  pstorage.o(.data)
    m_state                                  0x20001fe0   Data           1  pstorage.o(.data)
    m_swap_sub_state                         0x20001fe1   Data           1  pstorage.o(.data)
    m_next_app_instance                      0x20001fe2   Data           2  pstorage.o(.data)
    m_flags                                  0x20001fe4   Data           4  pstorage.o(.data)
    m_next_page_addr                         0x20001fe8   Data           4  pstorage.o(.data)
    m_head_word_size                         0x20001fec   Data           4  pstorage.o(.data)
    m_tail_word_size                         0x20001ff0   Data           4  pstorage.o(.data)
    m_current_page_id                        0x20001ff4   Data           4  pstorage.o(.data)
    m_num_of_command_retries                 0x20001ff8   Data           4  pstorage.o(.data)
    m_num_of_bytes_written                   0x20001ffc   Data           4  pstorage.o(.data)
    m_app_data_size                          0x20002000   Data           4  pstorage.o(.data)
    .data                                    0x20002004   Section       20  app_button.o(.data)
    m_button_count                           0x20002004   Data           1  app_button.o(.data)
    mp_buttons                               0x20002008   Data           4  app_button.o(.data)
    m_detection_delay                        0x2000200c   Data           4  app_button.o(.data)
    m_pin_state                              0x20002010   Data           4  app_button.o(.data)
    m_pin_transition                         0x20002014   Data           4  app_button.o(.data)
    .data                                    0x20002018   Section       32  app_timer.o(.data)
    m_user_array_size                        0x20002018   Data           1  app_timer.o(.data)
    m_ticks_elapsed_q_read_ind               0x20002019   Data           1  app_timer.o(.data)
    m_ticks_elapsed_q_write_ind              0x2000201a   Data           1  app_timer.o(.data)
    m_rtc1_running                           0x2000201b   Data           1  app_timer.o(.data)
    m_rtc1_reset                             0x2000201c   Data           1  app_timer.o(.data)
    mp_users                                 0x20002020   Data           4  app_timer.o(.data)
    mp_timer_id_head                         0x20002024   Data           4  app_timer.o(.data)
    m_ticks_latest                           0x20002028   Data           4  app_timer.o(.data)
    m_evt_schedule_func                      0x2000202c   Data           4  app_timer.o(.data)
    m_ticks_elapsed                          0x20002030   Data           8  app_timer.o(.data)
    .data                                    0x20002038   Section       20  softdevice_handler.o(.data)
    m_softdevice_enabled                     0x20002038   Data           1  softdevice_handler.o(.data)
    m_ble_evt_buffer_size                    0x2000203a   Data           2  softdevice_handler.o(.data)
    m_evt_schedule_func                      0x2000203c   Data           4  softdevice_handler.o(.data)
    mp_ble_evt_buffer                        0x20002040   Data           4  softdevice_handler.o(.data)
    m_ble_evt_handler                        0x20002044   Data           4  softdevice_handler.o(.data)
    m_sys_evt_handler                        0x20002048   Data           4  softdevice_handler.o(.data)
    .bss                                     0x2000204c   Section       32  main.o(.bss)
    m_battery_timer_id_data                  0x2000204c   Data          32  main.o(.bss)
    .bss                                     0x2000206c   Section      660  main.o(.bss)
    APP_TIMER_BUF                            0x2000206c   Data         456  main.o(.bss)
    BLE_EVT_BUFFER                           0x20002234   Data          72  main.o(.bss)
    m_bas                                    0x2000227c   Data          24  main.o(.bss)
    m_bps                                    0x20002294   Data          28  main.o(.bss)
    m_bps_meas_sim_val                       0x200022b0   Data          64  main.o(.bss)
    m_battery_sim_cfg                        0x200022f0   Data          16  main.o(.bss)
    .bss                                     0x20002300   Section       32  bsp.o(.bss)
    m_leds_timer_id_data                     0x20002300   Data          32  bsp.o(.bss)
    .bss                                     0x20002320   Section       32  bsp.o(.bss)
    m_alert_timer_id_data                    0x20002320   Data          32  bsp.o(.bss)
    .bss                                     0x20002340   Section       12  bsp.o(.bss)
    m_events_list                            0x20002340   Data          12  bsp.o(.bss)
    .bss                                     0x2000234c   Section       32  bsp.o(.bss)
    m_button_timer_id_data                   0x2000234c   Data          32  bsp.o(.bss)
    .bss                                     0x2000236c   Section      259  ble_advertising.o(.bss)
    m_advdata                                0x2000236c   Data          56  ble_advertising.o(.bss)
    m_adv_modes_config                       0x200023a4   Data          36  ble_advertising.o(.bss)
    m_whitelist                              0x200023c8   Data          16  ble_advertising.o(.bss)
    mp_whitelist_addr                        0x200023d8   Data          32  ble_advertising.o(.bss)
    mp_whitelist_irk                         0x200023f8   Data          32  ble_advertising.o(.bss)
    m_manuf_specific_data                    0x20002418   Data          12  ble_advertising.o(.bss)
    m_manuf_data_array                       0x20002424   Data          31  ble_advertising.o(.bss)
    m_service_data                           0x20002444   Data          12  ble_advertising.o(.bss)
    m_service_data_array                     0x20002450   Data          31  ble_advertising.o(.bss)
    .bss                                     0x20002470   Section       32  ble_conn_params.o(.bss)
    m_conn_params_timer_id_data              0x20002470   Data          32  ble_conn_params.o(.bss)
    .bss                                     0x20002490   Section       28  ble_conn_params.o(.bss)
    m_conn_params_config                     0x20002490   Data          28  ble_conn_params.o(.bss)
    .bss                                     0x200024ac   Section      307  device_manager_peripheral.o(.bss)
    m_peer_table                             0x200024ac   Data         196  device_manager_peripheral.o(.bss)
    m_bond_table                             0x20002570   Data          28  device_manager_peripheral.o(.bss)
    m_gatts_table                            0x2000258c   Data          36  device_manager_peripheral.o(.bss)
    m_connection_table                       0x200025b0   Data          12  device_manager_peripheral.o(.bss)
    m_application_table                      0x200025bc   Data          12  device_manager_peripheral.o(.bss)
    m_local_id_info                          0x200025c8   Data          23  device_manager_peripheral.o(.bss)
    .bss                                     0x200025e0   Section      216  pstorage.o(.bss)
    m_cmd_queue                              0x200025e0   Data         204  pstorage.o(.bss)
    m_app_table                              0x200026ac   Data          12  pstorage.o(.bss)
    .bss                                     0x200026b8   Section       88  nrf_drv_gpiote.o(.bss)
    m_cb                                     0x200026b8   Data          88  nrf_drv_gpiote.o(.bss)
    .bss                                     0x20002710   Section       32  nrf_drv_uart.o(.bss)
    m_cb                                     0x20002710   Data          32  nrf_drv_uart.o(.bss)
    .bss                                     0x20002730   Section       32  app_button.o(.bss)
    m_detection_delay_timer_id_data          0x20002730   Data          32  app_button.o(.bss)
    STACK                                    0x20002750   Section     8192  arm_startup_nrf52.o(STACK)

    Global Symbols

    Symbol Name                              Value     Ov Type        Size  Object(Section)

    BuildAttributes$$THM_ISAv4$E$P$D$K$B$S$7EM$VFPi3$EXTD16$VFPS$VFMA$PE$A:L22UL41UL21$X:L11$S22US41US21$IEEE1$IW$USESV6$~STKCKD$USESV7$~SHL$OSPACE$ROPI$EBA8$MICROLIB$REQ8$PRES8$EABIv2 0x00000000   Number         0  anon$$obj.o ABSOLUTE
    __ARM_use_no_argv                        0x00000000   Number         0  main.o ABSOLUTE
    __cpp_initialize__aeabi_                  - Undefined Weak Reference
    __cxa_finalize                            - Undefined Weak Reference
    _clock_init                               - Undefined Weak Reference
    _microlib_exit                            - Undefined Weak Reference
    __Vectors_Size                           0x00000400   Number         0  arm_startup_nrf52.o ABSOLUTE
    __Vectors                                0x0001b000   Data           4  arm_startup_nrf52.o(RESET)
    __Vectors_End                            0x0001b400   Data           0  arm_startup_nrf52.o(RESET)
    __main                                   0x0001b401   Thumb Code     0  entry.o(.ARM.Collect$$$$00000000)
    _main_stk                                0x0001b401   Thumb Code     0  entry2.o(.ARM.Collect$$$$00000001)
    _main_scatterload                        0x0001b405   Thumb Code     0  entry5.o(.ARM.Collect$$$$00000004)
    __main_after_scatterload                 0x0001b409   Thumb Code     0  entry5.o(.ARM.Collect$$$$00000004)
    _main_clock                              0x0001b409   Thumb Code     0  entry7b.o(.ARM.Collect$$$$00000008)
    _main_cpp_init                           0x0001b409   Thumb Code     0  entry8b.o(.ARM.Collect$$$$0000000A)
    _main_init                               0x0001b409   Thumb Code     0  entry9a.o(.ARM.Collect$$$$0000000B)
    __rt_final_cpp                           0x0001b411   Thumb Code     0  entry10a.o(.ARM.Collect$$$$0000000D)
    __rt_final_exit                          0x0001b411   Thumb Code     0  entry11a.o(.ARM.Collect$$$$0000000F)
    __asm___11_app_timer_c_cd27f9c3__nrf_delay_us 0x0001b415   Thumb Code   118  app_timer.o(.emb_text)
    Reset_Handler                            0x0001b48d   Thumb Code     8  arm_startup_nrf52.o(.text)
    NMI_Handler                              0x0001b495   Thumb Code     2  arm_startup_nrf52.o(.text)
    HardFault_Handler                        0x0001b497   Thumb Code     2  arm_startup_nrf52.o(.text)
    MemoryManagement_Handler                 0x0001b499   Thumb Code     2  arm_startup_nrf52.o(.text)
    BusFault_Handler                         0x0001b49b   Thumb Code     2  arm_startup_nrf52.o(.text)
    UsageFault_Handler                       0x0001b49d   Thumb Code     2  arm_startup_nrf52.o(.text)
    SVC_Handler                              0x0001b49f   Thumb Code     2  arm_startup_nrf52.o(.text)
    DebugMon_Handler                         0x0001b4a1   Thumb Code     2  arm_startup_nrf52.o(.text)
    PendSV_Handler                           0x0001b4a3   Thumb Code     2  arm_startup_nrf52.o(.text)
    SysTick_Handler                          0x0001b4a5   Thumb Code     2  arm_startup_nrf52.o(.text)
    CCM_AAR_IRQHandler                       0x0001b4a7   Thumb Code     0  arm_startup_nrf52.o(.text)
    COMP_LPCOMP_IRQHandler                   0x0001b4a7   Thumb Code     0  arm_startup_nrf52.o(.text)
    ECB_IRQHandler                           0x0001b4a7   Thumb Code     0  arm_startup_nrf52.o(.text)
    FPU_IRQHandler                           0x0001b4a7   Thumb Code     0  arm_startup_nrf52.o(.text)
    I2S_IRQHandler                           0x0001b4a7   Thumb Code     0  arm_startup_nrf52.o(.text)
    MWU_IRQHandler                           0x0001b4a7   Thumb Code     0  arm_startup_nrf52.o(.text)
    NFCT_IRQHandler                          0x0001b4a7   Thumb Code     0  arm_startup_nrf52.o(.text)
    PDM_IRQHandler                           0x0001b4a7   Thumb Code     0  arm_startup_nrf52.o(.text)
    POWER_CLOCK_IRQHandler                   0x0001b4a7   Thumb Code     0  arm_startup_nrf52.o(.text)
    PWM0_IRQHandler                          0x0001b4a7   Thumb Code     0  arm_startup_nrf52.o(.text)
    PWM1_IRQHandler                          0x0001b4a7   Thumb Code     0  arm_startup_nrf52.o(.text)
    PWM2_IRQHandler                          0x0001b4a7   Thumb Code     0  arm_startup_nrf52.o(.text)
    QDEC_IRQHandler                          0x0001b4a7   Thumb Code     0  arm_startup_nrf52.o(.text)
    RADIO_IRQHandler                         0x0001b4a7   Thumb Code     0  arm_startup_nrf52.o(.text)
    RNG_IRQHandler                           0x0001b4a7   Thumb Code     0  arm_startup_nrf52.o(.text)
    RTC0_IRQHandler                          0x0001b4a7   Thumb Code     0  arm_startup_nrf52.o(.text)
    RTC2_IRQHandler                          0x0001b4a7   Thumb Code     0  arm_startup_nrf52.o(.text)
    SAADC_IRQHandler                         0x0001b4a7   Thumb Code     0  arm_startup_nrf52.o(.text)
    SPIM0_SPIS0_TWIM0_TWIS0_SPI0_TWI0_IRQHandler 0x0001b4a7   Thumb Code     0  arm_startup_nrf52.o(.text)
    SPIM1_SPIS1_TWIM1_TWIS1_SPI1_TWI1_IRQHandler 0x0001b4a7   Thumb Code     0  arm_startup_nrf52.o(.text)
    SPIM2_SPIS2_SPI2_IRQHandler              0x0001b4a7   Thumb Code     0  arm_startup_nrf52.o(.text)
    SWI1_EGU1_IRQHandler                     0x0001b4a7   Thumb Code     0  arm_startup_nrf52.o(.text)
    SWI3_EGU3_IRQHandler                     0x0001b4a7   Thumb Code     0  arm_startup_nrf52.o(.text)
    SWI4_EGU4_IRQHandler                     0x0001b4a7   Thumb Code     0  arm_startup_nrf52.o(.text)
    SWI5_EGU5_IRQHandler                     0x0001b4a7   Thumb Code     0  arm_startup_nrf52.o(.text)
    TEMP_IRQHandler                          0x0001b4a7   Thumb Code     0  arm_startup_nrf52.o(.text)
    TIMER0_IRQHandler                        0x0001b4a7   Thumb Code     0  arm_startup_nrf52.o(.text)
    TIMER1_IRQHandler                        0x0001b4a7   Thumb Code     0  arm_startup_nrf52.o(.text)
    TIMER2_IRQHandler                        0x0001b4a7   Thumb Code     0  arm_startup_nrf52.o(.text)
    TIMER3_IRQHandler                        0x0001b4a7   Thumb Code     0  arm_startup_nrf52.o(.text)
    TIMER4_IRQHandler                        0x0001b4a7   Thumb Code     0  arm_startup_nrf52.o(.text)
    WDT_IRQHandler                           0x0001b4a7   Thumb Code     0  arm_startup_nrf52.o(.text)
    __aeabi_memcpy                           0x0001b4b1   Thumb Code    36  memcpya.o(.text)
    __aeabi_memcpy4                          0x0001b4b1   Thumb Code     0  memcpya.o(.text)
    __aeabi_memcpy8                          0x0001b4b1   Thumb Code     0  memcpya.o(.text)
    __aeabi_memset                           0x0001b4d5   Thumb Code    14  memseta.o(.text)
    __aeabi_memset4                          0x0001b4d5   Thumb Code     0  memseta.o(.text)
    __aeabi_memset8                          0x0001b4d5   Thumb Code     0  memseta.o(.text)
    __aeabi_memclr                           0x0001b4e3   Thumb Code     4  memseta.o(.text)
    __aeabi_memclr4                          0x0001b4e3   Thumb Code     0  memseta.o(.text)
    __aeabi_memclr8                          0x0001b4e3   Thumb Code     0  memseta.o(.text)
    _memset$wrapper                          0x0001b4e7   Thumb Code    18  memseta.o(.text)
    strlen                                   0x0001b4f9   Thumb Code    14  strlen.o(.text)
    memcmp                                   0x0001b507   Thumb Code    26  memcmp.o(.text)
    __scatterload                            0x0001b521   Thumb Code    28  init.o(.text)
    __scatterload_rt2                        0x0001b521   Thumb Code     0  init.o(.text)
    __decompress                             0x0001b545   Thumb Code     0  __dczerorl.o(.text)
    __decompress0                            0x0001b545   Thumb Code    58  __dczerorl.o(.text)
    GPIOTE_IRQHandler                        0x0001b581   Thumb Code   248  nrf_drv_gpiote.o(i.GPIOTE_IRQHandler)
    RTC1_IRQHandler                          0x0001b6e9   Thumb Code    32  app_timer.o(i.RTC1_IRQHandler)
    SWI0_EGU0_IRQHandler                     0x0001b70d   Thumb Code     4  app_timer.o(i.SWI0_EGU0_IRQHandler)
    SWI2_EGU2_IRQHandler                     0x0001b711   Thumb Code    32  softdevice_handler.o(i.SWI2_EGU2_IRQHandler)
    SystemInit                               0x0001b735   Thumb Code   566  system_nrf52.o(i.SystemInit)
    UARTE0_UART0_IRQHandler                  0x0001b9a1   Thumb Code    14  nrf_drv_uart.o(i.UARTE0_UART0_IRQHandler)
    __scatterload_copy                       0x0001b9b5   Thumb Code    14  handlers.o(i.__scatterload_copy)
    __scatterload_null                       0x0001b9c3   Thumb Code     2  handlers.o(i.__scatterload_null)
    __scatterload_zeroinit                   0x0001b9c5   Thumb Code    14  handlers.o(i.__scatterload_zeroinit)
    adv_data_encode                          0x0001b9d3   Thumb Code   514  ble_advdata.o(i.adv_data_encode)
    app_button_enable                        0x0001bc2d   Thumb Code    32  app_button.o(i.app_button_enable)
    app_button_init                          0x0001bc51   Thumb Code    96  app_button.o(i.app_button_init)
    app_error_fault_handler                  0x0001bcc1   Thumb Code    26  app_error.o(i.app_error_fault_handler)
    app_error_handler_bare                   0x0001bce5   Thumb Code    20  app_error.o(i.app_error_handler_bare)
    app_timer_create                         0x0001bd55   Thumb Code    32  app_timer.o(i.app_timer_create)
    app_timer_init                           0x0001bd79   Thumb Code   134  app_timer.o(i.app_timer_init)
    app_timer_start                          0x0001be09   Thumb Code   118  app_timer.o(i.app_timer_start)
    app_timer_stop                           0x0001be89   Thumb Code    76  app_timer.o(i.app_timer_stop)
    ble_advdata_set                          0x0001c069   Thumb Code   104  ble_advdata.o(i.ble_advdata_set)
    ble_advertising_init                     0x0001c0d1   Thumb Code   274  ble_advertising.o(i.ble_advertising_init)
    ble_advertising_on_ble_evt               0x0001c1ed   Thumb Code   122  ble_advertising.o(i.ble_advertising_on_ble_evt)
    ble_advertising_on_sys_evt               0x0001c26d   Thumb Code    46  ble_advertising.o(i.ble_advertising_on_sys_evt)
    ble_advertising_restart_without_whitelist 0x0001c2b1   Thumb Code    48  ble_advertising.o(i.ble_advertising_restart_without_whitelist)
    ble_advertising_start                    0x0001c2e9   Thumb Code   462  ble_advertising.o(i.ble_advertising_start)
    ble_bas_battery_level_update             0x0001c4c1   Thumb Code   122  ble_bas.o(i.ble_bas_battery_level_update)
    ble_bas_init                             0x0001c53b   Thumb Code    68  ble_bas.o(i.ble_bas_init)
    ble_bas_on_ble_evt                       0x0001c57f   Thumb Code    88  ble_bas.o(i.ble_bas_on_ble_evt)
    ble_bps_init                             0x0001c5d7   Thumb Code    68  ble_bps.o(i.ble_bps_init)
    ble_bps_is_indication_enabled            0x0001c61b   Thumb Code    46  ble_bps.o(i.ble_bps_is_indication_enabled)
    ble_bps_measurement_send                 0x0001c649   Thumb Code    92  ble_bps.o(i.ble_bps_measurement_send)
    ble_bps_on_ble_evt                       0x0001c6a5   Thumb Code    96  ble_bps.o(i.ble_bps_on_ble_evt)
    ble_conn_params_init                     0x0001c705   Thumb Code    72  ble_conn_params.o(i.ble_conn_params_init)
    ble_conn_params_on_ble_evt               0x0001c75d   Thumb Code   126  ble_conn_params.o(i.ble_conn_params_on_ble_evt)
    ble_dis_init                             0x0001c849   Thumb Code   296  ble_dis.o(i.ble_dis_init)
    ble_srv_ascii_to_utf8                    0x0001c9f1   Thumb Code    18  ble_srv_common.o(i.ble_srv_ascii_to_utf8)
    ble_srv_report_ref_encode                0x0001ca03   Thumb Code    12  ble_srv_common.o(i.ble_srv_report_ref_encode)
    bond_data_load                           0x0001cac5   Thumb Code    60  device_manager_peripheral.o(i.bond_data_load)
    bsp_btn_ble_init                         0x0001cdfd   Thumb Code    72  bsp_btn_ble.o(i.bsp_btn_ble_init)
    bsp_btn_ble_on_ble_evt                   0x0001ce49   Thumb Code   106  bsp_btn_ble.o(i.bsp_btn_ble_on_ble_evt)
    bsp_btn_ble_sleep_mode_prepare           0x0001ceb9   Thumb Code    18  bsp_btn_ble.o(i.bsp_btn_ble_sleep_mode_prepare)
    bsp_button_is_pressed                    0x0001cf75   Thumb Code    34  bsp.o(i.bsp_button_is_pressed)
    bsp_event_to_button_action_assign        0x0001cff1   Thumb Code    64  bsp.o(i.bsp_event_to_button_action_assign)
    bsp_indication_set                       0x0001d035   Thumb Code    20  bsp.o(i.bsp_indication_set)
    bsp_init                                 0x0001d04d   Thumb Code   140  bsp.o(i.bsp_init)
    bsp_wakeup_buttons_set                   0x0001d315   Thumb Code    54  bsp.o(i.bsp_wakeup_buttons_set)
    dm_ble_evt_handler                       0x0001db01   Thumb Code  1112  device_manager_peripheral.o(i.dm_ble_evt_handler)
    dm_handle_initialize                     0x0001df59   Thumb Code    22  device_manager_peripheral.o(i.dm_handle_initialize)
    dm_init                                  0x0001df71   Thumb Code   182  device_manager_peripheral.o(i.dm_init)
    dm_register                              0x0001e19d   Thumb Code    92  device_manager_peripheral.o(i.dm_register)
    intern_softdevice_events_execute         0x0001e5f9   Thumb Code   106  softdevice_handler.o(i.intern_softdevice_events_execute)
    main                                     0x0001e8c5   Thumb Code   278  main.o(i.main)
    nrf_drv_common_irq_enable                0x0001eb1d   Thumb Code    56  nrf_drv_common.o(i.nrf_drv_common_irq_enable)
    nrf_drv_gpiote_in_event_enable           0x0001eb55   Thumb Code   150  nrf_drv_gpiote.o(i.nrf_drv_gpiote_in_event_enable)
    nrf_drv_gpiote_in_init                   0x0001ebf9   Thumb Code   170  nrf_drv_gpiote.o(i.nrf_drv_gpiote_in_init)
    nrf_drv_gpiote_in_is_set                 0x0001ecb1   Thumb Code    16  nrf_drv_gpiote.o(i.nrf_drv_gpiote_in_is_set)
    nrf_drv_gpiote_init                      0x0001ecc5   Thumb Code    76  nrf_drv_gpiote.o(i.nrf_drv_gpiote_init)
    nrf_drv_gpiote_is_init                   0x0001ed19   Thumb Code    14  nrf_drv_gpiote.o(i.nrf_drv_gpiote_is_init)
    pstorage_access_status_get               0x0001eebd   Thumb Code    28  pstorage.o(i.pstorage_access_status_get)
    pstorage_block_identifier_get            0x0001eee1   Thumb Code    66  pstorage.o(i.pstorage_block_identifier_get)
    pstorage_clear                           0x0001ef2d   Thumb Code   138  pstorage.o(i.pstorage_clear)
    pstorage_init                            0x0001efe9   Thumb Code    68  pstorage.o(i.pstorage_init)
    pstorage_load                            0x0001f035   Thumb Code   148  pstorage.o(i.pstorage_load)
    pstorage_register                        0x0001f0d1   Thumb Code   172  pstorage.o(i.pstorage_register)
    pstorage_store                           0x0001f185   Thumb Code   118  pstorage.o(i.pstorage_store)
    pstorage_sys_event_handler               0x0001f205   Thumb Code    66  pstorage.o(i.pstorage_sys_event_handler)
    pstorage_update                          0x0001f24d   Thumb Code   118  pstorage.o(i.pstorage_update)
    sd_check_ram_start                       0x0001f359   Thumb Code    10  softdevice_handler.o(i.sd_check_ram_start)
    sensorsim_decrement                      0x0001f401   Thumb Code    28  sensorsim.o(i.sensorsim_decrement)
    sensorsim_increment                      0x0001f41d   Thumb Code    28  sensorsim.o(i.sensorsim_increment)
    sensorsim_init                           0x0001f439   Thumb Code    22  sensorsim.o(i.sensorsim_init)
    sensorsim_measure                        0x0001f44f   Thumb Code    26  sensorsim.o(i.sensorsim_measure)
    softdevice_ble_evt_handler_set           0x0001f6c1   Thumb Code    14  softdevice_handler.o(i.softdevice_ble_evt_handler_set)
    softdevice_enable                        0x0001f6d5   Thumb Code    14  softdevice_handler.o(i.softdevice_enable)
    softdevice_enable_get_default_config     0x0001f6e9   Thumb Code    38  softdevice_handler.o(i.softdevice_enable_get_default_config)
    softdevice_fault_handler                 0x0001f70f   Thumb Code     4  softdevice_handler.o(i.softdevice_fault_handler)
    softdevice_handler_init                  0x0001f715   Thumb Code    38  softdevice_handler.o(i.softdevice_handler_init)
    softdevice_sys_evt_handler_set           0x0001f745   Thumb Code    14  softdevice_handler.o(i.softdevice_sys_evt_handler_set)
    m_service_context_store                  0x0001ff28   Data          16  device_manager_peripheral.o(.constdata)
    m_service_context_load                   0x0001ff38   Data          16  device_manager_peripheral.o(.constdata)
    m_service_context_apply                  0x0001ff48   Data          16  device_manager_peripheral.o(.constdata)
    Region$$Table$$Base                      0x0001ff88   Number         0  anon$$obj.o(Region$$Table)
    Region$$Table$$Limit                     0x0001ffa8   Number         0  anon$$obj.o(Region$$Table)
    Image$$RW_IRAM1$$Base                    0x20001f00   Number         0  anon$$obj.o ABSOLUTE
    SystemCoreClock                          0x20001f44   Data           4  system_nrf52.o(.data)
    __initial_sp                             0x20004750   Data           0  arm_startup_nrf52.o(STACK)



==============================================================================

Memory Map of the image

  Image Entry point : 0x0001b401

  Load Region LR_IROM1 (Base: 0x0001b000, Size: 0x000050f4, Max: 0x00065000, ABSOLUTE, COMPRESSED[0x00004fc8])

    Execution Region ER_IROM1 (Base: 0x0001b000, Size: 0x00004fa8, Max: 0x00065000, ABSOLUTE)

    Base Addr    Size         Type   Attr      Idx    E Section Name        Object

    0x0001b000   0x00000400   Data   RO          473    RESET               arm_startup_nrf52.o
    0x0001b400   0x00000000   Code   RO         2755  * .ARM.Collect$$$$00000000  mc_w.l(entry.o)
    0x0001b400   0x00000004   Code   RO         2798    .ARM.Collect$$$$00000001  mc_w.l(entry2.o)
    0x0001b404   0x00000004   Code   RO         2801    .ARM.Collect$$$$00000004  mc_w.l(entry5.o)
    0x0001b408   0x00000000   Code   RO         2803    .ARM.Collect$$$$00000008  mc_w.l(entry7b.o)
    0x0001b408   0x00000000   Code   RO         2805    .ARM.Collect$$$$0000000A  mc_w.l(entry8b.o)
    0x0001b408   0x00000008   Code   RO         2806    .ARM.Collect$$$$0000000B  mc_w.l(entry9a.o)
    0x0001b410   0x00000000   Code   RO         2808    .ARM.Collect$$$$0000000D  mc_w.l(entry10a.o)
    0x0001b410   0x00000000   Code   RO         2810    .ARM.Collect$$$$0000000F  mc_w.l(entry11a.o)
    0x0001b410   0x00000004   Code   RO         2799    .ARM.Collect$$$$00002712  mc_w.l(entry2.o)
    0x0001b414   0x00000076   Code   RO         2310    .emb_text           app_timer.o
    0x0001b48a   0x00000002   PAD
    0x0001b48c   0x00000024   Code   RO          474    .text               arm_startup_nrf52.o
    0x0001b4b0   0x00000024   Code   RO         2758    .text               mc_w.l(memcpya.o)
    0x0001b4d4   0x00000024   Code   RO         2760    .text               mc_w.l(memseta.o)
    0x0001b4f8   0x0000000e   Code   RO         2762    .text               mc_w.l(strlen.o)
    0x0001b506   0x0000001a   Code   RO         2764    .text               mc_w.l(memcmp.o)
    0x0001b520   0x00000024   Code   RO         2827    .text               mc_w.l(init.o)
    0x0001b544   0x0000003a   Code   RO         2845    .text               mc_w.l(__dczerorl.o)
    0x0001b57e   0x00000002   PAD
    0x0001b580   0x00000104   Code   RO         1642    i.GPIOTE_IRQHandler  nrf_drv_gpiote.o
    0x0001b684   0x00000016   Code   RO         2311    i.NVIC_ClearPendingIRQ  app_timer.o
    0x0001b69a   0x00000016   Code   RO         2312    i.NVIC_EnableIRQ    app_timer.o
    0x0001b6b0   0x00000016   Code   RO         2313    i.NVIC_SetPendingIRQ  app_timer.o
    0x0001b6c6   0x00000020   Code   RO         2314    i.NVIC_SetPriority  app_timer.o
    0x0001b6e6   0x00000002   PAD
    0x0001b6e8   0x00000024   Code   RO         2315    i.RTC1_IRQHandler   app_timer.o
    0x0001b70c   0x00000004   Code   RO         2316    i.SWI0_EGU0_IRQHandler  app_timer.o
    0x0001b710   0x00000024   Code   RO         2664    i.SWI2_EGU2_IRQHandler  softdevice_handler.o
    0x0001b734   0x0000026c   Code   RO          482    i.SystemInit        system_nrf52.o
    0x0001b9a0   0x00000014   Code   RO         1841    i.UARTE0_UART0_IRQHandler  nrf_drv_uart.o
    0x0001b9b4   0x0000000e   Code   RO         2839    i.__scatterload_copy  mc_w.l(handlers.o)
    0x0001b9c2   0x00000002   Code   RO         2840    i.__scatterload_null  mc_w.l(handlers.o)
    0x0001b9c4   0x0000000e   Code   RO         2841    i.__scatterload_zeroinit  mc_w.l(handlers.o)
    0x0001b9d2   0x00000202   Code   RO          521    i.adv_data_encode   ble_advdata.o
    0x0001bbd4   0x00000036   Code   RO          431    i.advertising_buttons_configure  bsp_btn_ble.o
    0x0001bc0a   0x00000002   PAD
    0x0001bc0c   0x00000020   Code   RO          320    i.alert_timer_handler  bsp.o
    0x0001bc2c   0x00000024   Code   RO         2181    i.app_button_enable  app_button.o
    0x0001bc50   0x00000070   Code   RO         2182    i.app_button_init   app_button.o
    0x0001bcc0   0x00000024   Code   RO         2254    i.app_error_fault_handler  app_error.o
    0x0001bce4   0x00000014   Code   RO         2256    i.app_error_handler_bare  app_error.o
    0x0001bcf8   0x0000000c   Code   RO          971    i.app_evt_notify    device_manager_peripheral.o
    0x0001bd04   0x0000002c   Code   RO         1327    i.app_notify        pstorage.o
    0x0001bd30   0x00000024   Code   RO         1328    i.app_notify_error_state_transit  pstorage.o
    0x0001bd54   0x00000024   Code   RO         2319    i.app_timer_create  app_timer.o
    0x0001bd78   0x00000090   Code   RO         2320    i.app_timer_init    app_timer.o
    0x0001be08   0x00000080   Code   RO         2321    i.app_timer_start   app_timer.o
    0x0001be88   0x00000050   Code   RO         2322    i.app_timer_stop    app_timer.o
    0x0001bed8   0x0000014e   Code   RO          765    i.battery_level_char_add  ble_bas.o
    0x0001c026   0x00000002   PAD
    0x0001c028   0x00000040   Code   RO            5    i.battery_level_meas_timeout_handler  main.o
    0x0001c068   0x00000068   Code   RO          522    i.ble_advdata_set   ble_advdata.o
    0x0001c0d0   0x0000011c   Code   RO          606    i.ble_advertising_init  ble_advertising.o
    0x0001c1ec   0x00000080   Code   RO          607    i.ble_advertising_on_ble_evt  ble_advertising.o
    0x0001c26c   0x00000034   Code   RO          608    i.ble_advertising_on_sys_evt  ble_advertising.o
    0x0001c2a0   0x00000010   Code   RO          610    i.ble_advertising_peer_address_clear  ble_advertising.o
    0x0001c2b0   0x00000038   Code   RO          611    i.ble_advertising_restart_without_whitelist  ble_advertising.o
    0x0001c2e8   0x000001d8   Code   RO          612    i.ble_advertising_start  ble_advertising.o
    0x0001c4c0   0x0000007a   Code   RO          766    i.ble_bas_battery_level_update  ble_bas.o
    0x0001c53a   0x00000044   Code   RO          767    i.ble_bas_init      ble_bas.o
    0x0001c57e   0x00000058   Code   RO          768    i.ble_bas_on_ble_evt  ble_bas.o
    0x0001c5d6   0x00000044   Code   RO          809    i.ble_bps_init      ble_bps.o
    0x0001c61a   0x0000002e   Code   RO          810    i.ble_bps_is_indication_enabled  ble_bps.o
    0x0001c648   0x0000005c   Code   RO          811    i.ble_bps_measurement_send  ble_bps.o
    0x0001c6a4   0x00000060   Code   RO          812    i.ble_bps_on_ble_evt  ble_bps.o
    0x0001c704   0x00000058   Code   RO          691    i.ble_conn_params_init  ble_conn_params.o
    0x0001c75c   0x0000008c   Code   RO          692    i.ble_conn_params_on_ble_evt  ble_conn_params.o
    0x0001c7e8   0x0000005e   Code   RO          523    i.ble_device_addr_encode  ble_advdata.o
    0x0001c846   0x00000002   PAD
    0x0001c848   0x0000012c   Code   RO          880    i.ble_dis_init      ble_dis.o
    0x0001c974   0x0000007c   Code   RO            6    i.ble_evt_dispatch  main.o
    0x0001c9f0   0x00000012   Code   RO          924    i.ble_srv_ascii_to_utf8  ble_srv_common.o
    0x0001ca02   0x0000000c   Code   RO          925    i.ble_srv_report_ref_encode  ble_srv_common.o
    0x0001ca0e   0x00000002   PAD
    0x0001ca10   0x0000006c   Code   RO            7    i.ble_stack_init    main.o
    0x0001ca7c   0x00000048   Code   RO            8    i.blood_pressure_measurement_send  main.o
    0x0001cac4   0x00000048   Code   RO          972    i.bond_data_load    device_manager_peripheral.o
    0x0001cb0c   0x00000092   Code   RO          813    i.bps_feature_char_add  ble_bps.o
    0x0001cb9e   0x000000cc   Code   RO          814    i.bps_measurement_char_add  ble_bps.o
    0x0001cc6a   0x000000f8   Code   RO          815    i.bps_measurement_encode  ble_bps.o
    0x0001cd62   0x00000002   PAD
    0x0001cd64   0x00000098   Code   RO            9    i.bps_sim_measurement  main.o
    0x0001cdfc   0x0000004c   Code   RO          432    i.bsp_btn_ble_init  bsp_btn_ble.o
    0x0001ce48   0x00000070   Code   RO          433    i.bsp_btn_ble_on_ble_evt  bsp_btn_ble.o
    0x0001ceb8   0x00000012   Code   RO          434    i.bsp_btn_ble_sleep_mode_prepare  bsp_btn_ble.o
    0x0001ceca   0x00000002   PAD
    0x0001cecc   0x000000a8   Code   RO          321    i.bsp_button_event_handler  bsp.o
    0x0001cf74   0x0000002c   Code   RO          322    i.bsp_button_is_pressed  bsp.o
    0x0001cfa0   0x00000050   Code   RO           10    i.bsp_event_handler  main.o
    0x0001cff0   0x00000044   Code   RO          326    i.bsp_event_to_button_action_assign  bsp.o
    0x0001d034   0x00000018   Code   RO          327    i.bsp_indication_set  bsp.o
    0x0001d04c   0x000000a4   Code   RO          329    i.bsp_init          bsp.o
    0x0001d0f0   0x00000224   Code   RO          330    i.bsp_led_indication  bsp.o
    0x0001d314   0x0000003c   Code   RO          331    i.bsp_wakeup_buttons_set  bsp.o
    0x0001d350   0x00000008   Code   RO          332    i.button_timer_handler  bsp.o
    0x0001d358   0x0000001c   Code   RO         1643    i.channel_free      nrf_drv_gpiote.o
    0x0001d374   0x00000048   Code   RO         1644    i.channel_port_alloc  nrf_drv_gpiote.o
    0x0001d3bc   0x00000010   Code   RO         1645    i.channel_port_get  nrf_drv_gpiote.o
    0x0001d3cc   0x000000a0   Code   RO          881    i.char_add          ble_dis.o
    0x0001d46c   0x000000fc   Code   RO         1329    i.clear_operation_execute  pstorage.o
    0x0001d568   0x00000020   Code   RO         1330    i.clear_post_processing_run  pstorage.o
    0x0001d588   0x00000034   Code   RO         1331    i.cmd_process       pstorage.o
    0x0001d5bc   0x00000020   Code   RO         1332    i.cmd_queue_element_init  pstorage.o
    0x0001d5dc   0x00000054   Code   RO         1333    i.cmd_queue_enqueue  pstorage.o
    0x0001d630   0x00000040   Code   RO         1334    i.command_end_procedure_run  pstorage.o
    0x0001d670   0x000000ac   Code   RO         2324    i.compare_reg_update  app_timer.o
    0x0001d71c   0x00000088   Code   RO          524    i.conn_int_encode   ble_advdata.o
    0x0001d7a4   0x00000004   Code   RO           11    i.conn_params_error_handler  main.o
    0x0001d7a8   0x0000005c   Code   RO          694    i.conn_params_negotiation  ble_conn_params.o
    0x0001d804   0x0000002c   Code   RO          973    i.connection_instance_find  device_manager_peripheral.o
    0x0001d830   0x00000028   Code   RO          974    i.connection_instance_init  device_manager_peripheral.o
    0x0001d858   0x00000054   Code   RO         1335    i.data_page_erase_state_run  pstorage.o
    0x0001d8ac   0x00000020   Code   RO         1336    i.data_to_swap_write_state_run  pstorage.o
    0x0001d8cc   0x00000060   Code   RO         2184    i.detection_delay_timeout_handler  app_button.o
    0x0001d92c   0x000000c0   Code   RO          975    i.device_context_store  device_manager_peripheral.o
    0x0001d9ec   0x00000048   Code   RO          976    i.device_instance_find  device_manager_peripheral.o
    0x0001da34   0x0000002c   Code   RO          977    i.device_instance_free  device_manager_peripheral.o
    0x0001da60   0x00000034   Code   RO           12    i.device_manager_evt_handler  main.o
    0x0001da94   0x0000006c   Code   RO           13    i.device_manager_init  main.o
    0x0001db00   0x00000458   Code   RO          982    i.dm_ble_evt_handler  device_manager_peripheral.o
    0x0001df58   0x00000016   Code   RO          988    i.dm_handle_initialize  device_manager_peripheral.o
    0x0001df6e   0x00000002   PAD
    0x0001df70   0x000000c8   Code   RO          989    i.dm_init           device_manager_peripheral.o
    0x0001e038   0x00000164   Code   RO          992    i.dm_pstorage_cb_handler  device_manager_peripheral.o
    0x0001e19c   0x00000064   Code   RO          993    i.dm_register       device_manager_peripheral.o
    0x0001e200   0x00000040   Code   RO         2325    i.elapsed_ticks_acquire  app_timer.o
    0x0001e240   0x0000001c   Code   RO         1337    i.flash_api_err_code_process  pstorage.o
    0x0001e25c   0x0000008c   Code   RO         1338    i.flash_operation_success_run  pstorage.o
    0x0001e2e8   0x00000006   Code   RO         1339    i.flash_page_erase  pstorage.o
    0x0001e2ee   0x00000006   Code   RO         1340    i.flash_write       pstorage.o
    0x0001e2f4   0x00000068   Code   RO           14    i.gap_params_init   main.o
    0x0001e35c   0x00000004   Code   RO         1000    i.gattc_context_apply  device_manager_peripheral.o
    0x0001e360   0x00000004   Code   RO         1001    i.gattc_context_load  device_manager_peripheral.o
    0x0001e364   0x00000004   Code   RO         1002    i.gattc_context_store  device_manager_peripheral.o
    0x0001e368   0x000000b4   Code   RO         1003    i.gatts_context_apply  device_manager_peripheral.o
    0x0001e41c   0x00000038   Code   RO         1004    i.gatts_context_load  device_manager_peripheral.o
    0x0001e454   0x000000c8   Code   RO         1005    i.gatts_context_store  device_manager_peripheral.o
    0x0001e51c   0x00000004   Code   RO         1006    i.gattsc_context_apply  device_manager_peripheral.o
    0x0001e520   0x00000004   Code   RO         1007    i.gattsc_context_load  device_manager_peripheral.o
    0x0001e524   0x00000004   Code   RO         1008    i.gattsc_context_store  device_manager_peripheral.o
    0x0001e528   0x00000058   Code   RO         2185    i.gpiote_event_handler  app_button.o
    0x0001e580   0x00000078   Code   RO         1341    i.head_restore_state_run  pstorage.o
    0x0001e5f8   0x00000070   Code   RO         2665    i.intern_softdevice_events_execute  softdevice_handler.o
    0x0001e668   0x0000001c   Code   RO          695    i.is_conn_params_ok  ble_conn_params.o
    0x0001e684   0x00000044   Code   RO         1342    i.is_page_erase_required  pstorage.o
    0x0001e6c8   0x0000000c   Code   RO         1343    i.is_word_aligned   pstorage.o
    0x0001e6d4   0x00000054   Code   RO          525    i.le_role_encode    ble_advdata.o
    0x0001e728   0x00000014   Code   RO          333    i.leds_timer_handler  bsp.o
    0x0001e73c   0x000000bc   Code   RO         2326    i.list_deletions_handler  app_timer.o
    0x0001e7f8   0x000000cc   Code   RO         2327    i.list_insertions_handler  app_timer.o
    0x0001e8c4   0x00000138   Code   RO           15    i.main              main.o
    0x0001e9fc   0x00000014   Code   RO         1344    i.main_state_err_busy_process  pstorage.o
    0x0001ea10   0x00000064   Code   RO          526    i.manuf_specific_data_encode  ble_advdata.o
    0x0001ea74   0x0000009c   Code   RO          527    i.name_encode       ble_advdata.o
    0x0001eb10   0x00000004   Code   RO         1009    i.no_service_context_apply  device_manager_peripheral.o
    0x0001eb14   0x00000004   Code   RO         1010    i.no_service_context_load  device_manager_peripheral.o
    0x0001eb18   0x00000004   Code   RO         1011    i.no_service_context_store  device_manager_peripheral.o
    0x0001eb1c   0x00000038   Code   RO         1573    i.nrf_drv_common_irq_enable  nrf_drv_common.o
    0x0001eb54   0x000000a4   Code   RO         1648    i.nrf_drv_gpiote_in_event_enable  nrf_drv_gpiote.o
    0x0001ebf8   0x000000b8   Code   RO         1649    i.nrf_drv_gpiote_in_init  nrf_drv_gpiote.o
    0x0001ecb0   0x00000014   Code   RO         1650    i.nrf_drv_gpiote_in_is_set  nrf_drv_gpiote.o
    0x0001ecc4   0x00000054   Code   RO         1652    i.nrf_drv_gpiote_init  nrf_drv_gpiote.o
    0x0001ed18   0x00000014   Code   RO         1653    i.nrf_drv_gpiote_is_init  nrf_drv_gpiote.o
    0x0001ed2c   0x00000022   Code   RO         1665    i.nrf_gpio_cfg      nrf_drv_gpiote.o
    0x0001ed4e   0x0000001c   Code   RO         1667    i.nrf_gpio_cfg_sense_set  nrf_drv_gpiote.o
    0x0001ed6a   0x00000002   PAD
    0x0001ed6c   0x00000014   Code   RO         1668    i.nrf_gpiote_event_clear  nrf_drv_gpiote.o
    0x0001ed80   0x00000010   Code   RO         1669    i.nrf_gpiote_event_is_set  nrf_drv_gpiote.o
    0x0001ed90   0x0000000a   Code   RO         1859    i.nrf_uart_event_check  nrf_drv_uart.o
    0x0001ed9a   0x0000000c   Code   RO         1860    i.nrf_uart_int_enable_check  nrf_drv_uart.o
    0x0001eda6   0x0000000a   Code   RO         1861    i.nrf_uarte_event_check  nrf_drv_uart.o
    0x0001edb0   0x00000024   Code   RO           16    i.on_adv_evt        main.o
    0x0001edd4   0x00000018   Code   RO           17    i.on_bps_evt        main.o
    0x0001edec   0x0000001c   Code   RO           18    i.on_conn_params_evt  main.o
    0x0001ee08   0x00000014   Code   RO          614    i.peer_address_exists  ble_advertising.o
    0x0001ee1c   0x0000003c   Code   RO         1012    i.peer_instance_init  device_manager_peripheral.o
    0x0001ee58   0x00000018   Code   RO         1670    i.pin_in_use_by_port  nrf_drv_gpiote.o
    0x0001ee70   0x00000018   Code   RO         1671    i.pin_in_use_by_te  nrf_drv_gpiote.o
    0x0001ee88   0x00000034   Code   RO          882    i.pnp_id_encode     ble_dis.o
    0x0001eebc   0x00000024   Code   RO         1345    i.pstorage_access_status_get  pstorage.o
    0x0001eee0   0x0000004c   Code   RO         1346    i.pstorage_block_identifier_get  pstorage.o
    0x0001ef2c   0x00000094   Code   RO         1347    i.pstorage_clear    pstorage.o
    0x0001efc0   0x0000001e   Code   RO         1348    i.pstorage_flash_page_end  pstorage.o
    0x0001efde   0x0000000a   Code   RO         1349    i.pstorage_flash_page_size  pstorage.o
    0x0001efe8   0x0000004c   Code   RO         1350    i.pstorage_init     pstorage.o
    0x0001f034   0x0000009c   Code   RO         1351    i.pstorage_load     pstorage.o
    0x0001f0d0   0x000000b4   Code   RO         1352    i.pstorage_register  pstorage.o
    0x0001f184   0x00000080   Code   RO         1353    i.pstorage_store    pstorage.o
    0x0001f204   0x00000048   Code   RO         1354    i.pstorage_sys_event_handler  pstorage.o
    0x0001f24c   0x00000080   Code   RO         1355    i.pstorage_update   pstorage.o
    0x0001f2cc   0x0000003c   Code   RO         2328    i.rtc1_stop         app_timer.o
    0x0001f308   0x00000030   Code   RO         1863    i.rx_byte           nrf_drv_uart.o
    0x0001f338   0x00000020   Code   RO         1864    i.rx_done_event     nrf_drv_uart.o
    0x0001f358   0x00000010   Code   RO         2666    i.sd_check_ram_start  softdevice_handler.o
    0x0001f368   0x00000098   Code   RO           19    i.sensor_simulator_init  main.o
    0x0001f400   0x0000001c   Code   RO         2629    i.sensorsim_decrement  sensorsim.o
    0x0001f41c   0x0000001c   Code   RO         2630    i.sensorsim_increment  sensorsim.o
    0x0001f438   0x00000016   Code   RO         2631    i.sensorsim_init    sensorsim.o
    0x0001f44e   0x0000001a   Code   RO         2632    i.sensorsim_measure  sensorsim.o
    0x0001f468   0x00000088   Code   RO          528    i.service_data_encode  ble_advdata.o
    0x0001f4f0   0x0000016c   Code   RO           20    i.services_init     main.o
    0x0001f65c   0x00000028   Code   RO           21    i.sleep_mode_enter  main.o
    0x0001f684   0x0000003c   Code   RO         1356    i.sm_state_change   pstorage.o
    0x0001f6c0   0x00000014   Code   RO         2667    i.softdevice_ble_evt_handler_set  softdevice_handler.o
    0x0001f6d4   0x00000014   Code   RO         2668    i.softdevice_enable  softdevice_handler.o
    0x0001f6e8   0x00000026   Code   RO         2669    i.softdevice_enable_get_default_config  softdevice_handler.o
    0x0001f70e   0x00000004   Code   RO         2670    i.softdevice_fault_handler  softdevice_handler.o
    0x0001f712   0x00000002   PAD
    0x0001f714   0x00000030   Code   RO         2671    i.softdevice_handler_init  softdevice_handler.o
    0x0001f744   0x00000014   Code   RO         2674    i.softdevice_sys_evt_handler_set  softdevice_handler.o
    0x0001f758   0x00000068   Code   RO         1357    i.state_data_erase_swap_entry_run  pstorage.o
    0x0001f7c0   0x0000000c   Code   RO         1358    i.state_erase_data_page_entry_run  pstorage.o
    0x0001f7cc   0x0000002c   Code   RO         1359    i.state_restore_head_entry_run  pstorage.o
    0x0001f7f8   0x00000050   Code   RO         1360    i.state_restore_tail_entry_run  pstorage.o
    0x0001f848   0x0000001e   Code   RO         1361    i.state_swap_erase_entry_run  pstorage.o
    0x0001f866   0x00000002   PAD
    0x0001f868   0x00000030   Code   RO         1362    i.state_write_data_swap_entry_run  pstorage.o
    0x0001f898   0x00000004   Code   RO         1013    i.storage_operation_dummy_handler  device_manager_peripheral.o
    0x0001f89c   0x0000005c   Code   RO         1363    i.store_cmd_flash_write_execute  pstorage.o
    0x0001f8f8   0x00000018   Code   RO         1364    i.swap_erase_state_run  pstorage.o
    0x0001f910   0x00000014   Code   RO         1365    i.swap_sub_state_err_busy_process  pstorage.o
    0x0001f924   0x00000014   Code   RO         1366    i.swap_sub_state_state_change  pstorage.o
    0x0001f938   0x00000012   Code   RO           22    i.sys_evt_dispatch  main.o
    0x0001f94a   0x00000042   Code   RO          883    i.sys_id_encode     ble_dis.o
    0x0001f98c   0x00000014   Code   RO         1367    i.tail_restore_state_run  pstorage.o
    0x0001f9a0   0x0000008c   Code   RO         2329    i.timer_list_handler  app_timer.o
    0x0001fa2c   0x0000003c   Code   RO         2330    i.timer_list_insert  app_timer.o
    0x0001fa68   0x00000084   Code   RO         2331    i.timer_timeouts_check  app_timer.o
    0x0001faec   0x00000024   Code   RO         1866    i.tx_byte           nrf_drv_uart.o
    0x0001fb10   0x00000024   Code   RO         1867    i.tx_done_event     nrf_drv_uart.o
    0x0001fb34   0x00000108   Code   RO         1868    i.uart_irq_handler  nrf_drv_uart.o
    0x0001fc3c   0x000000d8   Code   RO         1869    i.uarte_irq_handler  nrf_drv_uart.o
    0x0001fd14   0x0000000a   Code   RO          529    i.uint16_encode     ble_advdata.o
    0x0001fd1e   0x0000000a   Code   RO          816    i.uint16_encode     ble_bps.o
    0x0001fd28   0x00000014   Code   RO         1014    i.update_status_bit_reset  device_manager_peripheral.o
    0x0001fd3c   0x00000060   Code   RO          696    i.update_timeout_handler  ble_conn_params.o
    0x0001fd9c   0x00000044   Code   RO         2332    i.user_id_get       app_timer.o
    0x0001fde0   0x00000028   Code   RO         2333    i.user_op_alloc     app_timer.o
    0x0001fe08   0x00000030   Code   RO          530    i.uuid_list_encode  ble_advdata.o
    0x0001fe38   0x0000009e   Code   RO          531    i.uuid_list_sized_encode  ble_advdata.o
    0x0001fed6   0x0000000e   Code   RO          615    i.whitelist_has_entries  ble_advertising.o
    0x0001fee4   0x00000004   Data   RO           25    .constdata          main.o
    0x0001fee8   0x0000003c   Data   RO          338    .constdata          bsp.o
    0x0001ff24   0x00000004   Data   RO          699    .constdata          ble_conn_params.o
    0x0001ff28   0x00000030   Data   RO         1016    .constdata          device_manager_peripheral.o
    0x0001ff58   0x00000028   Data   RO         1369    .constdata          pstorage.o
    0x0001ff80   0x00000008   Data   RO         2187    .constdata          app_button.o
    0x0001ff88   0x00000020   Data   RO         2837    Region$$Table       anon$$obj.o


    Execution Region RW_IRAM1 (Base: 0x20001f00, Size: 0x00002850, Max: 0x00006100, ABSOLUTE, COMPRESSED[0x00000020])

    Base Addr    Size         Type   Attr      Idx    E Section Name        Object

    0x20001f00   0x00000024   Data   RW           26    .data               main.o
    0x20001f24   0x00000018   Data   RW          339    .data               bsp.o
    0x20001f3c   0x00000008   Data   RW          435    .data               bsp_btn_ble.o
    0x20001f44   0x00000004   Data   RW          483    .data               system_nrf52.o
    0x20001f48   0x0000001f   Data   RW          617    .data               ble_advertising.o
    0x20001f67   0x00000001   PAD
    0x20001f68   0x00000014   Data   RW          700    .data               ble_conn_params.o
    0x20001f7c   0x0000004a   Data   RW          884    .data               ble_dis.o
    0x20001fc6   0x00000002   PAD
    0x20001fc8   0x00000018   Data   RW         1018    .data               device_manager_peripheral.o
    0x20001fe0   0x00000024   Data   RW         1370    .data               pstorage.o
    0x20002004   0x00000014   Data   RW         2188    .data               app_button.o
    0x20002018   0x00000020   Data   RW         2334    .data               app_timer.o
    0x20002038   0x00000014   Data   RW         2675    .data               softdevice_handler.o
    0x2000204c   0x00000020   Zero   RW           23    .bss                main.o
    0x2000206c   0x00000294   Zero   RW           24    .bss                main.o
    0x20002300   0x00000020   Zero   RW          334    .bss                bsp.o
    0x20002320   0x00000020   Zero   RW          335    .bss                bsp.o
    0x20002340   0x0000000c   Zero   RW          336    .bss                bsp.o
    0x2000234c   0x00000020   Zero   RW          337    .bss                bsp.o
    0x2000236c   0x00000103   Zero   RW          616    .bss                ble_advertising.o
    0x2000246f   0x00000001   PAD
    0x20002470   0x00000020   Zero   RW          697    .bss                ble_conn_params.o
    0x20002490   0x0000001c   Zero   RW          698    .bss                ble_conn_params.o
    0x200024ac   0x00000133   Zero   RW         1015    .bss                device_manager_peripheral.o
    0x200025df   0x00000001   PAD
    0x200025e0   0x000000d8   Zero   RW         1368    .bss                pstorage.o
    0x200026b8   0x00000058   Zero   RW         1672    .bss                nrf_drv_gpiote.o
    0x20002710   0x00000020   Zero   RW         1870    .bss                nrf_drv_uart.o
    0x20002730   0x00000020   Zero   RW         2186    .bss                app_button.o
    0x20002750   0x00002000   Zero   RW          471    STACK               arm_startup_nrf52.o


==============================================================================

Image component sizes


      Code (inc. data)   RO Data    RW Data    ZI Data      Debug   Object Name

       332         34          8         20         32      12390   app_button.o
        56         10          0          0          0       2819   app_error.o
      1772        100          0         32          0      50115   app_timer.o
        36          8       1024          0       8192        900   arm_startup_nrf52.o
      1540          0          0          0          0      19124   ble_advdata.o
      1042         44          0         31        259      14081   ble_advertising.o
       612          0          0          0          0       6235   ble_bas.o
       910          0          0          0          0      18203   ble_bps.o
       444         56          4         20         60      13316   ble_conn_params.o
       578          8          0         74          0       5623   ble_dis.o
        30          0          0          0          0       2272   ble_srv_common.o
      1136        108         60         24        108      10509   bsp.o
       260         10          0          8          0       4885   bsp_btn_ble.o
      2822        154         48         24        307      31561   device_manager_peripheral.o
      1842        188          4         36        692     125087   main.o
        56          0          0          0          0      28835   nrf_drv_common.o
       994         92          0          0         88      23204   nrf_drv_gpiote.o
       684         56          0          0         32      20494   nrf_drv_uart.o
      2706        246         40         36        216      37490   pstorage.o
       104          0          0          0          0       3135   sensorsim.o
       314         44          0         20          0       9477   softdevice_handler.o
       620         54          0          4          0      29094   system_nrf52.o

    ----------------------------------------------------------------------
     18914       1212       1220        332       9988     468849   Object Totals
         0          0         32          0          0          0   (incl. Generated)
        24          0          0          3          2          0   (incl. Padding)

    ----------------------------------------------------------------------

      Code (inc. data)   RO Data    RW Data    ZI Data      Debug   Library Member Name

        58          0          0          0          0          0   __dczerorl.o
         0          0          0          0          0          0   entry.o
         0          0          0          0          0          0   entry10a.o
         0          0          0          0          0          0   entry11a.o
         8          4          0          0          0          0   entry2.o
         4          0          0          0          0          0   entry5.o
         0          0          0          0          0          0   entry7b.o
         0          0          0          0          0          0   entry8b.o
         8          4          0          0          0          0   entry9a.o
        30          0          0          0          0          0   handlers.o
        36          8          0          0          0         68   init.o
        26          0          0          0          0         80   memcmp.o
        36          0          0          0          0         68   memcpya.o
        36          0          0          0          0        108   memseta.o
        14          0          0          0          0         68   strlen.o

    ----------------------------------------------------------------------
       258         16          0          0          0        392   Library Totals
         2          0          0          0          0          0   (incl. Padding)

    ----------------------------------------------------------------------

      Code (inc. data)   RO Data    RW Data    ZI Data      Debug   Library Name

       256         16          0          0          0        392   mc_w.l

    ----------------------------------------------------------------------
       258         16          0          0          0        392   Library Totals

    ----------------------------------------------------------------------

==============================================================================


      Code (inc. data)   RO Data    RW Data    ZI Data      Debug   

     19172       1228       1220        332       9988     449221   Grand Totals
     19172       1228       1220         32       9988     449221   ELF Image Totals (compressed)
     19172       1228       1220         32          0          0   ROM Totals

==============================================================================

    Total RO  Size (Code + RO Data)                20392 (  19.91kB)
    Total RW  Size (RW Data + ZI Data)             10320 (  10.08kB)
    Total ROM Size (Code + RO Data + RW Data)      20424 (  19.95kB)

==============================================================================

