<!doctype html public "-//w3c//dtd html 4.0 transitional//en">
<html><head>
<title>Static Call Graph - [.\_build\nrf52832_xxaa_s132.axf]</title></head>
<body><HR>
<H1>Static Call Graph for image .\_build\nrf52832_xxaa_s132.axf</H1><HR>
<BR><P>#&#060CALLGRAPH&#062# ARM Linker, 5060300: Last Updated: Sat Nov 19 16:09:01 2016
<BR><P>
<H3>Maximum Stack Usage =        376 bytes + Unknown(Cycles, Untraceable Function Pointers)</H3><H3>
Call chain for Maximum Stack Depth:</H3>
main &rArr; advertising_init &rArr; ble_advertising_init &rArr; ble_advdata_set &rArr; adv_data_encode &rArr; uuid_list_encode &rArr; uuid_list_sized_encode
<P>
<H3>
Mutually Recursive functions
</H3> <LI><a href="#[1]">NMI_Handler</a>&nbsp;&nbsp;&nbsp;&rArr;&nbsp;&nbsp;&nbsp;<a href="#[1]">NMI_Handler</a><BR>
 <LI><a href="#[2]">HardFault_Handler</a>&nbsp;&nbsp;&nbsp;&rArr;&nbsp;&nbsp;&nbsp;<a href="#[2]">HardFault_Handler</a><BR>
 <LI><a href="#[3]">MemoryManagement_Handler</a>&nbsp;&nbsp;&nbsp;&rArr;&nbsp;&nbsp;&nbsp;<a href="#[3]">MemoryManagement_Handler</a><BR>
 <LI><a href="#[4]">BusFault_Handler</a>&nbsp;&nbsp;&nbsp;&rArr;&nbsp;&nbsp;&nbsp;<a href="#[4]">BusFault_Handler</a><BR>
 <LI><a href="#[5]">UsageFault_Handler</a>&nbsp;&nbsp;&nbsp;&rArr;&nbsp;&nbsp;&nbsp;<a href="#[5]">UsageFault_Handler</a><BR>
 <LI><a href="#[6]">SVC_Handler</a>&nbsp;&nbsp;&nbsp;&rArr;&nbsp;&nbsp;&nbsp;<a href="#[6]">SVC_Handler</a><BR>
 <LI><a href="#[7]">DebugMon_Handler</a>&nbsp;&nbsp;&nbsp;&rArr;&nbsp;&nbsp;&nbsp;<a href="#[7]">DebugMon_Handler</a><BR>
 <LI><a href="#[8]">PendSV_Handler</a>&nbsp;&nbsp;&nbsp;&rArr;&nbsp;&nbsp;&nbsp;<a href="#[8]">PendSV_Handler</a><BR>
 <LI><a href="#[9]">SysTick_Handler</a>&nbsp;&nbsp;&nbsp;&rArr;&nbsp;&nbsp;&nbsp;<a href="#[9]">SysTick_Handler</a><BR>
 <LI><a href="#[19]">CCM_AAR_IRQHandler</a>&nbsp;&nbsp;&nbsp;&rArr;&nbsp;&nbsp;&nbsp;<a href="#[19]">CCM_AAR_IRQHandler</a><BR>
 <LI><a href="#[5b]">__asm___11_app_timer_c_cd27f9c3__nrf_delay_us</a>&nbsp;&nbsp;&nbsp;&rArr;&nbsp;&nbsp;&nbsp;<a href="#[5b]">__asm___11_app_timer_c_cd27f9c3__nrf_delay_us</a><BR>
 <LI><a href="#[59]">__asm___11_nrf_delay_c_532987f3__nrf_delay_us</a>&nbsp;&nbsp;&nbsp;&rArr;&nbsp;&nbsp;&nbsp;<a href="#[59]">__asm___11_nrf_delay_c_532987f3__nrf_delay_us</a><BR>
 <LI><a href="#[5a]">__asm___13_nrf_drv_twi_c_a9bcf68d__nrf_delay_us</a>&nbsp;&nbsp;&nbsp;&rArr;&nbsp;&nbsp;&nbsp;<a href="#[5a]">__asm___13_nrf_drv_twi_c_a9bcf68d__nrf_delay_us</a><BR>
 <LI><a href="#[93]">app_notify_error_state_transit</a>&nbsp;&nbsp;&nbsp;&rArr;&nbsp;&nbsp;&nbsp;<a href="#[95]">sm_state_change</a><BR>
 <LI><a href="#[d0]">cmd_queue_dequeue</a>&nbsp;&nbsp;&nbsp;&rArr;&nbsp;&nbsp;&nbsp;<a href="#[ce]">cmd_process</a><BR>
</UL>
<P>
<H3>
Function Pointers
</H3><UL>
 <LI><a href="#[4]">BusFault_Handler</a> from arm_startup_nrf52.o(.text) referenced from arm_startup_nrf52.o(RESET)
 <LI><a href="#[19]">CCM_AAR_IRQHandler</a> from arm_startup_nrf52.o(.text) referenced from arm_startup_nrf52.o(RESET)
 <LI><a href="#[1d]">COMP_LPCOMP_IRQHandler</a> from arm_startup_nrf52.o(.text) referenced from arm_startup_nrf52.o(RESET)
 <LI><a href="#[7]">DebugMon_Handler</a> from arm_startup_nrf52.o(.text) referenced from arm_startup_nrf52.o(RESET)
 <LI><a href="#[18]">ECB_IRQHandler</a> from arm_startup_nrf52.o(.text) referenced from arm_startup_nrf52.o(RESET)
 <LI><a href="#[2e]">FPU_IRQHandler</a> from arm_startup_nrf52.o(.text) referenced from arm_startup_nrf52.o(RESET)
 <LI><a href="#[10]">GPIOTE_IRQHandler</a> from nrf_drv_gpiote.o(i.GPIOTE_IRQHandler) referenced from arm_startup_nrf52.o(RESET)
 <LI><a href="#[2]">HardFault_Handler</a> from arm_startup_nrf52.o(.text) referenced from arm_startup_nrf52.o(RESET)
 <LI><a href="#[2d]">I2S_IRQHandler</a> from arm_startup_nrf52.o(.text) referenced from arm_startup_nrf52.o(RESET)
 <LI><a href="#[28]">MWU_IRQHandler</a> from arm_startup_nrf52.o(.text) referenced from arm_startup_nrf52.o(RESET)
 <LI><a href="#[3]">MemoryManagement_Handler</a> from arm_startup_nrf52.o(.text) referenced from arm_startup_nrf52.o(RESET)
 <LI><a href="#[f]">NFCT_IRQHandler</a> from arm_startup_nrf52.o(.text) referenced from arm_startup_nrf52.o(RESET)
 <LI><a href="#[1]">NMI_Handler</a> from arm_startup_nrf52.o(.text) referenced from arm_startup_nrf52.o(RESET)
 <LI><a href="#[27]">PDM_IRQHandler</a> from arm_startup_nrf52.o(.text) referenced from arm_startup_nrf52.o(RESET)
 <LI><a href="#[a]">POWER_CLOCK_IRQHandler</a> from arm_startup_nrf52.o(.text) referenced from arm_startup_nrf52.o(RESET)
 <LI><a href="#[26]">PWM0_IRQHandler</a> from arm_startup_nrf52.o(.text) referenced from arm_startup_nrf52.o(RESET)
 <LI><a href="#[29]">PWM1_IRQHandler</a> from arm_startup_nrf52.o(.text) referenced from arm_startup_nrf52.o(RESET)
 <LI><a href="#[2a]">PWM2_IRQHandler</a> from arm_startup_nrf52.o(.text) referenced from arm_startup_nrf52.o(RESET)
 <LI><a href="#[8]">PendSV_Handler</a> from arm_startup_nrf52.o(.text) referenced from arm_startup_nrf52.o(RESET)
 <LI><a href="#[1c]">QDEC_IRQHandler</a> from arm_startup_nrf52.o(.text) referenced from arm_startup_nrf52.o(RESET)
 <LI><a href="#[b]">RADIO_IRQHandler</a> from arm_startup_nrf52.o(.text) referenced from arm_startup_nrf52.o(RESET)
 <LI><a href="#[17]">RNG_IRQHandler</a> from arm_startup_nrf52.o(.text) referenced from arm_startup_nrf52.o(RESET)
 <LI><a href="#[15]">RTC0_IRQHandler</a> from arm_startup_nrf52.o(.text) referenced from arm_startup_nrf52.o(RESET)
 <LI><a href="#[1b]">RTC1_IRQHandler</a> from app_timer.o(i.RTC1_IRQHandler) referenced from arm_startup_nrf52.o(RESET)
 <LI><a href="#[2c]">RTC2_IRQHandler</a> from arm_startup_nrf52.o(.text) referenced from arm_startup_nrf52.o(RESET)
 <LI><a href="#[0]">Reset_Handler</a> from arm_startup_nrf52.o(.text) referenced from arm_startup_nrf52.o(RESET)
 <LI><a href="#[11]">SAADC_IRQHandler</a> from arm_startup_nrf52.o(.text) referenced from arm_startup_nrf52.o(RESET)
 <LI><a href="#[d]">SPIM0_SPIS0_TWIM0_TWIS0_SPI0_TWI0_IRQHandler</a> from nrf_drv_twi.o(i.SPIM0_SPIS0_TWIM0_TWIS0_SPI0_TWI0_IRQHandler) referenced from arm_startup_nrf52.o(RESET)
 <LI><a href="#[e]">SPIM1_SPIS1_TWIM1_TWIS1_SPI1_TWI1_IRQHandler</a> from arm_startup_nrf52.o(.text) referenced from arm_startup_nrf52.o(RESET)
 <LI><a href="#[2b]">SPIM2_SPIS2_SPI2_IRQHandler</a> from arm_startup_nrf52.o(.text) referenced from arm_startup_nrf52.o(RESET)
 <LI><a href="#[6]">SVC_Handler</a> from arm_startup_nrf52.o(.text) referenced from arm_startup_nrf52.o(RESET)
 <LI><a href="#[1e]">SWI0_EGU0_IRQHandler</a> from app_timer.o(i.SWI0_EGU0_IRQHandler) referenced from arm_startup_nrf52.o(RESET)
 <LI><a href="#[1f]">SWI1_EGU1_IRQHandler</a> from arm_startup_nrf52.o(.text) referenced from arm_startup_nrf52.o(RESET)
 <LI><a href="#[20]">SWI2_EGU2_IRQHandler</a> from softdevice_handler.o(i.SWI2_EGU2_IRQHandler) referenced from arm_startup_nrf52.o(RESET)
 <LI><a href="#[21]">SWI3_EGU3_IRQHandler</a> from arm_startup_nrf52.o(.text) referenced from arm_startup_nrf52.o(RESET)
 <LI><a href="#[22]">SWI4_EGU4_IRQHandler</a> from arm_startup_nrf52.o(.text) referenced from arm_startup_nrf52.o(RESET)
 <LI><a href="#[23]">SWI5_EGU5_IRQHandler</a> from arm_startup_nrf52.o(.text) referenced from arm_startup_nrf52.o(RESET)
 <LI><a href="#[9]">SysTick_Handler</a> from arm_startup_nrf52.o(.text) referenced from arm_startup_nrf52.o(RESET)
 <LI><a href="#[30]">SystemInit</a> from system_nrf52.o(i.SystemInit) referenced from arm_startup_nrf52.o(.text)
 <LI><a href="#[16]">TEMP_IRQHandler</a> from arm_startup_nrf52.o(.text) referenced from arm_startup_nrf52.o(RESET)
 <LI><a href="#[12]">TIMER0_IRQHandler</a> from arm_startup_nrf52.o(.text) referenced from arm_startup_nrf52.o(RESET)
 <LI><a href="#[13]">TIMER1_IRQHandler</a> from arm_startup_nrf52.o(.text) referenced from arm_startup_nrf52.o(RESET)
 <LI><a href="#[14]">TIMER2_IRQHandler</a> from arm_startup_nrf52.o(.text) referenced from arm_startup_nrf52.o(RESET)
 <LI><a href="#[24]">TIMER3_IRQHandler</a> from arm_startup_nrf52.o(.text) referenced from arm_startup_nrf52.o(RESET)
 <LI><a href="#[25]">TIMER4_IRQHandler</a> from arm_startup_nrf52.o(.text) referenced from arm_startup_nrf52.o(RESET)
 <LI><a href="#[c]">UARTE0_UART0_IRQHandler</a> from nrf_drv_uart.o(i.UARTE0_UART0_IRQHandler) referenced from arm_startup_nrf52.o(RESET)
 <LI><a href="#[5]">UsageFault_Handler</a> from arm_startup_nrf52.o(.text) referenced from arm_startup_nrf52.o(RESET)
 <LI><a href="#[1a]">WDT_IRQHandler</a> from arm_startup_nrf52.o(.text) referenced from arm_startup_nrf52.o(RESET)
 <LI><a href="#[31]">__main</a> from entry.o(.ARM.Collect$$$$00000000) referenced from arm_startup_nrf52.o(.text)
 <LI><a href="#[34]">ble_evt_dispatch</a> from main.o(i.ble_evt_dispatch) referenced from main.o(i.ble_stack_init)
 <LI><a href="#[40]">bsp_button_event_handler</a> from bsp.o(i.bsp_button_event_handler) referenced 4 times from bsp.o(.constdata)
 <LI><a href="#[37]">conn_params_error_handler</a> from main.o(i.conn_params_error_handler) referenced from main.o(i.conn_params_init)
 <LI><a href="#[54]">data_page_erase_state_run</a> from pstorage.o(i.data_page_erase_state_run) referenced from pstorage.o(.constdata)
 <LI><a href="#[53]">data_to_swap_write_state_run</a> from pstorage.o(i.data_to_swap_write_state_run) referenced from pstorage.o(.constdata)
 <LI><a href="#[3b]">device_manager_evt_handler</a> from main.o(i.device_manager_evt_handler) referenced from main.o(i.device_manager_init)
 <LI><a href="#[3c]">dm_pstorage_cb_handler</a> from device_manager_peripheral.o(i.dm_pstorage_cb_handler) referenced from device_manager_peripheral.o(i.dm_init)
 <LI><a href="#[4b]">gattc_context_apply</a> from device_manager_peripheral.o(i.gattc_context_apply) referenced from device_manager_peripheral.o(.constdata)
 <LI><a href="#[47]">gattc_context_load</a> from device_manager_peripheral.o(i.gattc_context_load) referenced from device_manager_peripheral.o(.constdata)
 <LI><a href="#[43]">gattc_context_store</a> from device_manager_peripheral.o(i.gattc_context_store) referenced from device_manager_peripheral.o(.constdata)
 <LI><a href="#[4a]">gatts_context_apply</a> from device_manager_peripheral.o(i.gatts_context_apply) referenced from device_manager_peripheral.o(.constdata)
 <LI><a href="#[46]">gatts_context_load</a> from device_manager_peripheral.o(i.gatts_context_load) referenced from device_manager_peripheral.o(.constdata)
 <LI><a href="#[42]">gatts_context_store</a> from device_manager_peripheral.o(i.gatts_context_store) referenced from device_manager_peripheral.o(.constdata)
 <LI><a href="#[4c]">gattsc_context_apply</a> from device_manager_peripheral.o(i.gattsc_context_apply) referenced from device_manager_peripheral.o(.constdata)
 <LI><a href="#[48]">gattsc_context_load</a> from device_manager_peripheral.o(i.gattsc_context_load) referenced from device_manager_peripheral.o(.constdata)
 <LI><a href="#[44]">gattsc_context_store</a> from device_manager_peripheral.o(i.gattsc_context_store) referenced from device_manager_peripheral.o(.constdata)
 <LI><a href="#[56]">head_restore_state_run</a> from pstorage.o(i.head_restore_state_run) referenced from pstorage.o(.constdata)
 <LI><a href="#[2f]">main</a> from main.o(i.main) referenced from entry9a.o(.ARM.Collect$$$$0000000B)
 <LI><a href="#[49]">no_service_context_apply</a> from device_manager_peripheral.o(i.no_service_context_apply) referenced from device_manager_peripheral.o(.constdata)
 <LI><a href="#[45]">no_service_context_load</a> from device_manager_peripheral.o(i.no_service_context_load) referenced from device_manager_peripheral.o(.constdata)
 <LI><a href="#[41]">no_service_context_store</a> from device_manager_peripheral.o(i.no_service_context_store) referenced from device_manager_peripheral.o(.constdata)
 <LI><a href="#[32]">on_adv_evt</a> from main.o(i.on_adv_evt) referenced from main.o(i.advertising_init)
 <LI><a href="#[36]">on_conn_params_evt</a> from main.o(i.on_conn_params_evt) referenced from main.o(i.conn_params_init)
 <LI><a href="#[39]">pstorage_store</a> from pstorage.o(i.pstorage_store) referenced from device_manager_peripheral.o(i.device_context_store)
 <LI><a href="#[39]">pstorage_store</a> from pstorage.o(i.pstorage_store) referenced from device_manager_peripheral.o(i.gatts_context_store)
 <LI><a href="#[38]">pstorage_update</a> from pstorage.o(i.pstorage_update) referenced from device_manager_peripheral.o(i.device_context_store)
 <LI><a href="#[38]">pstorage_update</a> from pstorage.o(i.pstorage_update) referenced from device_manager_peripheral.o(i.gatts_context_store)
 <LI><a href="#[3d]">si705x_handler</a> from main.o(i.si705x_handler) referenced from main.o(i.services_init)
 <LI><a href="#[3e]">softdevice_fault_handler</a> from softdevice_handler.o(i.softdevice_fault_handler) referenced from softdevice_handler.o(i.softdevice_handler_init)
 <LI><a href="#[4f]">state_erase_data_page_entry_run</a> from pstorage.o(i.state_erase_data_page_entry_run) referenced from pstorage.o(.constdata)
 <LI><a href="#[51]">state_restore_head_entry_run</a> from pstorage.o(i.state_restore_head_entry_run) referenced from pstorage.o(.constdata)
 <LI><a href="#[50]">state_restore_tail_entry_run</a> from pstorage.o(i.state_restore_tail_entry_run) referenced from pstorage.o(.constdata)
 <LI><a href="#[4d]">state_swap_erase_entry_run</a> from pstorage.o(i.state_swap_erase_entry_run) referenced from pstorage.o(.constdata)
 <LI><a href="#[4e]">state_write_data_swap_entry_run</a> from pstorage.o(i.state_write_data_swap_entry_run) referenced from pstorage.o(.constdata)
 <LI><a href="#[3a]">storage_operation_dummy_handler</a> from device_manager_peripheral.o(i.storage_operation_dummy_handler) referenced from device_manager_peripheral.o(i.device_context_store)
 <LI><a href="#[52]">swap_erase_state_run</a> from pstorage.o(i.swap_erase_state_run) referenced from pstorage.o(.constdata)
 <LI><a href="#[35]">sys_evt_dispatch</a> from main.o(i.sys_evt_dispatch) referenced from main.o(i.ble_stack_init)
 <LI><a href="#[55]">tail_restore_state_run</a> from pstorage.o(i.tail_restore_state_run) referenced from pstorage.o(.constdata)
 <LI><a href="#[3f]">timer_timeout_handler</a> from main.o(i.timer_timeout_handler) referenced from main.o(i.timers_init)
 <LI><a href="#[33]">update_timeout_handler</a> from ble_conn_params.o(i.update_timeout_handler) referenced from ble_conn_params.o(i.ble_conn_params_init)
</UL>
<P>
<H3>
Global Symbols
</H3>
<P><STRONG><a name="[31]"></a>__main</STRONG> (Thumb, 0 bytes, Stack size unknown bytes, entry.o(.ARM.Collect$$$$00000000))
<BR>[Address Reference Count : 1]<UL><LI> arm_startup_nrf52.o(.text)
</UL>
<P><STRONG><a name="[141]"></a>_main_stk</STRONG> (Thumb, 0 bytes, Stack size unknown bytes, entry2.o(.ARM.Collect$$$$00000001))

<P><STRONG><a name="[57]"></a>_main_scatterload</STRONG> (Thumb, 0 bytes, Stack size unknown bytes, entry5.o(.ARM.Collect$$$$00000004))
<BR><BR>[Calls]<UL><LI><a href="#[58]">&gt;&gt;</a>&nbsp;&nbsp;&nbsp;__scatterload
</UL>

<P><STRONG><a name="[6b]"></a>__main_after_scatterload</STRONG> (Thumb, 0 bytes, Stack size unknown bytes, entry5.o(.ARM.Collect$$$$00000004))
<BR><BR>[Called By]<UL><LI><a href="#[58]">&gt;&gt;</a>&nbsp;&nbsp;&nbsp;__scatterload
</UL>

<P><STRONG><a name="[142]"></a>_main_clock</STRONG> (Thumb, 0 bytes, Stack size unknown bytes, entry7b.o(.ARM.Collect$$$$00000008))

<P><STRONG><a name="[143]"></a>_main_cpp_init</STRONG> (Thumb, 0 bytes, Stack size unknown bytes, entry8b.o(.ARM.Collect$$$$0000000A))

<P><STRONG><a name="[144]"></a>_main_init</STRONG> (Thumb, 0 bytes, Stack size unknown bytes, entry9a.o(.ARM.Collect$$$$0000000B))

<P><STRONG><a name="[145]"></a>__rt_final_cpp</STRONG> (Thumb, 0 bytes, Stack size unknown bytes, entry10a.o(.ARM.Collect$$$$0000000D))

<P><STRONG><a name="[146]"></a>__rt_final_exit</STRONG> (Thumb, 0 bytes, Stack size unknown bytes, entry11a.o(.ARM.Collect$$$$0000000F))

<P><STRONG><a name="[59]"></a>__asm___11_nrf_delay_c_532987f3__nrf_delay_us</STRONG> (Thumb, 118 bytes, Stack size 0 bytes, nrf_delay.o(.emb_text))
<BR><BR>[Calls]<UL><LI><a href="#[59]">&gt;&gt;</a>&nbsp;&nbsp;&nbsp;__asm___11_nrf_delay_c_532987f3__nrf_delay_us
</UL>
<BR>[Called By]<UL><LI><a href="#[105]">&gt;&gt;</a>&nbsp;&nbsp;&nbsp;nrf_delay_ms
<LI><a href="#[59]">&gt;&gt;</a>&nbsp;&nbsp;&nbsp;__asm___11_nrf_delay_c_532987f3__nrf_delay_us
</UL>

<P><STRONG><a name="[5a]"></a>__asm___13_nrf_drv_twi_c_a9bcf68d__nrf_delay_us</STRONG> (Thumb, 118 bytes, Stack size 0 bytes, nrf_drv_twi.o(.emb_text))
<BR><BR>[Calls]<UL><LI><a href="#[5a]">&gt;&gt;</a>&nbsp;&nbsp;&nbsp;__asm___13_nrf_drv_twi_c_a9bcf68d__nrf_delay_us
</UL>
<BR>[Called By]<UL><LI><a href="#[5a]">&gt;&gt;</a>&nbsp;&nbsp;&nbsp;__asm___13_nrf_drv_twi_c_a9bcf68d__nrf_delay_us
<LI><a href="#[10d]">&gt;&gt;</a>&nbsp;&nbsp;&nbsp;twi_clear_bus
</UL>

<P><STRONG><a name="[5b]"></a>__asm___11_app_timer_c_cd27f9c3__nrf_delay_us</STRONG> (Thumb, 118 bytes, Stack size 0 bytes, app_timer.o(.emb_text))
<BR><BR>[Calls]<UL><LI><a href="#[5b]">&gt;&gt;</a>&nbsp;&nbsp;&nbsp;__asm___11_app_timer_c_cd27f9c3__nrf_delay_us
</UL>
<BR>[Called By]<UL><LI><a href="#[5b]">&gt;&gt;</a>&nbsp;&nbsp;&nbsp;__asm___11_app_timer_c_cd27f9c3__nrf_delay_us
<LI><a href="#[97]">&gt;&gt;</a>&nbsp;&nbsp;&nbsp;rtc1_stop
<LI><a href="#[d7]">&gt;&gt;</a>&nbsp;&nbsp;&nbsp;rtc1_start
<LI><a href="#[d5]">&gt;&gt;</a>&nbsp;&nbsp;&nbsp;compare_reg_update
</UL>

<P><STRONG><a name="[0]"></a>Reset_Handler</STRONG> (Thumb, 8 bytes, Stack size 0 bytes, arm_startup_nrf52.o(.text))
<BR>[Address Reference Count : 1]<UL><LI> arm_startup_nrf52.o(RESET)
</UL>
<P><STRONG><a name="[1]"></a>NMI_Handler</STRONG> (Thumb, 2 bytes, Stack size 0 bytes, arm_startup_nrf52.o(.text))
<BR><BR>[Calls]<UL><LI><a href="#[1]">&gt;&gt;</a>&nbsp;&nbsp;&nbsp;NMI_Handler
</UL>
<BR>[Called By]<UL><LI><a href="#[1]">&gt;&gt;</a>&nbsp;&nbsp;&nbsp;NMI_Handler
</UL>
<BR>[Address Reference Count : 1]<UL><LI> arm_startup_nrf52.o(RESET)
</UL>
<P><STRONG><a name="[2]"></a>HardFault_Handler</STRONG> (Thumb, 2 bytes, Stack size 0 bytes, arm_startup_nrf52.o(.text))
<BR><BR>[Calls]<UL><LI><a href="#[2]">&gt;&gt;</a>&nbsp;&nbsp;&nbsp;HardFault_Handler
</UL>
<BR>[Called By]<UL><LI><a href="#[2]">&gt;&gt;</a>&nbsp;&nbsp;&nbsp;HardFault_Handler
</UL>
<BR>[Address Reference Count : 1]<UL><LI> arm_startup_nrf52.o(RESET)
</UL>
<P><STRONG><a name="[3]"></a>MemoryManagement_Handler</STRONG> (Thumb, 2 bytes, Stack size 0 bytes, arm_startup_nrf52.o(.text))
<BR><BR>[Calls]<UL><LI><a href="#[3]">&gt;&gt;</a>&nbsp;&nbsp;&nbsp;MemoryManagement_Handler
</UL>
<BR>[Called By]<UL><LI><a href="#[3]">&gt;&gt;</a>&nbsp;&nbsp;&nbsp;MemoryManagement_Handler
</UL>
<BR>[Address Reference Count : 1]<UL><LI> arm_startup_nrf52.o(RESET)
</UL>
<P><STRONG><a name="[4]"></a>BusFault_Handler</STRONG> (Thumb, 2 bytes, Stack size 0 bytes, arm_startup_nrf52.o(.text))
<BR><BR>[Calls]<UL><LI><a href="#[4]">&gt;&gt;</a>&nbsp;&nbsp;&nbsp;BusFault_Handler
</UL>
<BR>[Called By]<UL><LI><a href="#[4]">&gt;&gt;</a>&nbsp;&nbsp;&nbsp;BusFault_Handler
</UL>
<BR>[Address Reference Count : 1]<UL><LI> arm_startup_nrf52.o(RESET)
</UL>
<P><STRONG><a name="[5]"></a>UsageFault_Handler</STRONG> (Thumb, 2 bytes, Stack size 0 bytes, arm_startup_nrf52.o(.text))
<BR><BR>[Calls]<UL><LI><a href="#[5]">&gt;&gt;</a>&nbsp;&nbsp;&nbsp;UsageFault_Handler
</UL>
<BR>[Called By]<UL><LI><a href="#[5]">&gt;&gt;</a>&nbsp;&nbsp;&nbsp;UsageFault_Handler
</UL>
<BR>[Address Reference Count : 1]<UL><LI> arm_startup_nrf52.o(RESET)
</UL>
<P><STRONG><a name="[6]"></a>SVC_Handler</STRONG> (Thumb, 2 bytes, Stack size 0 bytes, arm_startup_nrf52.o(.text))
<BR><BR>[Calls]<UL><LI><a href="#[6]">&gt;&gt;</a>&nbsp;&nbsp;&nbsp;SVC_Handler
</UL>
<BR>[Called By]<UL><LI><a href="#[6]">&gt;&gt;</a>&nbsp;&nbsp;&nbsp;SVC_Handler
</UL>
<BR>[Address Reference Count : 1]<UL><LI> arm_startup_nrf52.o(RESET)
</UL>
<P><STRONG><a name="[7]"></a>DebugMon_Handler</STRONG> (Thumb, 2 bytes, Stack size 0 bytes, arm_startup_nrf52.o(.text))
<BR><BR>[Calls]<UL><LI><a href="#[7]">&gt;&gt;</a>&nbsp;&nbsp;&nbsp;DebugMon_Handler
</UL>
<BR>[Called By]<UL><LI><a href="#[7]">&gt;&gt;</a>&nbsp;&nbsp;&nbsp;DebugMon_Handler
</UL>
<BR>[Address Reference Count : 1]<UL><LI> arm_startup_nrf52.o(RESET)
</UL>
<P><STRONG><a name="[8]"></a>PendSV_Handler</STRONG> (Thumb, 2 bytes, Stack size 0 bytes, arm_startup_nrf52.o(.text))
<BR><BR>[Calls]<UL><LI><a href="#[8]">&gt;&gt;</a>&nbsp;&nbsp;&nbsp;PendSV_Handler
</UL>
<BR>[Called By]<UL><LI><a href="#[8]">&gt;&gt;</a>&nbsp;&nbsp;&nbsp;PendSV_Handler
</UL>
<BR>[Address Reference Count : 1]<UL><LI> arm_startup_nrf52.o(RESET)
</UL>
<P><STRONG><a name="[9]"></a>SysTick_Handler</STRONG> (Thumb, 2 bytes, Stack size 0 bytes, arm_startup_nrf52.o(.text))
<BR><BR>[Calls]<UL><LI><a href="#[9]">&gt;&gt;</a>&nbsp;&nbsp;&nbsp;SysTick_Handler
</UL>
<BR>[Called By]<UL><LI><a href="#[9]">&gt;&gt;</a>&nbsp;&nbsp;&nbsp;SysTick_Handler
</UL>
<BR>[Address Reference Count : 1]<UL><LI> arm_startup_nrf52.o(RESET)
</UL>
<P><STRONG><a name="[19]"></a>CCM_AAR_IRQHandler</STRONG> (Thumb, 0 bytes, Stack size 0 bytes, arm_startup_nrf52.o(.text))
<BR><BR>[Calls]<UL><LI><a href="#[19]">&gt;&gt;</a>&nbsp;&nbsp;&nbsp;CCM_AAR_IRQHandler
</UL>
<BR>[Called By]<UL><LI><a href="#[19]">&gt;&gt;</a>&nbsp;&nbsp;&nbsp;CCM_AAR_IRQHandler
</UL>
<BR>[Address Reference Count : 1]<UL><LI> arm_startup_nrf52.o(RESET)
</UL>
<P><STRONG><a name="[1d]"></a>COMP_LPCOMP_IRQHandler</STRONG> (Thumb, 0 bytes, Stack size 0 bytes, arm_startup_nrf52.o(.text))
<BR>[Address Reference Count : 1]<UL><LI> arm_startup_nrf52.o(RESET)
</UL>
<P><STRONG><a name="[18]"></a>ECB_IRQHandler</STRONG> (Thumb, 0 bytes, Stack size 0 bytes, arm_startup_nrf52.o(.text))
<BR>[Address Reference Count : 1]<UL><LI> arm_startup_nrf52.o(RESET)
</UL>
<P><STRONG><a name="[2e]"></a>FPU_IRQHandler</STRONG> (Thumb, 0 bytes, Stack size 0 bytes, arm_startup_nrf52.o(.text))
<BR>[Address Reference Count : 1]<UL><LI> arm_startup_nrf52.o(RESET)
</UL>
<P><STRONG><a name="[2d]"></a>I2S_IRQHandler</STRONG> (Thumb, 0 bytes, Stack size 0 bytes, arm_startup_nrf52.o(.text))
<BR>[Address Reference Count : 1]<UL><LI> arm_startup_nrf52.o(RESET)
</UL>
<P><STRONG><a name="[28]"></a>MWU_IRQHandler</STRONG> (Thumb, 0 bytes, Stack size 0 bytes, arm_startup_nrf52.o(.text))
<BR>[Address Reference Count : 1]<UL><LI> arm_startup_nrf52.o(RESET)
</UL>
<P><STRONG><a name="[f]"></a>NFCT_IRQHandler</STRONG> (Thumb, 0 bytes, Stack size 0 bytes, arm_startup_nrf52.o(.text))
<BR>[Address Reference Count : 1]<UL><LI> arm_startup_nrf52.o(RESET)
</UL>
<P><STRONG><a name="[27]"></a>PDM_IRQHandler</STRONG> (Thumb, 0 bytes, Stack size 0 bytes, arm_startup_nrf52.o(.text))
<BR>[Address Reference Count : 1]<UL><LI> arm_startup_nrf52.o(RESET)
</UL>
<P><STRONG><a name="[a]"></a>POWER_CLOCK_IRQHandler</STRONG> (Thumb, 0 bytes, Stack size 0 bytes, arm_startup_nrf52.o(.text))
<BR>[Address Reference Count : 1]<UL><LI> arm_startup_nrf52.o(RESET)
</UL>
<P><STRONG><a name="[26]"></a>PWM0_IRQHandler</STRONG> (Thumb, 0 bytes, Stack size 0 bytes, arm_startup_nrf52.o(.text))
<BR>[Address Reference Count : 1]<UL><LI> arm_startup_nrf52.o(RESET)
</UL>
<P><STRONG><a name="[29]"></a>PWM1_IRQHandler</STRONG> (Thumb, 0 bytes, Stack size 0 bytes, arm_startup_nrf52.o(.text))
<BR>[Address Reference Count : 1]<UL><LI> arm_startup_nrf52.o(RESET)
</UL>
<P><STRONG><a name="[2a]"></a>PWM2_IRQHandler</STRONG> (Thumb, 0 bytes, Stack size 0 bytes, arm_startup_nrf52.o(.text))
<BR>[Address Reference Count : 1]<UL><LI> arm_startup_nrf52.o(RESET)
</UL>
<P><STRONG><a name="[1c]"></a>QDEC_IRQHandler</STRONG> (Thumb, 0 bytes, Stack size 0 bytes, arm_startup_nrf52.o(.text))
<BR>[Address Reference Count : 1]<UL><LI> arm_startup_nrf52.o(RESET)
</UL>
<P><STRONG><a name="[b]"></a>RADIO_IRQHandler</STRONG> (Thumb, 0 bytes, Stack size 0 bytes, arm_startup_nrf52.o(.text))
<BR>[Address Reference Count : 1]<UL><LI> arm_startup_nrf52.o(RESET)
</UL>
<P><STRONG><a name="[17]"></a>RNG_IRQHandler</STRONG> (Thumb, 0 bytes, Stack size 0 bytes, arm_startup_nrf52.o(.text))
<BR>[Address Reference Count : 1]<UL><LI> arm_startup_nrf52.o(RESET)
</UL>
<P><STRONG><a name="[15]"></a>RTC0_IRQHandler</STRONG> (Thumb, 0 bytes, Stack size 0 bytes, arm_startup_nrf52.o(.text))
<BR>[Address Reference Count : 1]<UL><LI> arm_startup_nrf52.o(RESET)
</UL>
<P><STRONG><a name="[2c]"></a>RTC2_IRQHandler</STRONG> (Thumb, 0 bytes, Stack size 0 bytes, arm_startup_nrf52.o(.text))
<BR>[Address Reference Count : 1]<UL><LI> arm_startup_nrf52.o(RESET)
</UL>
<P><STRONG><a name="[11]"></a>SAADC_IRQHandler</STRONG> (Thumb, 0 bytes, Stack size 0 bytes, arm_startup_nrf52.o(.text))
<BR>[Address Reference Count : 1]<UL><LI> arm_startup_nrf52.o(RESET)
</UL>
<P><STRONG><a name="[e]"></a>SPIM1_SPIS1_TWIM1_TWIS1_SPI1_TWI1_IRQHandler</STRONG> (Thumb, 0 bytes, Stack size 0 bytes, arm_startup_nrf52.o(.text))
<BR>[Address Reference Count : 1]<UL><LI> arm_startup_nrf52.o(RESET)
</UL>
<P><STRONG><a name="[2b]"></a>SPIM2_SPIS2_SPI2_IRQHandler</STRONG> (Thumb, 0 bytes, Stack size 0 bytes, arm_startup_nrf52.o(.text))
<BR>[Address Reference Count : 1]<UL><LI> arm_startup_nrf52.o(RESET)
</UL>
<P><STRONG><a name="[1f]"></a>SWI1_EGU1_IRQHandler</STRONG> (Thumb, 0 bytes, Stack size 0 bytes, arm_startup_nrf52.o(.text))
<BR>[Address Reference Count : 1]<UL><LI> arm_startup_nrf52.o(RESET)
</UL>
<P><STRONG><a name="[21]"></a>SWI3_EGU3_IRQHandler</STRONG> (Thumb, 0 bytes, Stack size 0 bytes, arm_startup_nrf52.o(.text))
<BR>[Address Reference Count : 1]<UL><LI> arm_startup_nrf52.o(RESET)
</UL>
<P><STRONG><a name="[22]"></a>SWI4_EGU4_IRQHandler</STRONG> (Thumb, 0 bytes, Stack size 0 bytes, arm_startup_nrf52.o(.text))
<BR>[Address Reference Count : 1]<UL><LI> arm_startup_nrf52.o(RESET)
</UL>
<P><STRONG><a name="[23]"></a>SWI5_EGU5_IRQHandler</STRONG> (Thumb, 0 bytes, Stack size 0 bytes, arm_startup_nrf52.o(.text))
<BR>[Address Reference Count : 1]<UL><LI> arm_startup_nrf52.o(RESET)
</UL>
<P><STRONG><a name="[16]"></a>TEMP_IRQHandler</STRONG> (Thumb, 0 bytes, Stack size 0 bytes, arm_startup_nrf52.o(.text))
<BR>[Address Reference Count : 1]<UL><LI> arm_startup_nrf52.o(RESET)
</UL>
<P><STRONG><a name="[12]"></a>TIMER0_IRQHandler</STRONG> (Thumb, 0 bytes, Stack size 0 bytes, arm_startup_nrf52.o(.text))
<BR>[Address Reference Count : 1]<UL><LI> arm_startup_nrf52.o(RESET)
</UL>
<P><STRONG><a name="[13]"></a>TIMER1_IRQHandler</STRONG> (Thumb, 0 bytes, Stack size 0 bytes, arm_startup_nrf52.o(.text))
<BR>[Address Reference Count : 1]<UL><LI> arm_startup_nrf52.o(RESET)
</UL>
<P><STRONG><a name="[14]"></a>TIMER2_IRQHandler</STRONG> (Thumb, 0 bytes, Stack size 0 bytes, arm_startup_nrf52.o(.text))
<BR>[Address Reference Count : 1]<UL><LI> arm_startup_nrf52.o(RESET)
</UL>
<P><STRONG><a name="[24]"></a>TIMER3_IRQHandler</STRONG> (Thumb, 0 bytes, Stack size 0 bytes, arm_startup_nrf52.o(.text))
<BR>[Address Reference Count : 1]<UL><LI> arm_startup_nrf52.o(RESET)
</UL>
<P><STRONG><a name="[25]"></a>TIMER4_IRQHandler</STRONG> (Thumb, 0 bytes, Stack size 0 bytes, arm_startup_nrf52.o(.text))
<BR>[Address Reference Count : 1]<UL><LI> arm_startup_nrf52.o(RESET)
</UL>
<P><STRONG><a name="[1a]"></a>WDT_IRQHandler</STRONG> (Thumb, 0 bytes, Stack size 0 bytes, arm_startup_nrf52.o(.text))
<BR>[Address Reference Count : 1]<UL><LI> arm_startup_nrf52.o(RESET)
</UL>
<P><STRONG><a name="[10b]"></a>__aeabi_memcpy</STRONG> (Thumb, 36 bytes, Stack size 0 bytes, memcpya.o(.text))
<BR><BR>[Called By]<UL><LI><a href="#[8b]">&gt;&gt;</a>&nbsp;&nbsp;&nbsp;service_data_encode
<LI><a href="#[8a]">&gt;&gt;</a>&nbsp;&nbsp;&nbsp;manuf_specific_data_encode
<LI><a href="#[c4]">&gt;&gt;</a>&nbsp;&nbsp;&nbsp;pstorage_load
</UL>

<P><STRONG><a name="[a7]"></a>__aeabi_memcpy4</STRONG> (Thumb, 0 bytes, Stack size 0 bytes, memcpya.o(.text))
<BR><BR>[Called By]<UL><LI><a href="#[af]">&gt;&gt;</a>&nbsp;&nbsp;&nbsp;ble_conn_params_init
<LI><a href="#[8f]">&gt;&gt;</a>&nbsp;&nbsp;&nbsp;ble_advertising_init
<LI><a href="#[42]">&gt;&gt;</a>&nbsp;&nbsp;&nbsp;gatts_context_store
</UL>

<P><STRONG><a name="[147]"></a>__aeabi_memcpy8</STRONG> (Thumb, 0 bytes, Stack size 0 bytes, memcpya.o(.text), UNUSED)

<P><STRONG><a name="[5d]"></a>__aeabi_memset</STRONG> (Thumb, 14 bytes, Stack size 0 bytes, memseta.o(.text))
<BR><BR>[Called By]<UL><LI><a href="#[5e]">&gt;&gt;</a>&nbsp;&nbsp;&nbsp;_memset$wrapper
<LI><a href="#[5c]">&gt;&gt;</a>&nbsp;&nbsp;&nbsp;__aeabi_memclr
</UL>

<P><STRONG><a name="[148]"></a>__aeabi_memset4</STRONG> (Thumb, 0 bytes, Stack size 0 bytes, memseta.o(.text), UNUSED)

<P><STRONG><a name="[149]"></a>__aeabi_memset8</STRONG> (Thumb, 0 bytes, Stack size 0 bytes, memseta.o(.text), UNUSED)

<P><STRONG><a name="[5c]"></a>__aeabi_memclr</STRONG> (Thumb, 4 bytes, Stack size 0 bytes, memseta.o(.text))
<BR><BR>[Calls]<UL><LI><a href="#[5d]">&gt;&gt;</a>&nbsp;&nbsp;&nbsp;__aeabi_memset
</UL>
<BR>[Called By]<UL><LI><a href="#[e7]">&gt;&gt;</a>&nbsp;&nbsp;&nbsp;peer_instance_init
</UL>

<P><STRONG><a name="[8e]"></a>__aeabi_memclr4</STRONG> (Thumb, 0 bytes, Stack size 0 bytes, memseta.o(.text))
<BR><BR>[Called By]<UL><LI><a href="#[bd]">&gt;&gt;</a>&nbsp;&nbsp;&nbsp;softdevice_enable_get_default_config
<LI><a href="#[ea]">&gt;&gt;</a>&nbsp;&nbsp;&nbsp;dm_init
<LI><a href="#[b6]">&gt;&gt;</a>&nbsp;&nbsp;&nbsp;dm_ble_evt_handler
<LI><a href="#[aa]">&gt;&gt;</a>&nbsp;&nbsp;&nbsp;ble_advertising_start
<LI><a href="#[8f]">&gt;&gt;</a>&nbsp;&nbsp;&nbsp;ble_advertising_init
<LI><a href="#[ba]">&gt;&gt;</a>&nbsp;&nbsp;&nbsp;temp_char_add
<LI><a href="#[db]">&gt;&gt;</a>&nbsp;&nbsp;&nbsp;conn_params_init
<LI><a href="#[8d]">&gt;&gt;</a>&nbsp;&nbsp;&nbsp;advertising_init
<LI><a href="#[42]">&gt;&gt;</a>&nbsp;&nbsp;&nbsp;gatts_context_store
<LI><a href="#[3c]">&gt;&gt;</a>&nbsp;&nbsp;&nbsp;dm_pstorage_cb_handler
</UL>

<P><STRONG><a name="[14a]"></a>__aeabi_memclr8</STRONG> (Thumb, 0 bytes, Stack size 0 bytes, memseta.o(.text), UNUSED)

<P><STRONG><a name="[5e]"></a>_memset$wrapper</STRONG> (Thumb, 18 bytes, Stack size 8 bytes, memseta.o(.text), UNUSED)
<BR><BR>[Calls]<UL><LI><a href="#[5d]">&gt;&gt;</a>&nbsp;&nbsp;&nbsp;__aeabi_memset
</UL>

<P><STRONG><a name="[e4]"></a>memcmp</STRONG> (Thumb, 26 bytes, Stack size 12 bytes, memcmp.o(.text))
<BR><BR>[Stack]<UL><LI>Max Depth = 12<LI>Call Chain = memcmp
</UL>
<BR>[Called By]<UL><LI><a href="#[42]">&gt;&gt;</a>&nbsp;&nbsp;&nbsp;gatts_context_store
<LI><a href="#[3c]">&gt;&gt;</a>&nbsp;&nbsp;&nbsp;dm_pstorage_cb_handler
<LI><a href="#[e3]">&gt;&gt;</a>&nbsp;&nbsp;&nbsp;device_instance_find
</UL>

<P><STRONG><a name="[5f]"></a>__aeabi_dadd</STRONG> (Thumb, 322 bytes, Stack size 48 bytes, dadd.o(.text))
<BR><BR>[Stack]<UL><LI>Max Depth = 88<LI>Call Chain = __aeabi_dadd &rArr; _double_epilogue &rArr; _double_round
</UL>
<BR>[Calls]<UL><LI><a href="#[61]">&gt;&gt;</a>&nbsp;&nbsp;&nbsp;__aeabi_lasr
<LI><a href="#[60]">&gt;&gt;</a>&nbsp;&nbsp;&nbsp;__aeabi_llsl
<LI><a href="#[63]">&gt;&gt;</a>&nbsp;&nbsp;&nbsp;_double_round
<LI><a href="#[62]">&gt;&gt;</a>&nbsp;&nbsp;&nbsp;_double_epilogue
</UL>
<BR>[Called By]<UL><LI><a href="#[65]">&gt;&gt;</a>&nbsp;&nbsp;&nbsp;__aeabi_drsub
<LI><a href="#[64]">&gt;&gt;</a>&nbsp;&nbsp;&nbsp;__aeabi_dsub
</UL>

<P><STRONG><a name="[64]"></a>__aeabi_dsub</STRONG> (Thumb, 6 bytes, Stack size 0 bytes, dadd.o(.text))
<BR><BR>[Stack]<UL><LI>Max Depth = 88<LI>Call Chain = __aeabi_dsub &rArr; __aeabi_dadd &rArr; _double_epilogue &rArr; _double_round
</UL>
<BR>[Calls]<UL><LI><a href="#[5f]">&gt;&gt;</a>&nbsp;&nbsp;&nbsp;__aeabi_dadd
</UL>
<BR>[Called By]<UL><LI><a href="#[3f]">&gt;&gt;</a>&nbsp;&nbsp;&nbsp;timer_timeout_handler
</UL>

<P><STRONG><a name="[65]"></a>__aeabi_drsub</STRONG> (Thumb, 6 bytes, Stack size 0 bytes, dadd.o(.text), UNUSED)
<BR><BR>[Calls]<UL><LI><a href="#[5f]">&gt;&gt;</a>&nbsp;&nbsp;&nbsp;__aeabi_dadd
</UL>

<P><STRONG><a name="[66]"></a>__aeabi_dmul</STRONG> (Thumb, 228 bytes, Stack size 48 bytes, dmul.o(.text))
<BR><BR>[Stack]<UL><LI>Max Depth = 88<LI>Call Chain = __aeabi_dmul &rArr; _double_epilogue &rArr; _double_round
</UL>
<BR>[Calls]<UL><LI><a href="#[62]">&gt;&gt;</a>&nbsp;&nbsp;&nbsp;_double_epilogue
</UL>
<BR>[Called By]<UL><LI><a href="#[3f]">&gt;&gt;</a>&nbsp;&nbsp;&nbsp;timer_timeout_handler
</UL>

<P><STRONG><a name="[67]"></a>__aeabi_ddiv</STRONG> (Thumb, 222 bytes, Stack size 32 bytes, ddiv.o(.text))
<BR><BR>[Stack]<UL><LI>Max Depth = 40<LI>Call Chain = __aeabi_ddiv &rArr; _double_round
</UL>
<BR>[Calls]<UL><LI><a href="#[63]">&gt;&gt;</a>&nbsp;&nbsp;&nbsp;_double_round
</UL>
<BR>[Called By]<UL><LI><a href="#[3f]">&gt;&gt;</a>&nbsp;&nbsp;&nbsp;timer_timeout_handler
</UL>

<P><STRONG><a name="[68]"></a>__aeabi_i2d</STRONG> (Thumb, 34 bytes, Stack size 16 bytes, dflti.o(.text))
<BR><BR>[Stack]<UL><LI>Max Depth = 56<LI>Call Chain = __aeabi_i2d &rArr; _double_epilogue &rArr; _double_round
</UL>
<BR>[Calls]<UL><LI><a href="#[62]">&gt;&gt;</a>&nbsp;&nbsp;&nbsp;_double_epilogue
</UL>
<BR>[Called By]<UL><LI><a href="#[3f]">&gt;&gt;</a>&nbsp;&nbsp;&nbsp;timer_timeout_handler
</UL>

<P><STRONG><a name="[69]"></a>__aeabi_d2uiz</STRONG> (Thumb, 50 bytes, Stack size 8 bytes, dfixui.o(.text))
<BR><BR>[Stack]<UL><LI>Max Depth = 8<LI>Call Chain = __aeabi_d2uiz
</UL>
<BR>[Calls]<UL><LI><a href="#[6a]">&gt;&gt;</a>&nbsp;&nbsp;&nbsp;__aeabi_llsr
</UL>
<BR>[Called By]<UL><LI><a href="#[3f]">&gt;&gt;</a>&nbsp;&nbsp;&nbsp;timer_timeout_handler
</UL>

<P><STRONG><a name="[60]"></a>__aeabi_llsl</STRONG> (Thumb, 30 bytes, Stack size 0 bytes, llshl.o(.text))
<BR><BR>[Called By]<UL><LI><a href="#[62]">&gt;&gt;</a>&nbsp;&nbsp;&nbsp;_double_epilogue
<LI><a href="#[5f]">&gt;&gt;</a>&nbsp;&nbsp;&nbsp;__aeabi_dadd
</UL>

<P><STRONG><a name="[14b]"></a>_ll_shift_l</STRONG> (Thumb, 0 bytes, Stack size 0 bytes, llshl.o(.text), UNUSED)

<P><STRONG><a name="[6a]"></a>__aeabi_llsr</STRONG> (Thumb, 32 bytes, Stack size 0 bytes, llushr.o(.text))
<BR><BR>[Called By]<UL><LI><a href="#[62]">&gt;&gt;</a>&nbsp;&nbsp;&nbsp;_double_epilogue
<LI><a href="#[69]">&gt;&gt;</a>&nbsp;&nbsp;&nbsp;__aeabi_d2uiz
</UL>

<P><STRONG><a name="[14c]"></a>_ll_ushift_r</STRONG> (Thumb, 0 bytes, Stack size 0 bytes, llushr.o(.text), UNUSED)

<P><STRONG><a name="[61]"></a>__aeabi_lasr</STRONG> (Thumb, 36 bytes, Stack size 0 bytes, llsshr.o(.text))
<BR><BR>[Called By]<UL><LI><a href="#[5f]">&gt;&gt;</a>&nbsp;&nbsp;&nbsp;__aeabi_dadd
</UL>

<P><STRONG><a name="[14d]"></a>_ll_sshift_r</STRONG> (Thumb, 0 bytes, Stack size 0 bytes, llsshr.o(.text), UNUSED)

<P><STRONG><a name="[14e]"></a>__I$use$fp</STRONG> (Thumb, 0 bytes, Stack size 8 bytes, iusefp.o(.text), UNUSED)

<P><STRONG><a name="[63]"></a>_double_round</STRONG> (Thumb, 30 bytes, Stack size 8 bytes, depilogue.o(.text))
<BR><BR>[Stack]<UL><LI>Max Depth = 8<LI>Call Chain = _double_round
</UL>
<BR>[Called By]<UL><LI><a href="#[62]">&gt;&gt;</a>&nbsp;&nbsp;&nbsp;_double_epilogue
<LI><a href="#[5f]">&gt;&gt;</a>&nbsp;&nbsp;&nbsp;__aeabi_dadd
<LI><a href="#[67]">&gt;&gt;</a>&nbsp;&nbsp;&nbsp;__aeabi_ddiv
</UL>

<P><STRONG><a name="[62]"></a>_double_epilogue</STRONG> (Thumb, 156 bytes, Stack size 32 bytes, depilogue.o(.text))
<BR><BR>[Stack]<UL><LI>Max Depth = 40<LI>Call Chain = _double_epilogue &rArr; _double_round
</UL>
<BR>[Calls]<UL><LI><a href="#[6a]">&gt;&gt;</a>&nbsp;&nbsp;&nbsp;__aeabi_llsr
<LI><a href="#[60]">&gt;&gt;</a>&nbsp;&nbsp;&nbsp;__aeabi_llsl
<LI><a href="#[63]">&gt;&gt;</a>&nbsp;&nbsp;&nbsp;_double_round
</UL>
<BR>[Called By]<UL><LI><a href="#[5f]">&gt;&gt;</a>&nbsp;&nbsp;&nbsp;__aeabi_dadd
<LI><a href="#[68]">&gt;&gt;</a>&nbsp;&nbsp;&nbsp;__aeabi_i2d
<LI><a href="#[66]">&gt;&gt;</a>&nbsp;&nbsp;&nbsp;__aeabi_dmul
</UL>

<P><STRONG><a name="[58]"></a>__scatterload</STRONG> (Thumb, 28 bytes, Stack size 0 bytes, init.o(.text))
<BR><BR>[Calls]<UL><LI><a href="#[6b]">&gt;&gt;</a>&nbsp;&nbsp;&nbsp;__main_after_scatterload
</UL>
<BR>[Called By]<UL><LI><a href="#[57]">&gt;&gt;</a>&nbsp;&nbsp;&nbsp;_main_scatterload
</UL>

<P><STRONG><a name="[14f]"></a>__scatterload_rt2</STRONG> (Thumb, 0 bytes, Stack size 0 bytes, init.o(.text), UNUSED)

<P><STRONG><a name="[10]"></a>GPIOTE_IRQHandler</STRONG> (Thumb, 310 bytes, Stack size 48 bytes, nrf_drv_gpiote.o(i.GPIOTE_IRQHandler))
<BR><BR>[Stack]<UL><LI>Max Depth = 64<LI>Call Chain = GPIOTE_IRQHandler &rArr; nrf_gpiote_event_clear
</UL>
<BR>[Calls]<UL><LI><a href="#[6c]">&gt;&gt;</a>&nbsp;&nbsp;&nbsp;nrf_gpiote_event_is_set
<LI><a href="#[6d]">&gt;&gt;</a>&nbsp;&nbsp;&nbsp;nrf_gpiote_event_clear
<LI><a href="#[70]">&gt;&gt;</a>&nbsp;&nbsp;&nbsp;nrf_gpio_cfg_sense_set
<LI><a href="#[6f]">&gt;&gt;</a>&nbsp;&nbsp;&nbsp;channel_port_get
<LI><a href="#[6e]">&gt;&gt;</a>&nbsp;&nbsp;&nbsp;channel_handler_get
</UL>
<BR>[Address Reference Count : 1]<UL><LI> arm_startup_nrf52.o(RESET)
</UL>
<P><STRONG><a name="[1b]"></a>RTC1_IRQHandler</STRONG> (Thumb, 44 bytes, Stack size 8 bytes, app_timer.o(i.RTC1_IRQHandler))
<BR><BR>[Stack]<UL><LI>Max Depth = 212<LI>Call Chain = RTC1_IRQHandler &rArr; timer_timeouts_check &rArr; timeout_handler_exec &rArr; app_error_handler &rArr; app_error_fault_handler &rArr; bsp_indication_set &rArr; bsp_led_indication &rArr; app_timer_start &rArr; timer_start_op_schedule &rArr; user_op_alloc
</UL>
<BR>[Calls]<UL><LI><a href="#[71]">&gt;&gt;</a>&nbsp;&nbsp;&nbsp;timer_timeouts_check
</UL>
<BR>[Address Reference Count : 1]<UL><LI> arm_startup_nrf52.o(RESET)
</UL>
<P><STRONG><a name="[d]"></a>SPIM0_SPIS0_TWIM0_TWIS0_SPI0_TWI0_IRQHandler</STRONG> (Thumb, 12 bytes, Stack size 8 bytes, nrf_drv_twi.o(i.SPIM0_SPIS0_TWIM0_TWIS0_SPI0_TWI0_IRQHandler))
<BR><BR>[Stack]<UL><LI>Max Depth = 144<LI>Call Chain = SPIM0_SPIS0_TWIM0_TWIS0_SPI0_TWI0_IRQHandler &rArr; irq_handler_twi &rArr; twi_tx_start_transfer &rArr; twi_transfer &rArr; twi_send_byte
</UL>
<BR>[Calls]<UL><LI><a href="#[72]">&gt;&gt;</a>&nbsp;&nbsp;&nbsp;irq_handler_twi
</UL>
<BR>[Address Reference Count : 1]<UL><LI> arm_startup_nrf52.o(RESET)
</UL>
<P><STRONG><a name="[1e]"></a>SWI0_EGU0_IRQHandler</STRONG> (Thumb, 8 bytes, Stack size 8 bytes, app_timer.o(i.SWI0_EGU0_IRQHandler))
<BR><BR>[Stack]<UL><LI>Max Depth = 80<LI>Call Chain = SWI0_EGU0_IRQHandler &rArr; timer_list_handler &rArr; list_insertions_handler &rArr; timer_list_insert
</UL>
<BR>[Calls]<UL><LI><a href="#[73]">&gt;&gt;</a>&nbsp;&nbsp;&nbsp;timer_list_handler
</UL>
<BR>[Address Reference Count : 1]<UL><LI> arm_startup_nrf52.o(RESET)
</UL>
<P><STRONG><a name="[20]"></a>SWI2_EGU2_IRQHandler</STRONG> (Thumb, 48 bytes, Stack size 16 bytes, softdevice_handler.o(i.SWI2_EGU2_IRQHandler))
<BR><BR>[Stack]<UL><LI>Max Depth = 204<LI>Call Chain = SWI2_EGU2_IRQHandler &rArr; intern_softdevice_events_execute &rArr; app_error_handler &rArr; app_error_fault_handler &rArr; bsp_indication_set &rArr; bsp_led_indication &rArr; app_timer_start &rArr; timer_start_op_schedule &rArr; user_op_alloc
</UL>
<BR>[Calls]<UL><LI><a href="#[75]">&gt;&gt;</a>&nbsp;&nbsp;&nbsp;intern_softdevice_events_execute
<LI><a href="#[74]">&gt;&gt;</a>&nbsp;&nbsp;&nbsp;app_error_handler
</UL>
<BR>[Address Reference Count : 1]<UL><LI> arm_startup_nrf52.o(RESET)
</UL>
<P><STRONG><a name="[7d]"></a>SystemCoreClockUpdate</STRONG> (Thumb, 8 bytes, Stack size 0 bytes, system_nrf52.o(i.SystemCoreClockUpdate))
<BR><BR>[Called By]<UL><LI><a href="#[30]">&gt;&gt;</a>&nbsp;&nbsp;&nbsp;SystemInit
</UL>

<P><STRONG><a name="[30]"></a>SystemInit</STRONG> (Thumb, 512 bytes, Stack size 8 bytes, system_nrf52.o(i.SystemInit))
<BR><BR>[Stack]<UL><LI>Max Depth = 8<LI>Call Chain = SystemInit
</UL>
<BR>[Calls]<UL><LI><a href="#[7d]">&gt;&gt;</a>&nbsp;&nbsp;&nbsp;SystemCoreClockUpdate
<LI><a href="#[7c]">&gt;&gt;</a>&nbsp;&nbsp;&nbsp;errata_66
<LI><a href="#[7b]">&gt;&gt;</a>&nbsp;&nbsp;&nbsp;errata_57
<LI><a href="#[7a]">&gt;&gt;</a>&nbsp;&nbsp;&nbsp;errata_37
<LI><a href="#[79]">&gt;&gt;</a>&nbsp;&nbsp;&nbsp;errata_36
<LI><a href="#[78]">&gt;&gt;</a>&nbsp;&nbsp;&nbsp;errata_32
<LI><a href="#[77]">&gt;&gt;</a>&nbsp;&nbsp;&nbsp;errata_31
<LI><a href="#[76]">&gt;&gt;</a>&nbsp;&nbsp;&nbsp;errata_16
</UL>
<BR>[Address Reference Count : 1]<UL><LI> arm_startup_nrf52.o(.text)
</UL>
<P><STRONG><a name="[c]"></a>UARTE0_UART0_IRQHandler</STRONG> (Thumb, 20 bytes, Stack size 8 bytes, nrf_drv_uart.o(i.UARTE0_UART0_IRQHandler))
<BR><BR>[Stack]<UL><LI>Max Depth = 72<LI>Call Chain = UARTE0_UART0_IRQHandler &rArr; uarte_irq_handler &rArr; rx_done_event
</UL>
<BR>[Calls]<UL><LI><a href="#[7e]">&gt;&gt;</a>&nbsp;&nbsp;&nbsp;uarte_irq_handler
<LI><a href="#[7f]">&gt;&gt;</a>&nbsp;&nbsp;&nbsp;uart_irq_handler
</UL>
<BR>[Address Reference Count : 1]<UL><LI> arm_startup_nrf52.o(RESET)
</UL>
<P><STRONG><a name="[150]"></a>__scatterload_copy</STRONG> (Thumb, 14 bytes, Stack size unknown bytes, handlers.o(i.__scatterload_copy), UNUSED)

<P><STRONG><a name="[151]"></a>__scatterload_null</STRONG> (Thumb, 2 bytes, Stack size unknown bytes, handlers.o(i.__scatterload_null), UNUSED)

<P><STRONG><a name="[152]"></a>__scatterload_zeroinit</STRONG> (Thumb, 14 bytes, Stack size unknown bytes, handlers.o(i.__scatterload_zeroinit), UNUSED)

<P><STRONG><a name="[80]"></a>adv_data_encode</STRONG> (Thumb, 454 bytes, Stack size 32 bytes, ble_advdata.o(i.adv_data_encode))
<BR><BR>[Stack]<UL><LI>Max Depth = 128<LI>Call Chain = adv_data_encode &rArr; uuid_list_encode &rArr; uuid_list_sized_encode
</UL>
<BR>[Calls]<UL><LI><a href="#[88]">&gt;&gt;</a>&nbsp;&nbsp;&nbsp;uuid_list_encode
<LI><a href="#[87]">&gt;&gt;</a>&nbsp;&nbsp;&nbsp;tx_power_level_encode
<LI><a href="#[82]">&gt;&gt;</a>&nbsp;&nbsp;&nbsp;tk_value_encode
<LI><a href="#[8b]">&gt;&gt;</a>&nbsp;&nbsp;&nbsp;service_data_encode
<LI><a href="#[81]">&gt;&gt;</a>&nbsp;&nbsp;&nbsp;sec_mgr_oob_flags_encode
<LI><a href="#[8c]">&gt;&gt;</a>&nbsp;&nbsp;&nbsp;name_encode
<LI><a href="#[8a]">&gt;&gt;</a>&nbsp;&nbsp;&nbsp;manuf_specific_data_encode
<LI><a href="#[83]">&gt;&gt;</a>&nbsp;&nbsp;&nbsp;le_role_encode
<LI><a href="#[86]">&gt;&gt;</a>&nbsp;&nbsp;&nbsp;flags_encode
<LI><a href="#[89]">&gt;&gt;</a>&nbsp;&nbsp;&nbsp;conn_int_encode
<LI><a href="#[84]">&gt;&gt;</a>&nbsp;&nbsp;&nbsp;ble_device_addr_encode
<LI><a href="#[85]">&gt;&gt;</a>&nbsp;&nbsp;&nbsp;appearance_encode
</UL>
<BR>[Called By]<UL><LI><a href="#[a4]">&gt;&gt;</a>&nbsp;&nbsp;&nbsp;ble_advdata_set
</UL>

<P><STRONG><a name="[90]"></a>app_error_fault_handler</STRONG> (Thumb, 26 bytes, Stack size 16 bytes, app_error.o(i.app_error_fault_handler))
<BR><BR>[Stack]<UL><LI>Max Depth = 132<LI>Call Chain = app_error_fault_handler &rArr; bsp_indication_set &rArr; bsp_led_indication &rArr; app_timer_start &rArr; timer_start_op_schedule &rArr; user_op_alloc
</UL>
<BR>[Calls]<UL><LI><a href="#[92]">&gt;&gt;</a>&nbsp;&nbsp;&nbsp;app_error_save_and_stop
<LI><a href="#[91]">&gt;&gt;</a>&nbsp;&nbsp;&nbsp;bsp_indication_set
</UL>
<BR>[Called By]<UL><LI><a href="#[3e]">&gt;&gt;</a>&nbsp;&nbsp;&nbsp;softdevice_fault_handler
<LI><a href="#[74]">&gt;&gt;</a>&nbsp;&nbsp;&nbsp;app_error_handler
</UL>

<P><STRONG><a name="[74]"></a>app_error_handler</STRONG> (Thumb, 32 bytes, Stack size 32 bytes, app_error.o(i.app_error_handler))
<BR><BR>[Stack]<UL><LI>Max Depth = 164<LI>Call Chain = app_error_handler &rArr; app_error_fault_handler &rArr; bsp_indication_set &rArr; bsp_led_indication &rArr; app_timer_start &rArr; timer_start_op_schedule &rArr; user_op_alloc
</UL>
<BR>[Calls]<UL><LI><a href="#[90]">&gt;&gt;</a>&nbsp;&nbsp;&nbsp;app_error_fault_handler
</UL>
<BR>[Called By]<UL><LI><a href="#[122]">&gt;&gt;</a>&nbsp;&nbsp;&nbsp;timeout_handler_exec
<LI><a href="#[75]">&gt;&gt;</a>&nbsp;&nbsp;&nbsp;intern_softdevice_events_execute
<LI><a href="#[20]">&gt;&gt;</a>&nbsp;&nbsp;&nbsp;SWI2_EGU2_IRQHandler
<LI><a href="#[b6]">&gt;&gt;</a>&nbsp;&nbsp;&nbsp;dm_ble_evt_handler
<LI><a href="#[106]">&gt;&gt;</a>&nbsp;&nbsp;&nbsp;twi_init
<LI><a href="#[3f]">&gt;&gt;</a>&nbsp;&nbsp;&nbsp;timer_timeout_handler
<LI><a href="#[2f]">&gt;&gt;</a>&nbsp;&nbsp;&nbsp;main
<LI><a href="#[108]">&gt;&gt;</a>&nbsp;&nbsp;&nbsp;timers_init
<LI><a href="#[115]">&gt;&gt;</a>&nbsp;&nbsp;&nbsp;sleep_mode_enter
<LI><a href="#[109]">&gt;&gt;</a>&nbsp;&nbsp;&nbsp;services_init
<LI><a href="#[10a]">&gt;&gt;</a>&nbsp;&nbsp;&nbsp;power_manage
<LI><a href="#[36]">&gt;&gt;</a>&nbsp;&nbsp;&nbsp;on_conn_params_evt
<LI><a href="#[b8]">&gt;&gt;</a>&nbsp;&nbsp;&nbsp;on_ble_evt
<LI><a href="#[32]">&gt;&gt;</a>&nbsp;&nbsp;&nbsp;on_adv_evt
<LI><a href="#[fc]">&gt;&gt;</a>&nbsp;&nbsp;&nbsp;gap_params_init
<LI><a href="#[e8]">&gt;&gt;</a>&nbsp;&nbsp;&nbsp;device_manager_init
<LI><a href="#[3b]">&gt;&gt;</a>&nbsp;&nbsp;&nbsp;device_manager_evt_handler
<LI><a href="#[db]">&gt;&gt;</a>&nbsp;&nbsp;&nbsp;conn_params_init
<LI><a href="#[37]">&gt;&gt;</a>&nbsp;&nbsp;&nbsp;conn_params_error_handler
<LI><a href="#[bb]">&gt;&gt;</a>&nbsp;&nbsp;&nbsp;ble_stack_init
<LI><a href="#[a3]">&gt;&gt;</a>&nbsp;&nbsp;&nbsp;application_timers_start
<LI><a href="#[8d]">&gt;&gt;</a>&nbsp;&nbsp;&nbsp;advertising_init
<LI><a href="#[3c]">&gt;&gt;</a>&nbsp;&nbsp;&nbsp;dm_pstorage_cb_handler
</UL>

<P><STRONG><a name="[92]"></a>app_error_save_and_stop</STRONG> (Thumb, 132 bytes, Stack size 12 bytes, app_error.o(i.app_error_save_and_stop))
<BR><BR>[Stack]<UL><LI>Max Depth = 12<LI>Call Chain = app_error_save_and_stop
</UL>
<BR>[Called By]<UL><LI><a href="#[90]">&gt;&gt;</a>&nbsp;&nbsp;&nbsp;app_error_fault_handler
</UL>

<P><STRONG><a name="[b0]"></a>app_timer_create</STRONG> (Thumb, 56 bytes, Stack size 8 bytes, app_timer.o(i.app_timer_create))
<BR><BR>[Stack]<UL><LI>Max Depth = 8<LI>Call Chain = app_timer_create
</UL>
<BR>[Called By]<UL><LI><a href="#[af]">&gt;&gt;</a>&nbsp;&nbsp;&nbsp;ble_conn_params_init
<LI><a href="#[108]">&gt;&gt;</a>&nbsp;&nbsp;&nbsp;timers_init
</UL>

<P><STRONG><a name="[96]"></a>app_timer_init</STRONG> (Thumb, 154 bytes, Stack size 24 bytes, app_timer.o(i.app_timer_init))
<BR><BR>[Stack]<UL><LI>Max Depth = 40<LI>Call Chain = app_timer_init &rArr; rtc1_init &rArr; NVIC_SetPriority
</UL>
<BR>[Calls]<UL><LI><a href="#[97]">&gt;&gt;</a>&nbsp;&nbsp;&nbsp;rtc1_stop
<LI><a href="#[9b]">&gt;&gt;</a>&nbsp;&nbsp;&nbsp;rtc1_init
<LI><a href="#[9c]">&gt;&gt;</a>&nbsp;&nbsp;&nbsp;rtc1_counter_get
<LI><a href="#[99]">&gt;&gt;</a>&nbsp;&nbsp;&nbsp;NVIC_SetPriority
<LI><a href="#[9a]">&gt;&gt;</a>&nbsp;&nbsp;&nbsp;NVIC_EnableIRQ
<LI><a href="#[98]">&gt;&gt;</a>&nbsp;&nbsp;&nbsp;NVIC_ClearPendingIRQ
</UL>
<BR>[Called By]<UL><LI><a href="#[108]">&gt;&gt;</a>&nbsp;&nbsp;&nbsp;timers_init
</UL>

<P><STRONG><a name="[9d]"></a>app_timer_start</STRONG> (Thumb, 84 bytes, Stack size 32 bytes, app_timer.o(i.app_timer_start))
<BR><BR>[Stack]<UL><LI>Max Depth = 76<LI>Call Chain = app_timer_start &rArr; timer_start_op_schedule &rArr; user_op_alloc
</UL>
<BR>[Calls]<UL><LI><a href="#[9e]">&gt;&gt;</a>&nbsp;&nbsp;&nbsp;user_id_get
<LI><a href="#[9f]">&gt;&gt;</a>&nbsp;&nbsp;&nbsp;timer_start_op_schedule
</UL>
<BR>[Called By]<UL><LI><a href="#[c7]">&gt;&gt;</a>&nbsp;&nbsp;&nbsp;bsp_led_indication
<LI><a href="#[40]">&gt;&gt;</a>&nbsp;&nbsp;&nbsp;bsp_button_event_handler
<LI><a href="#[a3]">&gt;&gt;</a>&nbsp;&nbsp;&nbsp;application_timers_start
<LI><a href="#[dc]">&gt;&gt;</a>&nbsp;&nbsp;&nbsp;conn_params_negotiation
</UL>

<P><STRONG><a name="[a0]"></a>app_timer_stop</STRONG> (Thumb, 48 bytes, Stack size 16 bytes, app_timer.o(i.app_timer_stop))
<BR><BR>[Stack]<UL><LI>Max Depth = 52<LI>Call Chain = app_timer_stop &rArr; timer_stop_op_schedule &rArr; user_op_alloc
</UL>
<BR>[Calls]<UL><LI><a href="#[9e]">&gt;&gt;</a>&nbsp;&nbsp;&nbsp;user_id_get
<LI><a href="#[a1]">&gt;&gt;</a>&nbsp;&nbsp;&nbsp;timer_stop_op_schedule
</UL>
<BR>[Called By]<UL><LI><a href="#[c7]">&gt;&gt;</a>&nbsp;&nbsp;&nbsp;bsp_led_indication
<LI><a href="#[40]">&gt;&gt;</a>&nbsp;&nbsp;&nbsp;bsp_button_event_handler
<LI><a href="#[b4]">&gt;&gt;</a>&nbsp;&nbsp;&nbsp;on_write
<LI><a href="#[b3]">&gt;&gt;</a>&nbsp;&nbsp;&nbsp;on_disconnect
</UL>

<P><STRONG><a name="[a4]"></a>ble_advdata_set</STRONG> (Thumb, 148 bytes, Stack size 96 bytes, ble_advdata.o(i.ble_advdata_set))
<BR><BR>[Stack]<UL><LI>Max Depth = 224<LI>Call Chain = ble_advdata_set &rArr; adv_data_encode &rArr; uuid_list_encode &rArr; uuid_list_sized_encode
</UL>
<BR>[Calls]<UL><LI><a href="#[80]">&gt;&gt;</a>&nbsp;&nbsp;&nbsp;adv_data_encode
<LI><a href="#[a6]">&gt;&gt;</a>&nbsp;&nbsp;&nbsp;srdata_check
<LI><a href="#[a5]">&gt;&gt;</a>&nbsp;&nbsp;&nbsp;advdata_check
</UL>
<BR>[Called By]<UL><LI><a href="#[aa]">&gt;&gt;</a>&nbsp;&nbsp;&nbsp;ble_advertising_start
<LI><a href="#[8f]">&gt;&gt;</a>&nbsp;&nbsp;&nbsp;ble_advertising_init
</UL>

<P><STRONG><a name="[8f]"></a>ble_advertising_init</STRONG> (Thumb, 324 bytes, Stack size 32 bytes, ble_advertising.o(i.ble_advertising_init))
<BR><BR>[Stack]<UL><LI>Max Depth = 256<LI>Call Chain = ble_advertising_init &rArr; ble_advdata_set &rArr; adv_data_encode &rArr; uuid_list_encode &rArr; uuid_list_sized_encode
</UL>
<BR>[Calls]<UL><LI><a href="#[8e]">&gt;&gt;</a>&nbsp;&nbsp;&nbsp;__aeabi_memclr4
<LI><a href="#[a7]">&gt;&gt;</a>&nbsp;&nbsp;&nbsp;__aeabi_memcpy4
<LI><a href="#[a8]">&gt;&gt;</a>&nbsp;&nbsp;&nbsp;ble_advertising_peer_address_clear
<LI><a href="#[a4]">&gt;&gt;</a>&nbsp;&nbsp;&nbsp;ble_advdata_set
</UL>
<BR>[Called By]<UL><LI><a href="#[8d]">&gt;&gt;</a>&nbsp;&nbsp;&nbsp;advertising_init
</UL>

<P><STRONG><a name="[a9]"></a>ble_advertising_on_ble_evt</STRONG> (Thumb, 224 bytes, Stack size 16 bytes, ble_advertising.o(i.ble_advertising_on_ble_evt))
<BR><BR>[Stack]<UL><LI>Max Depth = 280<LI>Call Chain = ble_advertising_on_ble_evt &rArr; ble_advertising_start &rArr; ble_advdata_set &rArr; adv_data_encode &rArr; uuid_list_encode &rArr; uuid_list_sized_encode
</UL>
<BR>[Calls]<UL><LI><a href="#[aa]">&gt;&gt;</a>&nbsp;&nbsp;&nbsp;ble_advertising_start
</UL>
<BR>[Called By]<UL><LI><a href="#[34]">&gt;&gt;</a>&nbsp;&nbsp;&nbsp;ble_evt_dispatch
</UL>

<P><STRONG><a name="[ab]"></a>ble_advertising_on_sys_evt</STRONG> (Thumb, 64 bytes, Stack size 16 bytes, ble_advertising.o(i.ble_advertising_on_sys_evt))
<BR><BR>[Stack]<UL><LI>Max Depth = 280<LI>Call Chain = ble_advertising_on_sys_evt &rArr; ble_advertising_start &rArr; ble_advdata_set &rArr; adv_data_encode &rArr; uuid_list_encode &rArr; uuid_list_sized_encode
</UL>
<BR>[Calls]<UL><LI><a href="#[aa]">&gt;&gt;</a>&nbsp;&nbsp;&nbsp;ble_advertising_start
</UL>
<BR>[Called By]<UL><LI><a href="#[35]">&gt;&gt;</a>&nbsp;&nbsp;&nbsp;sys_evt_dispatch
</UL>

<P><STRONG><a name="[aa]"></a>ble_advertising_start</STRONG> (Thumb, 616 bytes, Stack size 40 bytes, ble_advertising.o(i.ble_advertising_start))
<BR><BR>[Stack]<UL><LI>Max Depth = 264<LI>Call Chain = ble_advertising_start &rArr; ble_advdata_set &rArr; adv_data_encode &rArr; uuid_list_encode &rArr; uuid_list_sized_encode
</UL>
<BR>[Calls]<UL><LI><a href="#[8e]">&gt;&gt;</a>&nbsp;&nbsp;&nbsp;__aeabi_memclr4
<LI><a href="#[ac]">&gt;&gt;</a>&nbsp;&nbsp;&nbsp;pstorage_access_status_get
<LI><a href="#[ae]">&gt;&gt;</a>&nbsp;&nbsp;&nbsp;whitelist_has_entries
<LI><a href="#[ad]">&gt;&gt;</a>&nbsp;&nbsp;&nbsp;peer_address_exists
<LI><a href="#[a8]">&gt;&gt;</a>&nbsp;&nbsp;&nbsp;ble_advertising_peer_address_clear
<LI><a href="#[a4]">&gt;&gt;</a>&nbsp;&nbsp;&nbsp;ble_advdata_set
</UL>
<BR>[Called By]<UL><LI><a href="#[ab]">&gt;&gt;</a>&nbsp;&nbsp;&nbsp;ble_advertising_on_sys_evt
<LI><a href="#[a9]">&gt;&gt;</a>&nbsp;&nbsp;&nbsp;ble_advertising_on_ble_evt
<LI><a href="#[2f]">&gt;&gt;</a>&nbsp;&nbsp;&nbsp;main
</UL>

<P><STRONG><a name="[af]"></a>ble_conn_params_init</STRONG> (Thumb, 84 bytes, Stack size 16 bytes, ble_conn_params.o(i.ble_conn_params_init))
<BR><BR>[Stack]<UL><LI>Max Depth = 24<LI>Call Chain = ble_conn_params_init &rArr; app_timer_create
</UL>
<BR>[Calls]<UL><LI><a href="#[a7]">&gt;&gt;</a>&nbsp;&nbsp;&nbsp;__aeabi_memcpy4
<LI><a href="#[b0]">&gt;&gt;</a>&nbsp;&nbsp;&nbsp;app_timer_create
</UL>
<BR>[Called By]<UL><LI><a href="#[db]">&gt;&gt;</a>&nbsp;&nbsp;&nbsp;conn_params_init
</UL>

<P><STRONG><a name="[b1]"></a>ble_conn_params_on_ble_evt</STRONG> (Thumb, 62 bytes, Stack size 8 bytes, ble_conn_params.o(i.ble_conn_params_on_ble_evt))
<BR><BR>[Stack]<UL><LI>Max Depth = 116<LI>Call Chain = ble_conn_params_on_ble_evt &rArr; on_write &rArr; conn_params_negotiation &rArr; app_timer_start &rArr; timer_start_op_schedule &rArr; user_op_alloc
</UL>
<BR>[Calls]<UL><LI><a href="#[b4]">&gt;&gt;</a>&nbsp;&nbsp;&nbsp;on_write
<LI><a href="#[b3]">&gt;&gt;</a>&nbsp;&nbsp;&nbsp;on_disconnect
<LI><a href="#[b2]">&gt;&gt;</a>&nbsp;&nbsp;&nbsp;on_connect
<LI><a href="#[b5]">&gt;&gt;</a>&nbsp;&nbsp;&nbsp;on_conn_params_update
</UL>
<BR>[Called By]<UL><LI><a href="#[34]">&gt;&gt;</a>&nbsp;&nbsp;&nbsp;ble_evt_dispatch
</UL>

<P><STRONG><a name="[b9]"></a>ble_si705x_init</STRONG> (Thumb, 116 bytes, Stack size 40 bytes, main.o(i.ble_si705x_init))
<BR><BR>[Stack]<UL><LI>Max Depth = 112<LI>Call Chain = ble_si705x_init &rArr; temp_char_add
</UL>
<BR>[Calls]<UL><LI><a href="#[ba]">&gt;&gt;</a>&nbsp;&nbsp;&nbsp;temp_char_add
</UL>
<BR>[Called By]<UL><LI><a href="#[109]">&gt;&gt;</a>&nbsp;&nbsp;&nbsp;services_init
</UL>

<P><STRONG><a name="[b7]"></a>ble_si705x_on_ble_evt</STRONG> (Thumb, 42 bytes, Stack size 0 bytes, main.o(i.ble_si705x_on_ble_evt))
<BR><BR>[Called By]<UL><LI><a href="#[34]">&gt;&gt;</a>&nbsp;&nbsp;&nbsp;ble_evt_dispatch
</UL>

<P><STRONG><a name="[c2]"></a>bond_data_load</STRONG> (Thumb, 64 bytes, Stack size 24 bytes, device_manager_peripheral.o(i.bond_data_load))
<BR><BR>[Stack]<UL><LI>Max Depth = 48<LI>Call Chain = bond_data_load &rArr; pstorage_load
</UL>
<BR>[Calls]<UL><LI><a href="#[c4]">&gt;&gt;</a>&nbsp;&nbsp;&nbsp;pstorage_load
<LI><a href="#[c3]">&gt;&gt;</a>&nbsp;&nbsp;&nbsp;pstorage_block_identifier_get
</UL>
<BR>[Called By]<UL><LI><a href="#[b6]">&gt;&gt;</a>&nbsp;&nbsp;&nbsp;dm_ble_evt_handler
</UL>

<P><STRONG><a name="[c5]"></a>bsp_btn_ble_sleep_mode_prepare</STRONG> (Thumb, 28 bytes, Stack size 8 bytes, bsp_btn_ble.o(i.bsp_btn_ble_sleep_mode_prepare))
<BR><BR>[Stack]<UL><LI>Max Depth = 20<LI>Call Chain = bsp_btn_ble_sleep_mode_prepare &rArr; bsp_wakeup_buttons_set
</UL>
<BR>[Calls]<UL><LI><a href="#[c6]">&gt;&gt;</a>&nbsp;&nbsp;&nbsp;bsp_wakeup_buttons_set
</UL>
<BR>[Called By]<UL><LI><a href="#[115]">&gt;&gt;</a>&nbsp;&nbsp;&nbsp;sleep_mode_enter
</UL>

<P><STRONG><a name="[91]"></a>bsp_indication_set</STRONG> (Thumb, 28 bytes, Stack size 16 bytes, bsp.o(i.bsp_indication_set))
<BR><BR>[Stack]<UL><LI>Max Depth = 116<LI>Call Chain = bsp_indication_set &rArr; bsp_led_indication &rArr; app_timer_start &rArr; timer_start_op_schedule &rArr; user_op_alloc
</UL>
<BR>[Calls]<UL><LI><a href="#[c7]">&gt;&gt;</a>&nbsp;&nbsp;&nbsp;bsp_led_indication
</UL>
<BR>[Called By]<UL><LI><a href="#[90]">&gt;&gt;</a>&nbsp;&nbsp;&nbsp;app_error_fault_handler
<LI><a href="#[115]">&gt;&gt;</a>&nbsp;&nbsp;&nbsp;sleep_mode_enter
<LI><a href="#[b8]">&gt;&gt;</a>&nbsp;&nbsp;&nbsp;on_ble_evt
<LI><a href="#[32]">&gt;&gt;</a>&nbsp;&nbsp;&nbsp;on_adv_evt
</UL>

<P><STRONG><a name="[c6]"></a>bsp_wakeup_buttons_set</STRONG> (Thumb, 70 bytes, Stack size 12 bytes, bsp.o(i.bsp_wakeup_buttons_set))
<BR><BR>[Stack]<UL><LI>Max Depth = 12<LI>Call Chain = bsp_wakeup_buttons_set
</UL>
<BR>[Called By]<UL><LI><a href="#[c5]">&gt;&gt;</a>&nbsp;&nbsp;&nbsp;bsp_btn_ble_sleep_mode_prepare
</UL>

<P><STRONG><a name="[b6]"></a>dm_ble_evt_handler</STRONG> (Thumb, 1676 bytes, Stack size 80 bytes, device_manager_peripheral.o(i.dm_ble_evt_handler))
<BR><BR>[Stack]<UL><LI>Max Depth = 328<LI>Call Chain = dm_ble_evt_handler &rArr; device_instance_free &rArr; pstorage_clear &rArr; cmd_queue_enqueue &rArr; cmd_process &rArr; update_operation_execute &rArr; clear_operation_execute &rArr; sm_state_change &rArr; state_entry_action_run &rArr; state_store_entry_run &rArr; store_cmd_flash_write_execute &rArr; flash_write &rArr; flash_api_err_code_process &rArr; app_notify_error_state_transit &rArr;  sm_state_change (Cycle)
</UL>
<BR>[Calls]<UL><LI><a href="#[8e]">&gt;&gt;</a>&nbsp;&nbsp;&nbsp;__aeabi_memclr4
<LI><a href="#[74]">&gt;&gt;</a>&nbsp;&nbsp;&nbsp;app_error_handler
<LI><a href="#[ec]">&gt;&gt;</a>&nbsp;&nbsp;&nbsp;dm_handle_initialize
<LI><a href="#[c2]">&gt;&gt;</a>&nbsp;&nbsp;&nbsp;bond_data_load
<LI><a href="#[e7]">&gt;&gt;</a>&nbsp;&nbsp;&nbsp;peer_instance_init
<LI><a href="#[e5]">&gt;&gt;</a>&nbsp;&nbsp;&nbsp;device_instance_free
<LI><a href="#[e3]">&gt;&gt;</a>&nbsp;&nbsp;&nbsp;device_instance_find
<LI><a href="#[ee]">&gt;&gt;</a>&nbsp;&nbsp;&nbsp;device_instance_allocate
<LI><a href="#[e2]">&gt;&gt;</a>&nbsp;&nbsp;&nbsp;device_context_store
<LI><a href="#[f0]">&gt;&gt;</a>&nbsp;&nbsp;&nbsp;connection_instance_init
<LI><a href="#[ed]">&gt;&gt;</a>&nbsp;&nbsp;&nbsp;connection_instance_find
<LI><a href="#[ef]">&gt;&gt;</a>&nbsp;&nbsp;&nbsp;app_evt_notify
</UL>
<BR>[Called By]<UL><LI><a href="#[34]">&gt;&gt;</a>&nbsp;&nbsp;&nbsp;ble_evt_dispatch
</UL>

<P><STRONG><a name="[ec]"></a>dm_handle_initialize</STRONG> (Thumb, 24 bytes, Stack size 0 bytes, device_manager_peripheral.o(i.dm_handle_initialize))
<BR><BR>[Called By]<UL><LI><a href="#[b6]">&gt;&gt;</a>&nbsp;&nbsp;&nbsp;dm_ble_evt_handler
<LI><a href="#[3c]">&gt;&gt;</a>&nbsp;&nbsp;&nbsp;dm_pstorage_cb_handler
</UL>

<P><STRONG><a name="[ea]"></a>dm_init</STRONG> (Thumb, 234 bytes, Stack size 32 bytes, device_manager_peripheral.o(i.dm_init))
<BR><BR>[Stack]<UL><LI>Max Depth = 256<LI>Call Chain = dm_init &rArr; pstorage_clear &rArr; cmd_queue_enqueue &rArr; cmd_process &rArr; update_operation_execute &rArr; clear_operation_execute &rArr; sm_state_change &rArr; state_entry_action_run &rArr; state_store_entry_run &rArr; store_cmd_flash_write_execute &rArr; flash_write &rArr; flash_api_err_code_process &rArr; app_notify_error_state_transit &rArr;  sm_state_change (Cycle)
</UL>
<BR>[Calls]<UL><LI><a href="#[8e]">&gt;&gt;</a>&nbsp;&nbsp;&nbsp;__aeabi_memclr4
<LI><a href="#[f1]">&gt;&gt;</a>&nbsp;&nbsp;&nbsp;pstorage_register
<LI><a href="#[c4]">&gt;&gt;</a>&nbsp;&nbsp;&nbsp;pstorage_load
<LI><a href="#[e6]">&gt;&gt;</a>&nbsp;&nbsp;&nbsp;pstorage_clear
<LI><a href="#[c3]">&gt;&gt;</a>&nbsp;&nbsp;&nbsp;pstorage_block_identifier_get
<LI><a href="#[e7]">&gt;&gt;</a>&nbsp;&nbsp;&nbsp;peer_instance_init
<LI><a href="#[f0]">&gt;&gt;</a>&nbsp;&nbsp;&nbsp;connection_instance_init
</UL>
<BR>[Called By]<UL><LI><a href="#[e8]">&gt;&gt;</a>&nbsp;&nbsp;&nbsp;device_manager_init
</UL>

<P><STRONG><a name="[eb]"></a>dm_register</STRONG> (Thumb, 166 bytes, Stack size 8 bytes, device_manager_peripheral.o(i.dm_register))
<BR><BR>[Stack]<UL><LI>Max Depth = 8<LI>Call Chain = dm_register
</UL>
<BR>[Called By]<UL><LI><a href="#[e8]">&gt;&gt;</a>&nbsp;&nbsp;&nbsp;device_manager_init
</UL>

<P><STRONG><a name="[75]"></a>intern_softdevice_events_execute</STRONG> (Thumb, 150 bytes, Stack size 24 bytes, softdevice_handler.o(i.intern_softdevice_events_execute))
<BR><BR>[Stack]<UL><LI>Max Depth = 188<LI>Call Chain = intern_softdevice_events_execute &rArr; app_error_handler &rArr; app_error_fault_handler &rArr; bsp_indication_set &rArr; bsp_led_indication &rArr; app_timer_start &rArr; timer_start_op_schedule &rArr; user_op_alloc
</UL>
<BR>[Calls]<UL><LI><a href="#[74]">&gt;&gt;</a>&nbsp;&nbsp;&nbsp;app_error_handler
</UL>
<BR>[Called By]<UL><LI><a href="#[20]">&gt;&gt;</a>&nbsp;&nbsp;&nbsp;SWI2_EGU2_IRQHandler
</UL>

<P><STRONG><a name="[2f]"></a>main</STRONG> (Thumb, 354 bytes, Stack size 8 bytes, main.o(i.main))
<BR><BR>[Stack]<UL><LI>Max Depth = 376<LI>Call Chain = main &rArr; advertising_init &rArr; ble_advertising_init &rArr; ble_advdata_set &rArr; adv_data_encode &rArr; uuid_list_encode &rArr; uuid_list_sized_encode
</UL>
<BR>[Calls]<UL><LI><a href="#[105]">&gt;&gt;</a>&nbsp;&nbsp;&nbsp;nrf_delay_ms
<LI><a href="#[aa]">&gt;&gt;</a>&nbsp;&nbsp;&nbsp;ble_advertising_start
<LI><a href="#[74]">&gt;&gt;</a>&nbsp;&nbsp;&nbsp;app_error_handler
<LI><a href="#[106]">&gt;&gt;</a>&nbsp;&nbsp;&nbsp;twi_init
<LI><a href="#[107]">&gt;&gt;</a>&nbsp;&nbsp;&nbsp;si705x_read
<LI><a href="#[108]">&gt;&gt;</a>&nbsp;&nbsp;&nbsp;timers_init
<LI><a href="#[109]">&gt;&gt;</a>&nbsp;&nbsp;&nbsp;services_init
<LI><a href="#[10a]">&gt;&gt;</a>&nbsp;&nbsp;&nbsp;power_manage
<LI><a href="#[fc]">&gt;&gt;</a>&nbsp;&nbsp;&nbsp;gap_params_init
<LI><a href="#[e8]">&gt;&gt;</a>&nbsp;&nbsp;&nbsp;device_manager_init
<LI><a href="#[db]">&gt;&gt;</a>&nbsp;&nbsp;&nbsp;conn_params_init
<LI><a href="#[bb]">&gt;&gt;</a>&nbsp;&nbsp;&nbsp;ble_stack_init
<LI><a href="#[a3]">&gt;&gt;</a>&nbsp;&nbsp;&nbsp;application_timers_start
<LI><a href="#[8d]">&gt;&gt;</a>&nbsp;&nbsp;&nbsp;advertising_init
</UL>
<BR>[Address Reference Count : 1]<UL><LI> entry9a.o(.ARM.Collect$$$$0000000B)
</UL>
<P><STRONG><a name="[105]"></a>nrf_delay_ms</STRONG> (Thumb, 26 bytes, Stack size 8 bytes, nrf_delay.o(i.nrf_delay_ms))
<BR><BR>[Stack]<UL><LI>Max Depth = 8<LI>Call Chain = nrf_delay_ms
</UL>
<BR>[Calls]<UL><LI><a href="#[59]">&gt;&gt;</a>&nbsp;&nbsp;&nbsp;__asm___11_nrf_delay_c_532987f3__nrf_delay_us
</UL>
<BR>[Called By]<UL><LI><a href="#[2f]">&gt;&gt;</a>&nbsp;&nbsp;&nbsp;main
</UL>

<P><STRONG><a name="[10f]"></a>nrf_drv_common_irq_enable</STRONG> (Thumb, 84 bytes, Stack size 16 bytes, nrf_drv_common.o(i.nrf_drv_common_irq_enable))
<BR><BR>[Stack]<UL><LI>Max Depth = 16<LI>Call Chain = nrf_drv_common_irq_enable
</UL>
<BR>[Called By]<UL><LI><a href="#[10c]">&gt;&gt;</a>&nbsp;&nbsp;&nbsp;nrf_drv_twi_init
</UL>

<P><STRONG><a name="[12b]"></a>nrf_drv_twi_enable</STRONG> (Thumb, 32 bytes, Stack size 0 bytes, nrf_drv_twi.o(i.nrf_drv_twi_enable))
<BR><BR>[Called By]<UL><LI><a href="#[106]">&gt;&gt;</a>&nbsp;&nbsp;&nbsp;twi_init
</UL>

<P><STRONG><a name="[10c]"></a>nrf_drv_twi_init</STRONG> (Thumb, 142 bytes, Stack size 32 bytes, nrf_drv_twi.o(i.nrf_drv_twi_init))
<BR><BR>[Stack]<UL><LI>Max Depth = 48<LI>Call Chain = nrf_drv_twi_init &rArr; twi_clear_bus
</UL>
<BR>[Calls]<UL><LI><a href="#[10d]">&gt;&gt;</a>&nbsp;&nbsp;&nbsp;twi_clear_bus
<LI><a href="#[10e]">&gt;&gt;</a>&nbsp;&nbsp;&nbsp;nrf_drv_get_IRQn
<LI><a href="#[10f]">&gt;&gt;</a>&nbsp;&nbsp;&nbsp;nrf_drv_common_irq_enable
</UL>
<BR>[Called By]<UL><LI><a href="#[106]">&gt;&gt;</a>&nbsp;&nbsp;&nbsp;twi_init
</UL>

<P><STRONG><a name="[110]"></a>nrf_drv_twi_rx</STRONG> (Thumb, 40 bytes, Stack size 32 bytes, nrf_drv_twi.o(i.nrf_drv_twi_rx))
<BR><BR>[Stack]<UL><LI>Max Depth = 192<LI>Call Chain = nrf_drv_twi_rx &rArr; nrf_drv_twi_xfer &rArr; twi_xfer &rArr; twi_tx_start_transfer &rArr; twi_transfer &rArr; twi_send_byte
</UL>
<BR>[Calls]<UL><LI><a href="#[111]">&gt;&gt;</a>&nbsp;&nbsp;&nbsp;nrf_drv_twi_xfer
</UL>
<BR>[Called By]<UL><LI><a href="#[107]">&gt;&gt;</a>&nbsp;&nbsp;&nbsp;si705x_read
</UL>

<P><STRONG><a name="[112]"></a>nrf_drv_twi_tx</STRONG> (Thumb, 60 bytes, Stack size 40 bytes, nrf_drv_twi.o(i.nrf_drv_twi_tx))
<BR><BR>[Stack]<UL><LI>Max Depth = 200<LI>Call Chain = nrf_drv_twi_tx &rArr; nrf_drv_twi_xfer &rArr; twi_xfer &rArr; twi_tx_start_transfer &rArr; twi_transfer &rArr; twi_send_byte
</UL>
<BR>[Calls]<UL><LI><a href="#[111]">&gt;&gt;</a>&nbsp;&nbsp;&nbsp;nrf_drv_twi_xfer
</UL>
<BR>[Called By]<UL><LI><a href="#[107]">&gt;&gt;</a>&nbsp;&nbsp;&nbsp;si705x_read
</UL>

<P><STRONG><a name="[111]"></a>nrf_drv_twi_xfer</STRONG> (Thumb, 66 bytes, Stack size 24 bytes, nrf_drv_twi.o(i.nrf_drv_twi_xfer))
<BR><BR>[Stack]<UL><LI>Max Depth = 160<LI>Call Chain = nrf_drv_twi_xfer &rArr; twi_xfer &rArr; twi_tx_start_transfer &rArr; twi_transfer &rArr; twi_send_byte
</UL>
<BR>[Calls]<UL><LI><a href="#[113]">&gt;&gt;</a>&nbsp;&nbsp;&nbsp;twi_xfer
</UL>
<BR>[Called By]<UL><LI><a href="#[112]">&gt;&gt;</a>&nbsp;&nbsp;&nbsp;nrf_drv_twi_tx
<LI><a href="#[110]">&gt;&gt;</a>&nbsp;&nbsp;&nbsp;nrf_drv_twi_rx
</UL>

<P><STRONG><a name="[ac]"></a>pstorage_access_status_get</STRONG> (Thumb, 36 bytes, Stack size 0 bytes, pstorage.o(i.pstorage_access_status_get))
<BR><BR>[Called By]<UL><LI><a href="#[aa]">&gt;&gt;</a>&nbsp;&nbsp;&nbsp;ble_advertising_start
</UL>

<P><STRONG><a name="[c3]"></a>pstorage_block_identifier_get</STRONG> (Thumb, 154 bytes, Stack size 24 bytes, pstorage.o(i.pstorage_block_identifier_get))
<BR><BR>[Stack]<UL><LI>Max Depth = 24<LI>Call Chain = pstorage_block_identifier_get
</UL>
<BR>[Called By]<UL><LI><a href="#[ea]">&gt;&gt;</a>&nbsp;&nbsp;&nbsp;dm_init
<LI><a href="#[c2]">&gt;&gt;</a>&nbsp;&nbsp;&nbsp;bond_data_load
<LI><a href="#[3c]">&gt;&gt;</a>&nbsp;&nbsp;&nbsp;dm_pstorage_cb_handler
<LI><a href="#[e5]">&gt;&gt;</a>&nbsp;&nbsp;&nbsp;device_instance_free
<LI><a href="#[e2]">&gt;&gt;</a>&nbsp;&nbsp;&nbsp;device_context_store
</UL>

<P><STRONG><a name="[e6]"></a>pstorage_clear</STRONG> (Thumb, 280 bytes, Stack size 32 bytes, pstorage.o(i.pstorage_clear))
<BR><BR>[Stack]<UL><LI>Max Depth = 224<LI>Call Chain = pstorage_clear &rArr; cmd_queue_enqueue &rArr; cmd_process &rArr; update_operation_execute &rArr; clear_operation_execute &rArr; sm_state_change &rArr; state_entry_action_run &rArr; state_store_entry_run &rArr; store_cmd_flash_write_execute &rArr; flash_write &rArr; flash_api_err_code_process &rArr; app_notify_error_state_transit &rArr;  sm_state_change (Cycle)
</UL>
<BR>[Calls]<UL><LI><a href="#[116]">&gt;&gt;</a>&nbsp;&nbsp;&nbsp;is_word_aligned
<LI><a href="#[d1]">&gt;&gt;</a>&nbsp;&nbsp;&nbsp;cmd_queue_enqueue
</UL>
<BR>[Called By]<UL><LI><a href="#[ea]">&gt;&gt;</a>&nbsp;&nbsp;&nbsp;dm_init
<LI><a href="#[e5]">&gt;&gt;</a>&nbsp;&nbsp;&nbsp;device_instance_free
</UL>

<P><STRONG><a name="[e9]"></a>pstorage_init</STRONG> (Thumb, 110 bytes, Stack size 8 bytes, pstorage.o(i.pstorage_init))
<BR><BR>[Stack]<UL><LI>Max Depth = 16<LI>Call Chain = pstorage_init &rArr; pstorage_flash_page_end
</UL>
<BR>[Calls]<UL><LI><a href="#[c9]">&gt;&gt;</a>&nbsp;&nbsp;&nbsp;pstorage_flash_page_size
<LI><a href="#[117]">&gt;&gt;</a>&nbsp;&nbsp;&nbsp;pstorage_flash_page_end
<LI><a href="#[d2]">&gt;&gt;</a>&nbsp;&nbsp;&nbsp;cmd_queue_init
</UL>
<BR>[Called By]<UL><LI><a href="#[e8]">&gt;&gt;</a>&nbsp;&nbsp;&nbsp;device_manager_init
</UL>

<P><STRONG><a name="[c4]"></a>pstorage_load</STRONG> (Thumb, 236 bytes, Stack size 24 bytes, pstorage.o(i.pstorage_load))
<BR><BR>[Stack]<UL><LI>Max Depth = 24<LI>Call Chain = pstorage_load
</UL>
<BR>[Calls]<UL><LI><a href="#[116]">&gt;&gt;</a>&nbsp;&nbsp;&nbsp;is_word_aligned
<LI><a href="#[10b]">&gt;&gt;</a>&nbsp;&nbsp;&nbsp;__aeabi_memcpy
</UL>
<BR>[Called By]<UL><LI><a href="#[ea]">&gt;&gt;</a>&nbsp;&nbsp;&nbsp;dm_init
<LI><a href="#[c2]">&gt;&gt;</a>&nbsp;&nbsp;&nbsp;bond_data_load
<LI><a href="#[46]">&gt;&gt;</a>&nbsp;&nbsp;&nbsp;gatts_context_load
</UL>

<P><STRONG><a name="[f1]"></a>pstorage_register</STRONG> (Thumb, 256 bytes, Stack size 24 bytes, pstorage.o(i.pstorage_register))
<BR><BR>[Stack]<UL><LI>Max Depth = 32<LI>Call Chain = pstorage_register &rArr; pstorage_flash_page_end
</UL>
<BR>[Calls]<UL><LI><a href="#[c9]">&gt;&gt;</a>&nbsp;&nbsp;&nbsp;pstorage_flash_page_size
<LI><a href="#[117]">&gt;&gt;</a>&nbsp;&nbsp;&nbsp;pstorage_flash_page_end
</UL>
<BR>[Called By]<UL><LI><a href="#[ea]">&gt;&gt;</a>&nbsp;&nbsp;&nbsp;dm_init
</UL>

<P><STRONG><a name="[39]"></a>pstorage_store</STRONG> (Thumb, 212 bytes, Stack size 24 bytes, pstorage.o(i.pstorage_store))
<BR><BR>[Stack]<UL><LI>Max Depth = 216<LI>Call Chain = pstorage_store &rArr; cmd_queue_enqueue &rArr; cmd_process &rArr; update_operation_execute &rArr; clear_operation_execute &rArr; sm_state_change &rArr; state_entry_action_run &rArr; state_store_entry_run &rArr; store_cmd_flash_write_execute &rArr; flash_write &rArr; flash_api_err_code_process &rArr; app_notify_error_state_transit &rArr;  sm_state_change (Cycle)
</UL>
<BR>[Calls]<UL><LI><a href="#[116]">&gt;&gt;</a>&nbsp;&nbsp;&nbsp;is_word_aligned
<LI><a href="#[d1]">&gt;&gt;</a>&nbsp;&nbsp;&nbsp;cmd_queue_enqueue
</UL>
<BR>[Address Reference Count : 2]<UL><LI> device_manager_peripheral.o(i.gatts_context_store)
<LI> device_manager_peripheral.o(i.device_context_store)
</UL>
<P><STRONG><a name="[118]"></a>pstorage_sys_event_handler</STRONG> (Thumb, 62 bytes, Stack size 8 bytes, pstorage.o(i.pstorage_sys_event_handler))
<BR><BR>[Stack]<UL><LI>Max Depth = 144<LI>Call Chain = pstorage_sys_event_handler &rArr; flash_operation_success_run &rArr; erase_sub_state_sm_run &rArr; clear_post_processing_run &rArr; store_operation_execute &rArr; sm_state_change &rArr; state_entry_action_run &rArr; state_store_entry_run &rArr; store_cmd_flash_write_execute &rArr; flash_write &rArr; flash_api_err_code_process &rArr; app_notify_error_state_transit &rArr;  sm_state_change (Cycle)
</UL>
<BR>[Calls]<UL><LI><a href="#[f7]">&gt;&gt;</a>&nbsp;&nbsp;&nbsp;flash_operation_success_run
<LI><a href="#[f6]">&gt;&gt;</a>&nbsp;&nbsp;&nbsp;flash_operation_failure_run
</UL>
<BR>[Called By]<UL><LI><a href="#[35]">&gt;&gt;</a>&nbsp;&nbsp;&nbsp;sys_evt_dispatch
</UL>

<P><STRONG><a name="[38]"></a>pstorage_update</STRONG> (Thumb, 212 bytes, Stack size 24 bytes, pstorage.o(i.pstorage_update))
<BR><BR>[Stack]<UL><LI>Max Depth = 216<LI>Call Chain = pstorage_update &rArr; cmd_queue_enqueue &rArr; cmd_process &rArr; update_operation_execute &rArr; clear_operation_execute &rArr; sm_state_change &rArr; state_entry_action_run &rArr; state_store_entry_run &rArr; store_cmd_flash_write_execute &rArr; flash_write &rArr; flash_api_err_code_process &rArr; app_notify_error_state_transit &rArr;  sm_state_change (Cycle)
</UL>
<BR>[Calls]<UL><LI><a href="#[116]">&gt;&gt;</a>&nbsp;&nbsp;&nbsp;is_word_aligned
<LI><a href="#[d1]">&gt;&gt;</a>&nbsp;&nbsp;&nbsp;cmd_queue_enqueue
</UL>
<BR>[Address Reference Count : 2]<UL><LI> device_manager_peripheral.o(i.gatts_context_store)
<LI> device_manager_peripheral.o(i.device_context_store)
</UL>
<P><STRONG><a name="[be]"></a>sd_check_ram_start</STRONG> (Thumb, 22 bytes, Stack size 8 bytes, softdevice_handler.o(i.sd_check_ram_start))
<BR><BR>[Stack]<UL><LI>Max Depth = 8<LI>Call Chain = sd_check_ram_start
</UL>
<BR>[Called By]<UL><LI><a href="#[bb]">&gt;&gt;</a>&nbsp;&nbsp;&nbsp;ble_stack_init
</UL>

<P><STRONG><a name="[107]"></a>si705x_read</STRONG> (Thumb, 64 bytes, Stack size 24 bytes, main.o(i.si705x_read))
<BR><BR>[Stack]<UL><LI>Max Depth = 224<LI>Call Chain = si705x_read &rArr; nrf_drv_twi_tx &rArr; nrf_drv_twi_xfer &rArr; twi_xfer &rArr; twi_tx_start_transfer &rArr; twi_transfer &rArr; twi_send_byte
</UL>
<BR>[Calls]<UL><LI><a href="#[112]">&gt;&gt;</a>&nbsp;&nbsp;&nbsp;nrf_drv_twi_tx
<LI><a href="#[110]">&gt;&gt;</a>&nbsp;&nbsp;&nbsp;nrf_drv_twi_rx
</UL>
<BR>[Called By]<UL><LI><a href="#[3f]">&gt;&gt;</a>&nbsp;&nbsp;&nbsp;timer_timeout_handler
<LI><a href="#[2f]">&gt;&gt;</a>&nbsp;&nbsp;&nbsp;main
</UL>

<P><STRONG><a name="[c0]"></a>softdevice_ble_evt_handler_set</STRONG> (Thumb, 20 bytes, Stack size 0 bytes, softdevice_handler.o(i.softdevice_ble_evt_handler_set))
<BR><BR>[Called By]<UL><LI><a href="#[bb]">&gt;&gt;</a>&nbsp;&nbsp;&nbsp;ble_stack_init
</UL>

<P><STRONG><a name="[bf]"></a>softdevice_enable</STRONG> (Thumb, 24 bytes, Stack size 24 bytes, softdevice_handler.o(i.softdevice_enable))
<BR><BR>[Stack]<UL><LI>Max Depth = 24<LI>Call Chain = softdevice_enable
</UL>
<BR>[Called By]<UL><LI><a href="#[bb]">&gt;&gt;</a>&nbsp;&nbsp;&nbsp;ble_stack_init
</UL>

<P><STRONG><a name="[bd]"></a>softdevice_enable_get_default_config</STRONG> (Thumb, 44 bytes, Stack size 16 bytes, softdevice_handler.o(i.softdevice_enable_get_default_config))
<BR><BR>[Stack]<UL><LI>Max Depth = 16<LI>Call Chain = softdevice_enable_get_default_config
</UL>
<BR>[Calls]<UL><LI><a href="#[8e]">&gt;&gt;</a>&nbsp;&nbsp;&nbsp;__aeabi_memclr4
</UL>
<BR>[Called By]<UL><LI><a href="#[bb]">&gt;&gt;</a>&nbsp;&nbsp;&nbsp;ble_stack_init
</UL>

<P><STRONG><a name="[3e]"></a>softdevice_fault_handler</STRONG> (Thumb, 20 bytes, Stack size 16 bytes, softdevice_handler.o(i.softdevice_fault_handler))
<BR><BR>[Stack]<UL><LI>Max Depth = 148<LI>Call Chain = softdevice_fault_handler &rArr; app_error_fault_handler &rArr; bsp_indication_set &rArr; bsp_led_indication &rArr; app_timer_start &rArr; timer_start_op_schedule &rArr; user_op_alloc
</UL>
<BR>[Calls]<UL><LI><a href="#[90]">&gt;&gt;</a>&nbsp;&nbsp;&nbsp;app_error_fault_handler
</UL>
<BR>[Address Reference Count : 1]<UL><LI> softdevice_handler.o(i.softdevice_handler_init)
</UL>
<P><STRONG><a name="[bc]"></a>softdevice_handler_init</STRONG> (Thumb, 78 bytes, Stack size 24 bytes, softdevice_handler.o(i.softdevice_handler_init))
<BR><BR>[Stack]<UL><LI>Max Depth = 24<LI>Call Chain = softdevice_handler_init
</UL>
<BR>[Called By]<UL><LI><a href="#[bb]">&gt;&gt;</a>&nbsp;&nbsp;&nbsp;ble_stack_init
</UL>

<P><STRONG><a name="[c1]"></a>softdevice_sys_evt_handler_set</STRONG> (Thumb, 20 bytes, Stack size 0 bytes, softdevice_handler.o(i.softdevice_sys_evt_handler_set))
<BR><BR>[Called By]<UL><LI><a href="#[bb]">&gt;&gt;</a>&nbsp;&nbsp;&nbsp;ble_stack_init
</UL>

<P><STRONG><a name="[3f]"></a>timer_timeout_handler</STRONG> (Thumb, 216 bytes, Stack size 88 bytes, main.o(i.timer_timeout_handler))
<BR><BR>[Stack]<UL><LI>Max Depth = 312<LI>Call Chain = timer_timeout_handler &rArr; si705x_read &rArr; nrf_drv_twi_tx &rArr; nrf_drv_twi_xfer &rArr; twi_xfer &rArr; twi_tx_start_transfer &rArr; twi_transfer &rArr; twi_send_byte
</UL>
<BR>[Calls]<UL><LI><a href="#[74]">&gt;&gt;</a>&nbsp;&nbsp;&nbsp;app_error_handler
<LI><a href="#[68]">&gt;&gt;</a>&nbsp;&nbsp;&nbsp;__aeabi_i2d
<LI><a href="#[64]">&gt;&gt;</a>&nbsp;&nbsp;&nbsp;__aeabi_dsub
<LI><a href="#[66]">&gt;&gt;</a>&nbsp;&nbsp;&nbsp;__aeabi_dmul
<LI><a href="#[67]">&gt;&gt;</a>&nbsp;&nbsp;&nbsp;__aeabi_ddiv
<LI><a href="#[69]">&gt;&gt;</a>&nbsp;&nbsp;&nbsp;__aeabi_d2uiz
<LI><a href="#[107]">&gt;&gt;</a>&nbsp;&nbsp;&nbsp;si705x_read
</UL>
<BR>[Address Reference Count : 1]<UL><LI> main.o(i.timers_init)
</UL>
<P><STRONG><a name="[106]"></a>twi_init</STRONG> (Thumb, 56 bytes, Stack size 32 bytes, main.o(i.twi_init))
<BR><BR>[Stack]<UL><LI>Max Depth = 196<LI>Call Chain = twi_init &rArr; app_error_handler &rArr; app_error_fault_handler &rArr; bsp_indication_set &rArr; bsp_led_indication &rArr; app_timer_start &rArr; timer_start_op_schedule &rArr; user_op_alloc
</UL>
<BR>[Calls]<UL><LI><a href="#[10c]">&gt;&gt;</a>&nbsp;&nbsp;&nbsp;nrf_drv_twi_init
<LI><a href="#[12b]">&gt;&gt;</a>&nbsp;&nbsp;&nbsp;nrf_drv_twi_enable
<LI><a href="#[74]">&gt;&gt;</a>&nbsp;&nbsp;&nbsp;app_error_handler
</UL>
<BR>[Called By]<UL><LI><a href="#[2f]">&gt;&gt;</a>&nbsp;&nbsp;&nbsp;main
</UL>
<P>
<H3>
Local Symbols
</H3>
<P><STRONG><a name="[8d]"></a>advertising_init</STRONG> (Thumb, 108 bytes, Stack size 112 bytes, main.o(i.advertising_init))
<BR><BR>[Stack]<UL><LI>Max Depth = 368<LI>Call Chain = advertising_init &rArr; ble_advertising_init &rArr; ble_advdata_set &rArr; adv_data_encode &rArr; uuid_list_encode &rArr; uuid_list_sized_encode
</UL>
<BR>[Calls]<UL><LI><a href="#[8e]">&gt;&gt;</a>&nbsp;&nbsp;&nbsp;__aeabi_memclr4
<LI><a href="#[8f]">&gt;&gt;</a>&nbsp;&nbsp;&nbsp;ble_advertising_init
<LI><a href="#[74]">&gt;&gt;</a>&nbsp;&nbsp;&nbsp;app_error_handler
</UL>
<BR>[Called By]<UL><LI><a href="#[2f]">&gt;&gt;</a>&nbsp;&nbsp;&nbsp;main
</UL>

<P><STRONG><a name="[a3]"></a>application_timers_start</STRONG> (Thumb, 44 bytes, Stack size 16 bytes, main.o(i.application_timers_start))
<BR><BR>[Stack]<UL><LI>Max Depth = 180<LI>Call Chain = application_timers_start &rArr; app_error_handler &rArr; app_error_fault_handler &rArr; bsp_indication_set &rArr; bsp_led_indication &rArr; app_timer_start &rArr; timer_start_op_schedule &rArr; user_op_alloc
</UL>
<BR>[Calls]<UL><LI><a href="#[9d]">&gt;&gt;</a>&nbsp;&nbsp;&nbsp;app_timer_start
<LI><a href="#[74]">&gt;&gt;</a>&nbsp;&nbsp;&nbsp;app_error_handler
</UL>
<BR>[Called By]<UL><LI><a href="#[2f]">&gt;&gt;</a>&nbsp;&nbsp;&nbsp;main
</UL>

<P><STRONG><a name="[34]"></a>ble_evt_dispatch</STRONG> (Thumb, 38 bytes, Stack size 8 bytes, main.o(i.ble_evt_dispatch))
<BR><BR>[Stack]<UL><LI>Max Depth = 336<LI>Call Chain = ble_evt_dispatch &rArr; dm_ble_evt_handler &rArr; device_instance_free &rArr; pstorage_clear &rArr; cmd_queue_enqueue &rArr; cmd_process &rArr; update_operation_execute &rArr; clear_operation_execute &rArr; sm_state_change &rArr; state_entry_action_run &rArr; state_store_entry_run &rArr; store_cmd_flash_write_execute &rArr; flash_write &rArr; flash_api_err_code_process &rArr; app_notify_error_state_transit &rArr;  sm_state_change (Cycle)
</UL>
<BR>[Calls]<UL><LI><a href="#[b6]">&gt;&gt;</a>&nbsp;&nbsp;&nbsp;dm_ble_evt_handler
<LI><a href="#[b1]">&gt;&gt;</a>&nbsp;&nbsp;&nbsp;ble_conn_params_on_ble_evt
<LI><a href="#[a9]">&gt;&gt;</a>&nbsp;&nbsp;&nbsp;ble_advertising_on_ble_evt
<LI><a href="#[b7]">&gt;&gt;</a>&nbsp;&nbsp;&nbsp;ble_si705x_on_ble_evt
<LI><a href="#[b8]">&gt;&gt;</a>&nbsp;&nbsp;&nbsp;on_ble_evt
</UL>
<BR>[Address Reference Count : 1]<UL><LI> main.o(i.ble_stack_init)
</UL>
<P><STRONG><a name="[bb]"></a>ble_stack_init</STRONG> (Thumb, 282 bytes, Stack size 48 bytes, main.o(i.ble_stack_init))
<BR><BR>[Stack]<UL><LI>Max Depth = 212<LI>Call Chain = ble_stack_init &rArr; app_error_handler &rArr; app_error_fault_handler &rArr; bsp_indication_set &rArr; bsp_led_indication &rArr; app_timer_start &rArr; timer_start_op_schedule &rArr; user_op_alloc
</UL>
<BR>[Calls]<UL><LI><a href="#[c1]">&gt;&gt;</a>&nbsp;&nbsp;&nbsp;softdevice_sys_evt_handler_set
<LI><a href="#[bc]">&gt;&gt;</a>&nbsp;&nbsp;&nbsp;softdevice_handler_init
<LI><a href="#[bd]">&gt;&gt;</a>&nbsp;&nbsp;&nbsp;softdevice_enable_get_default_config
<LI><a href="#[bf]">&gt;&gt;</a>&nbsp;&nbsp;&nbsp;softdevice_enable
<LI><a href="#[c0]">&gt;&gt;</a>&nbsp;&nbsp;&nbsp;softdevice_ble_evt_handler_set
<LI><a href="#[be]">&gt;&gt;</a>&nbsp;&nbsp;&nbsp;sd_check_ram_start
<LI><a href="#[74]">&gt;&gt;</a>&nbsp;&nbsp;&nbsp;app_error_handler
</UL>
<BR>[Called By]<UL><LI><a href="#[2f]">&gt;&gt;</a>&nbsp;&nbsp;&nbsp;main
</UL>

<P><STRONG><a name="[37]"></a>conn_params_error_handler</STRONG> (Thumb, 22 bytes, Stack size 8 bytes, main.o(i.conn_params_error_handler))
<BR><BR>[Stack]<UL><LI>Max Depth = 172<LI>Call Chain = conn_params_error_handler &rArr; app_error_handler &rArr; app_error_fault_handler &rArr; bsp_indication_set &rArr; bsp_led_indication &rArr; app_timer_start &rArr; timer_start_op_schedule &rArr; user_op_alloc
</UL>
<BR>[Calls]<UL><LI><a href="#[74]">&gt;&gt;</a>&nbsp;&nbsp;&nbsp;app_error_handler
</UL>
<BR>[Address Reference Count : 1]<UL><LI> main.o(i.conn_params_init)
</UL>
<P><STRONG><a name="[db]"></a>conn_params_init</STRONG> (Thumb, 88 bytes, Stack size 40 bytes, main.o(i.conn_params_init))
<BR><BR>[Stack]<UL><LI>Max Depth = 204<LI>Call Chain = conn_params_init &rArr; app_error_handler &rArr; app_error_fault_handler &rArr; bsp_indication_set &rArr; bsp_led_indication &rArr; app_timer_start &rArr; timer_start_op_schedule &rArr; user_op_alloc
</UL>
<BR>[Calls]<UL><LI><a href="#[8e]">&gt;&gt;</a>&nbsp;&nbsp;&nbsp;__aeabi_memclr4
<LI><a href="#[af]">&gt;&gt;</a>&nbsp;&nbsp;&nbsp;ble_conn_params_init
<LI><a href="#[74]">&gt;&gt;</a>&nbsp;&nbsp;&nbsp;app_error_handler
</UL>
<BR>[Called By]<UL><LI><a href="#[2f]">&gt;&gt;</a>&nbsp;&nbsp;&nbsp;main
</UL>

<P><STRONG><a name="[3b]"></a>device_manager_evt_handler</STRONG> (Thumb, 40 bytes, Stack size 24 bytes, main.o(i.device_manager_evt_handler))
<BR><BR>[Stack]<UL><LI>Max Depth = 188<LI>Call Chain = device_manager_evt_handler &rArr; app_error_handler &rArr; app_error_fault_handler &rArr; bsp_indication_set &rArr; bsp_led_indication &rArr; app_timer_start &rArr; timer_start_op_schedule &rArr; user_op_alloc
</UL>
<BR>[Calls]<UL><LI><a href="#[74]">&gt;&gt;</a>&nbsp;&nbsp;&nbsp;app_error_handler
</UL>
<BR>[Address Reference Count : 1]<UL><LI> main.o(i.device_manager_init)
</UL>
<P><STRONG><a name="[e8]"></a>device_manager_init</STRONG> (Thumb, 188 bytes, Stack size 32 bytes, main.o(i.device_manager_init))
<BR><BR>[Stack]<UL><LI>Max Depth = 288<LI>Call Chain = device_manager_init &rArr; dm_init &rArr; pstorage_clear &rArr; cmd_queue_enqueue &rArr; cmd_process &rArr; update_operation_execute &rArr; clear_operation_execute &rArr; sm_state_change &rArr; state_entry_action_run &rArr; state_store_entry_run &rArr; store_cmd_flash_write_execute &rArr; flash_write &rArr; flash_api_err_code_process &rArr; app_notify_error_state_transit &rArr;  sm_state_change (Cycle)
</UL>
[...]
<BR><BR>[Stack]<UL><LI>Max Depth = 80<LI>Call Chain = store_cmd_flash_write_execute &rArr; flash_write &rArr; flash_api_err_code_process &rArr; app_notify_error_state_transit &rArr;  sm_state_change (Cycle)
</UL>
<BR>[Calls]<UL><LI><a href="#[c9]">&gt;&gt;</a>&nbsp;&nbsp;&nbsp;pstorage_flash_page_size
<LI><a href="#[fb]">&gt;&gt;</a>&nbsp;&nbsp;&nbsp;flash_write
</UL>
<BR>[Called By]<UL><LI><a href="#[f8]">&gt;&gt;</a>&nbsp;&nbsp;&nbsp;store_sub_state_sm_run
<LI><a href="#[11f]">&gt;&gt;</a>&nbsp;&nbsp;&nbsp;state_store_entry_run
</UL>

<P><STRONG><a name="[cd]"></a>store_operation_execute</STRONG> (Thumb, 10 bytes, Stack size 8 bytes, pstorage.o(i.store_operation_execute))
<BR><BR>[Stack]<UL><LI>Max Depth = 112<LI>Call Chain = store_operation_execute &rArr; sm_state_change &rArr; state_entry_action_run &rArr; state_store_entry_run &rArr; store_cmd_flash_write_execute &rArr; flash_write &rArr; flash_api_err_code_process &rArr; app_notify_error_state_transit &rArr;  sm_state_change (Cycle)
</UL>
<BR>[Calls]<UL><LI><a href="#[95]">&gt;&gt;</a>&nbsp;&nbsp;&nbsp;sm_state_change
</UL>
<BR>[Called By]<UL><LI><a href="#[ce]">&gt;&gt;</a>&nbsp;&nbsp;&nbsp;cmd_process
<LI><a href="#[cb]">&gt;&gt;</a>&nbsp;&nbsp;&nbsp;clear_post_processing_run
</UL>

<P><STRONG><a name="[f8]"></a>store_sub_state_sm_run</STRONG> (Thumb, 60 bytes, Stack size 8 bytes, pstorage.o(i.store_sub_state_sm_run))
<BR><BR>[Stack]<UL><LI>Max Depth = 120<LI>Call Chain = store_sub_state_sm_run &rArr; main_state_err_busy_process &rArr; sm_state_change &rArr; state_entry_action_run &rArr; state_store_entry_run &rArr; store_cmd_flash_write_execute &rArr; flash_write &rArr; flash_api_err_code_process &rArr; app_notify_error_state_transit &rArr;  sm_state_change (Cycle)
</UL>
<BR>[Calls]<UL><LI><a href="#[120]">&gt;&gt;</a>&nbsp;&nbsp;&nbsp;store_cmd_flash_write_execute
<LI><a href="#[f4]">&gt;&gt;</a>&nbsp;&nbsp;&nbsp;main_state_err_busy_process
<LI><a href="#[cc]">&gt;&gt;</a>&nbsp;&nbsp;&nbsp;command_end_procedure_run
</UL>
<BR>[Called By]<UL><LI><a href="#[f7]">&gt;&gt;</a>&nbsp;&nbsp;&nbsp;flash_operation_success_run
</UL>

<P><STRONG><a name="[52]"></a>swap_erase_state_run</STRONG> (Thumb, 26 bytes, Stack size 8 bytes, pstorage.o(i.swap_erase_state_run))
<BR><BR>[Stack]<UL><LI>Max Depth = 32<LI>Call Chain = swap_erase_state_run &rArr; swap_sub_state_err_busy_process &rArr; swap_sub_state_state_change &rArr; swap_sub_state_entry_action_run
</UL>
<BR>[Calls]<UL><LI><a href="#[de]">&gt;&gt;</a>&nbsp;&nbsp;&nbsp;swap_sub_state_state_change
<LI><a href="#[e1]">&gt;&gt;</a>&nbsp;&nbsp;&nbsp;swap_sub_state_err_busy_process
</UL>
<BR>[Address Reference Count : 1]<UL><LI> pstorage.o(.constdata)
</UL>
<P><STRONG><a name="[e0]"></a>swap_sub_sm_exit_action_run</STRONG> (Thumb, 8 bytes, Stack size 8 bytes, pstorage.o(i.swap_sub_sm_exit_action_run))
<BR><BR>[Stack]<UL><LI>Max Depth = 128<LI>Call Chain = swap_sub_sm_exit_action_run &rArr; clear_post_processing_run &rArr; store_operation_execute &rArr; sm_state_change &rArr; state_entry_action_run &rArr; state_store_entry_run &rArr; store_cmd_flash_write_execute &rArr; flash_write &rArr; flash_api_err_code_process &rArr; app_notify_error_state_transit &rArr;  sm_state_change (Cycle)
</UL>
<BR>[Calls]<UL><LI><a href="#[cb]">&gt;&gt;</a>&nbsp;&nbsp;&nbsp;clear_post_processing_run
</UL>
<BR>[Called By]<UL><LI><a href="#[55]">&gt;&gt;</a>&nbsp;&nbsp;&nbsp;tail_restore_state_run
<LI><a href="#[56]">&gt;&gt;</a>&nbsp;&nbsp;&nbsp;head_restore_state_run
<LI><a href="#[54]">&gt;&gt;</a>&nbsp;&nbsp;&nbsp;data_page_erase_state_run
</UL>

<P><STRONG><a name="[121]"></a>swap_sub_state_entry_action_run</STRONG> (Thumb, 16 bytes, Stack size 8 bytes, pstorage.o(i.swap_sub_state_entry_action_run))
<BR><BR>[Stack]<UL><LI>Max Depth = 8<LI>Call Chain = swap_sub_state_entry_action_run
</UL>
<BR>[Called By]<UL><LI><a href="#[de]">&gt;&gt;</a>&nbsp;&nbsp;&nbsp;swap_sub_state_state_change
</UL>

<P><STRONG><a name="[e1]"></a>swap_sub_state_err_busy_process</STRONG> (Thumb, 24 bytes, Stack size 8 bytes, pstorage.o(i.swap_sub_state_err_busy_process))
<BR><BR>[Stack]<UL><LI>Max Depth = 24<LI>Call Chain = swap_sub_state_err_busy_process &rArr; swap_sub_state_state_change &rArr; swap_sub_state_entry_action_run
</UL>
<BR>[Calls]<UL><LI><a href="#[de]">&gt;&gt;</a>&nbsp;&nbsp;&nbsp;swap_sub_state_state_change
</UL>
<BR>[Called By]<UL><LI><a href="#[55]">&gt;&gt;</a>&nbsp;&nbsp;&nbsp;tail_restore_state_run
<LI><a href="#[52]">&gt;&gt;</a>&nbsp;&nbsp;&nbsp;swap_erase_state_run
<LI><a href="#[56]">&gt;&gt;</a>&nbsp;&nbsp;&nbsp;head_restore_state_run
<LI><a href="#[53]">&gt;&gt;</a>&nbsp;&nbsp;&nbsp;data_to_swap_write_state_run
<LI><a href="#[54]">&gt;&gt;</a>&nbsp;&nbsp;&nbsp;data_page_erase_state_run
</UL>

<P><STRONG><a name="[f9]"></a>swap_sub_state_sm_run</STRONG> (Thumb, 16 bytes, Stack size 8 bytes, pstorage.o(i.swap_sub_state_sm_run))
<BR><BR>[Stack]<UL><LI>Max Depth = 8<LI>Call Chain = swap_sub_state_sm_run
</UL>
<BR>[Called By]<UL><LI><a href="#[f7]">&gt;&gt;</a>&nbsp;&nbsp;&nbsp;flash_operation_success_run
</UL>

<P><STRONG><a name="[de]"></a>swap_sub_state_state_change</STRONG> (Thumb, 14 bytes, Stack size 8 bytes, pstorage.o(i.swap_sub_state_state_change))
<BR><BR>[Stack]<UL><LI>Max Depth = 16<LI>Call Chain = swap_sub_state_state_change &rArr; swap_sub_state_entry_action_run
</UL>
<BR>[Calls]<UL><LI><a href="#[121]">&gt;&gt;</a>&nbsp;&nbsp;&nbsp;swap_sub_state_entry_action_run
</UL>
<BR>[Called By]<UL><LI><a href="#[e1]">&gt;&gt;</a>&nbsp;&nbsp;&nbsp;swap_sub_state_err_busy_process
<LI><a href="#[52]">&gt;&gt;</a>&nbsp;&nbsp;&nbsp;swap_erase_state_run
<LI><a href="#[11d]">&gt;&gt;</a>&nbsp;&nbsp;&nbsp;state_data_erase_swap_entry_run
<LI><a href="#[56]">&gt;&gt;</a>&nbsp;&nbsp;&nbsp;head_restore_state_run
<LI><a href="#[f6]">&gt;&gt;</a>&nbsp;&nbsp;&nbsp;flash_operation_failure_run
<LI><a href="#[53]">&gt;&gt;</a>&nbsp;&nbsp;&nbsp;data_to_swap_write_state_run
<LI><a href="#[54]">&gt;&gt;</a>&nbsp;&nbsp;&nbsp;data_page_erase_state_run
</UL>

<P><STRONG><a name="[55]"></a>tail_restore_state_run</STRONG> (Thumb, 24 bytes, Stack size 8 bytes, pstorage.o(i.tail_restore_state_run))
<BR><BR>[Stack]<UL><LI>Max Depth = 136<LI>Call Chain = tail_restore_state_run &rArr; swap_sub_sm_exit_action_run &rArr; clear_post_processing_run &rArr; store_operation_execute &rArr; sm_state_change &rArr; state_entry_action_run &rArr; state_store_entry_run &rArr; store_cmd_flash_write_execute &rArr; flash_write &rArr; flash_api_err_code_process &rArr; app_notify_error_state_transit &rArr;  sm_state_change (Cycle)
</UL>
<BR>[Calls]<UL><LI><a href="#[e1]">&gt;&gt;</a>&nbsp;&nbsp;&nbsp;swap_sub_state_err_busy_process
<LI><a href="#[e0]">&gt;&gt;</a>&nbsp;&nbsp;&nbsp;swap_sub_sm_exit_action_run
</UL>
<BR>[Address Reference Count : 1]<UL><LI> pstorage.o(.constdata)
</UL>
<P><STRONG><a name="[ca]"></a>tail_word_size_calculate</STRONG> (Thumb, 70 bytes, Stack size 24 bytes, pstorage.o(i.tail_word_size_calculate))
<BR><BR>[Stack]<UL><LI>Max Depth = 24<LI>Call Chain = tail_word_size_calculate
</UL>
<BR>[Calls]<UL><LI><a href="#[c9]">&gt;&gt;</a>&nbsp;&nbsp;&nbsp;pstorage_flash_page_size
</UL>
<BR>[Called By]<UL><LI><a href="#[c8]">&gt;&gt;</a>&nbsp;&nbsp;&nbsp;clear_operation_execute
</UL>

<P><STRONG><a name="[cf]"></a>update_operation_execute</STRONG> (Thumb, 8 bytes, Stack size 8 bytes, pstorage.o(i.update_operation_execute))
<BR><BR>[Stack]<UL><LI>Max Depth = 152<LI>Call Chain = update_operation_execute &rArr; clear_operation_execute &rArr; sm_state_change &rArr; state_entry_action_run &rArr; state_store_entry_run &rArr; store_cmd_flash_write_execute &rArr; flash_write &rArr; flash_api_err_code_process &rArr; app_notify_error_state_transit &rArr;  sm_state_change (Cycle)
</UL>
<BR>[Calls]<UL><LI><a href="#[c8]">&gt;&gt;</a>&nbsp;&nbsp;&nbsp;clear_operation_execute
</UL>
<BR>[Called By]<UL><LI><a href="#[ce]">&gt;&gt;</a>&nbsp;&nbsp;&nbsp;cmd_process
</UL>

<P><STRONG><a name="[98]"></a>NVIC_ClearPendingIRQ</STRONG> (Thumb, 18 bytes, Stack size 0 bytes, app_timer.o(i.NVIC_ClearPendingIRQ))
<BR><BR>[Called By]<UL><LI><a href="#[d7]">&gt;&gt;</a>&nbsp;&nbsp;&nbsp;rtc1_start
<LI><a href="#[96]">&gt;&gt;</a>&nbsp;&nbsp;&nbsp;app_timer_init
</UL>

<P><STRONG><a name="[9a]"></a>NVIC_EnableIRQ</STRONG> (Thumb, 22 bytes, Stack size 0 bytes, app_timer.o(i.NVIC_EnableIRQ))
<BR><BR>[Called By]<UL><LI><a href="#[d7]">&gt;&gt;</a>&nbsp;&nbsp;&nbsp;rtc1_start
<LI><a href="#[96]">&gt;&gt;</a>&nbsp;&nbsp;&nbsp;app_timer_init
</UL>

<P><STRONG><a name="[126]"></a>NVIC_SetPendingIRQ</STRONG> (Thumb, 18 bytes, Stack size 0 bytes, app_timer.o(i.NVIC_SetPendingIRQ))
<BR><BR>[Called By]<UL><LI><a href="#[d9]">&gt;&gt;</a>&nbsp;&nbsp;&nbsp;timer_timeouts_check_sched
<LI><a href="#[125]">&gt;&gt;</a>&nbsp;&nbsp;&nbsp;timer_list_handler_sched
</UL>

<P><STRONG><a name="[99]"></a>NVIC_SetPriority</STRONG> (Thumb, 32 bytes, Stack size 8 bytes, app_timer.o(i.NVIC_SetPriority))
<BR><BR>[Stack]<UL><LI>Max Depth = 8<LI>Call Chain = NVIC_SetPriority
</UL>
<BR>[Called By]<UL><LI><a href="#[9b]">&gt;&gt;</a>&nbsp;&nbsp;&nbsp;rtc1_init
<LI><a href="#[96]">&gt;&gt;</a>&nbsp;&nbsp;&nbsp;app_timer_init
</UL>

<P><STRONG><a name="[d5]"></a>compare_reg_update</STRONG> (Thumb, 132 bytes, Stack size 32 bytes, app_timer.o(i.compare_reg_update))
<BR><BR>[Stack]<UL><LI>Max Depth = 40<LI>Call Chain = compare_reg_update &rArr; timer_timeouts_check_sched
</UL>
<BR>[Calls]<UL><LI><a href="#[5b]">&gt;&gt;</a>&nbsp;&nbsp;&nbsp;__asm___11_app_timer_c_cd27f9c3__nrf_delay_us
<LI><a href="#[d9]">&gt;&gt;</a>&nbsp;&nbsp;&nbsp;timer_timeouts_check_sched
<LI><a href="#[d6]">&gt;&gt;</a>&nbsp;&nbsp;&nbsp;ticks_diff_get
<LI><a href="#[97]">&gt;&gt;</a>&nbsp;&nbsp;&nbsp;rtc1_stop
<LI><a href="#[d7]">&gt;&gt;</a>&nbsp;&nbsp;&nbsp;rtc1_start
<LI><a href="#[9c]">&gt;&gt;</a>&nbsp;&nbsp;&nbsp;rtc1_counter_get
<LI><a href="#[d8]">&gt;&gt;</a>&nbsp;&nbsp;&nbsp;rtc1_compare0_set
</UL>
<BR>[Called By]<UL><LI><a href="#[73]">&gt;&gt;</a>&nbsp;&nbsp;&nbsp;timer_list_handler
</UL>

<P><STRONG><a name="[123]"></a>elapsed_ticks_acquire</STRONG> (Thumb, 82 bytes, Stack size 0 bytes, app_timer.o(i.elapsed_ticks_acquire))
<BR><BR>[Called By]<UL><LI><a href="#[73]">&gt;&gt;</a>&nbsp;&nbsp;&nbsp;timer_list_handler
</UL>

<P><STRONG><a name="[124]"></a>expired_timers_handler</STRONG> (Thumb, 84 bytes, Stack size 20 bytes, app_timer.o(i.expired_timers_handler))
<BR><BR>[Stack]<UL><LI>Max Depth = 20<LI>Call Chain = expired_timers_handler
</UL>
<BR>[Called By]<UL><LI><a href="#[73]">&gt;&gt;</a>&nbsp;&nbsp;&nbsp;timer_list_handler
</UL>

<P><STRONG><a name="[101]"></a>list_deletions_handler</STRONG> (Thumb, 140 bytes, Stack size 24 bytes, app_timer.o(i.list_deletions_handler))
<BR><BR>[Stack]<UL><LI>Max Depth = 36<LI>Call Chain = list_deletions_handler &rArr; timer_list_remove
</UL>
<BR>[Calls]<UL><LI><a href="#[102]">&gt;&gt;</a>&nbsp;&nbsp;&nbsp;timer_list_remove
</UL>
<BR>[Called By]<UL><LI><a href="#[73]">&gt;&gt;</a>&nbsp;&nbsp;&nbsp;timer_list_handler
</UL>

<P><STRONG><a name="[103]"></a>list_insertions_handler</STRONG> (Thumb, 242 bytes, Stack size 32 bytes, app_timer.o(i.list_insertions_handler))
<BR><BR>[Stack]<UL><LI>Max Depth = 40<LI>Call Chain = list_insertions_handler &rArr; timer_list_insert
</UL>
<BR>[Calls]<UL><LI><a href="#[104]">&gt;&gt;</a>&nbsp;&nbsp;&nbsp;timer_list_insert
<LI><a href="#[d6]">&gt;&gt;</a>&nbsp;&nbsp;&nbsp;ticks_diff_get
</UL>
<BR>[Called By]<UL><LI><a href="#[73]">&gt;&gt;</a>&nbsp;&nbsp;&nbsp;timer_list_handler
</UL>

<P><STRONG><a name="[d8]"></a>rtc1_compare0_set</STRONG> (Thumb, 6 bytes, Stack size 0 bytes, app_timer.o(i.rtc1_compare0_set))
<BR><BR>[Called By]<UL><LI><a href="#[d5]">&gt;&gt;</a>&nbsp;&nbsp;&nbsp;compare_reg_update
</UL>

<P><STRONG><a name="[9c]"></a>rtc1_counter_get</STRONG> (Thumb, 6 bytes, Stack size 0 bytes, app_timer.o(i.rtc1_counter_get))
<BR><BR>[Called By]<UL><LI><a href="#[71]">&gt;&gt;</a>&nbsp;&nbsp;&nbsp;timer_timeouts_check
<LI><a href="#[9f]">&gt;&gt;</a>&nbsp;&nbsp;&nbsp;timer_start_op_schedule
<LI><a href="#[d5]">&gt;&gt;</a>&nbsp;&nbsp;&nbsp;compare_reg_update
<LI><a href="#[96]">&gt;&gt;</a>&nbsp;&nbsp;&nbsp;app_timer_init
</UL>

<P><STRONG><a name="[9b]"></a>rtc1_init</STRONG> (Thumb, 18 bytes, Stack size 8 bytes, app_timer.o(i.rtc1_init))
<BR><BR>[Stack]<UL><LI>Max Depth = 16<LI>Call Chain = rtc1_init &rArr; NVIC_SetPriority
</UL>
<BR>[Calls]<UL><LI><a href="#[99]">&gt;&gt;</a>&nbsp;&nbsp;&nbsp;NVIC_SetPriority
</UL>
<BR>[Called By]<UL><LI><a href="#[96]">&gt;&gt;</a>&nbsp;&nbsp;&nbsp;app_timer_init
</UL>

<P><STRONG><a name="[d7]"></a>rtc1_start</STRONG> (Thumb, 48 bytes, Stack size 8 bytes, app_timer.o(i.rtc1_start))
<BR><BR>[Stack]<UL><LI>Max Depth = 8<LI>Call Chain = rtc1_start
</UL>
<BR>[Calls]<UL><LI><a href="#[5b]">&gt;&gt;</a>&nbsp;&nbsp;&nbsp;__asm___11_app_timer_c_cd27f9c3__nrf_delay_us
<LI><a href="#[9a]">&gt;&gt;</a>&nbsp;&nbsp;&nbsp;NVIC_EnableIRQ
<LI><a href="#[98]">&gt;&gt;</a>&nbsp;&nbsp;&nbsp;NVIC_ClearPendingIRQ
</UL>
<BR>[Called By]<UL><LI><a href="#[d5]">&gt;&gt;</a>&nbsp;&nbsp;&nbsp;compare_reg_update
</UL>

<P><STRONG><a name="[97]"></a>rtc1_stop</STRONG> (Thumb, 68 bytes, Stack size 8 bytes, app_timer.o(i.rtc1_stop))
<BR><BR>[Stack]<UL><LI>Max Depth = 8<LI>Call Chain = rtc1_stop
</UL>
<BR>[Calls]<UL><LI><a href="#[5b]">&gt;&gt;</a>&nbsp;&nbsp;&nbsp;__asm___11_app_timer_c_cd27f9c3__nrf_delay_us
</UL>
<BR>[Called By]<UL><LI><a href="#[d5]">&gt;&gt;</a>&nbsp;&nbsp;&nbsp;compare_reg_update
<LI><a href="#[96]">&gt;&gt;</a>&nbsp;&nbsp;&nbsp;app_timer_init
</UL>

<P><STRONG><a name="[d6]"></a>ticks_diff_get</STRONG> (Thumb, 10 bytes, Stack size 0 bytes, app_timer.o(i.ticks_diff_get))
<BR><BR>[Called By]<UL><LI><a href="#[71]">&gt;&gt;</a>&nbsp;&nbsp;&nbsp;timer_timeouts_check
<LI><a href="#[103]">&gt;&gt;</a>&nbsp;&nbsp;&nbsp;list_insertions_handler
<LI><a href="#[d5]">&gt;&gt;</a>&nbsp;&nbsp;&nbsp;compare_reg_update
</UL>

<P><STRONG><a name="[122]"></a>timeout_handler_exec</STRONG> (Thumb, 56 bytes, Stack size 16 bytes, app_timer.o(i.timeout_handler_exec))
<BR><BR>[Stack]<UL><LI>Max Depth = 180<LI>Call Chain = timeout_handler_exec &rArr; app_error_handler &rArr; app_error_fault_handler &rArr; bsp_indication_set &rArr; bsp_led_indication &rArr; app_timer_start &rArr; timer_start_op_schedule &rArr; user_op_alloc
</UL>
<BR>[Calls]<UL><LI><a href="#[74]">&gt;&gt;</a>&nbsp;&nbsp;&nbsp;app_error_handler
</UL>
<BR>[Called By]<UL><LI><a href="#[71]">&gt;&gt;</a>&nbsp;&nbsp;&nbsp;timer_timeouts_check
</UL>

<P><STRONG><a name="[73]"></a>timer_list_handler</STRONG> (Thumb, 72 bytes, Stack size 32 bytes, app_timer.o(i.timer_list_handler))
<BR><BR>[Stack]<UL><LI>Max Depth = 72<LI>Call Chain = timer_list_handler &rArr; list_insertions_handler &rArr; timer_list_insert
</UL>
<BR>[Calls]<UL><LI><a href="#[103]">&gt;&gt;</a>&nbsp;&nbsp;&nbsp;list_insertions_handler
<LI><a href="#[101]">&gt;&gt;</a>&nbsp;&nbsp;&nbsp;list_deletions_handler
<LI><a href="#[124]">&gt;&gt;</a>&nbsp;&nbsp;&nbsp;expired_timers_handler
<LI><a href="#[123]">&gt;&gt;</a>&nbsp;&nbsp;&nbsp;elapsed_ticks_acquire
<LI><a href="#[d5]">&gt;&gt;</a>&nbsp;&nbsp;&nbsp;compare_reg_update
</UL>
<BR>[Called By]<UL><LI><a href="#[1e]">&gt;&gt;</a>&nbsp;&nbsp;&nbsp;SWI0_EGU0_IRQHandler
</UL>

<P><STRONG><a name="[125]"></a>timer_list_handler_sched</STRONG> (Thumb, 10 bytes, Stack size 8 bytes, app_timer.o(i.timer_list_handler_sched))
<BR><BR>[Stack]<UL><LI>Max Depth = 8<LI>Call Chain = timer_list_handler_sched
</UL>
<BR>[Calls]<UL><LI><a href="#[126]">&gt;&gt;</a>&nbsp;&nbsp;&nbsp;NVIC_SetPendingIRQ
</UL>
<BR>[Called By]<UL><LI><a href="#[71]">&gt;&gt;</a>&nbsp;&nbsp;&nbsp;timer_timeouts_check
<LI><a href="#[a1]">&gt;&gt;</a>&nbsp;&nbsp;&nbsp;timer_stop_op_schedule
<LI><a href="#[9f]">&gt;&gt;</a>&nbsp;&nbsp;&nbsp;timer_start_op_schedule
</UL>

<P><STRONG><a name="[104]"></a>timer_list_insert</STRONG> (Thumb, 98 bytes, Stack size 8 bytes, app_timer.o(i.timer_list_insert))
<BR><BR>[Stack]<UL><LI>Max Depth = 8<LI>Call Chain = timer_list_insert
</UL>
<BR>[Called By]<UL><LI><a href="#[103]">&gt;&gt;</a>&nbsp;&nbsp;&nbsp;list_insertions_handler
</UL>

<P><STRONG><a name="[102]"></a>timer_list_remove</STRONG> (Thumb, 90 bytes, Stack size 12 bytes, app_timer.o(i.timer_list_remove))
<BR><BR>[Stack]<UL><LI>Max Depth = 12<LI>Call Chain = timer_list_remove
</UL>
<BR>[Called By]<UL><LI><a href="#[101]">&gt;&gt;</a>&nbsp;&nbsp;&nbsp;list_deletions_handler
</UL>

<P><STRONG><a name="[9f]"></a>timer_start_op_schedule</STRONG> (Thumb, 86 bytes, Stack size 32 bytes, app_timer.o(i.timer_start_op_schedule))
<BR><BR>[Stack]<UL><LI>Max Depth = 44<LI>Call Chain = timer_start_op_schedule &rArr; user_op_alloc
</UL>
<BR>[Calls]<UL><LI><a href="#[128]">&gt;&gt;</a>&nbsp;&nbsp;&nbsp;user_op_enque
<LI><a href="#[127]">&gt;&gt;</a>&nbsp;&nbsp;&nbsp;user_op_alloc
<LI><a href="#[125]">&gt;&gt;</a>&nbsp;&nbsp;&nbsp;timer_list_handler_sched
<LI><a href="#[9c]">&gt;&gt;</a>&nbsp;&nbsp;&nbsp;rtc1_counter_get
</UL>
<BR>[Called By]<UL><LI><a href="#[9d]">&gt;&gt;</a>&nbsp;&nbsp;&nbsp;app_timer_start
</UL>

<P><STRONG><a name="[a1]"></a>timer_stop_op_schedule</STRONG> (Thumb, 58 bytes, Stack size 24 bytes, app_timer.o(i.timer_stop_op_schedule))
<BR><BR>[Stack]<UL><LI>Max Depth = 36<LI>Call Chain = timer_stop_op_schedule &rArr; user_op_alloc
</UL>
<BR>[Calls]<UL><LI><a href="#[128]">&gt;&gt;</a>&nbsp;&nbsp;&nbsp;user_op_enque
<LI><a href="#[127]">&gt;&gt;</a>&nbsp;&nbsp;&nbsp;user_op_alloc
<LI><a href="#[125]">&gt;&gt;</a>&nbsp;&nbsp;&nbsp;timer_list_handler_sched
</UL>
<BR>[Called By]<UL><LI><a href="#[a0]">&gt;&gt;</a>&nbsp;&nbsp;&nbsp;app_timer_stop
</UL>

<P><STRONG><a name="[71]"></a>timer_timeouts_check</STRONG> (Thumb, 130 bytes, Stack size 24 bytes, app_timer.o(i.timer_timeouts_check))
<BR><BR>[Stack]<UL><LI>Max Depth = 204<LI>Call Chain = timer_timeouts_check &rArr; timeout_handler_exec &rArr; app_error_handler &rArr; app_error_fault_handler &rArr; bsp_indication_set &rArr; bsp_led_indication &rArr; app_timer_start &rArr; timer_start_op_schedule &rArr; user_op_alloc
</UL>
<BR>[Calls]<UL><LI><a href="#[125]">&gt;&gt;</a>&nbsp;&nbsp;&nbsp;timer_list_handler_sched
<LI><a href="#[122]">&gt;&gt;</a>&nbsp;&nbsp;&nbsp;timeout_handler_exec
<LI><a href="#[d6]">&gt;&gt;</a>&nbsp;&nbsp;&nbsp;ticks_diff_get
<LI><a href="#[9c]">&gt;&gt;</a>&nbsp;&nbsp;&nbsp;rtc1_counter_get
</UL>
<BR>[Called By]<UL><LI><a href="#[1b]">&gt;&gt;</a>&nbsp;&nbsp;&nbsp;RTC1_IRQHandler
</UL>

<P><STRONG><a name="[d9]"></a>timer_timeouts_check_sched</STRONG> (Thumb, 10 bytes, Stack size 8 bytes, app_timer.o(i.timer_timeouts_check_sched))
<BR><BR>[Stack]<UL><LI>Max Depth = 8<LI>Call Chain = timer_timeouts_check_sched
</UL>
<BR>[Calls]<UL><LI><a href="#[126]">&gt;&gt;</a>&nbsp;&nbsp;&nbsp;NVIC_SetPendingIRQ
</UL>
<BR>[Called By]<UL><LI><a href="#[d5]">&gt;&gt;</a>&nbsp;&nbsp;&nbsp;compare_reg_update
</UL>

<P><STRONG><a name="[9e]"></a>user_id_get</STRONG> (Thumb, 78 bytes, Stack size 12 bytes, app_timer.o(i.user_id_get))
<BR><BR>[Stack]<UL><LI>Max Depth = 12<LI>Call Chain = user_id_get
</UL>
<BR>[Called By]<UL><LI><a href="#[a0]">&gt;&gt;</a>&nbsp;&nbsp;&nbsp;app_timer_stop
<LI><a href="#[9d]">&gt;&gt;</a>&nbsp;&nbsp;&nbsp;app_timer_start
</UL>

<P><STRONG><a name="[127]"></a>user_op_alloc</STRONG> (Thumb, 48 bytes, Stack size 12 bytes, app_timer.o(i.user_op_alloc))
<BR><BR>[Stack]<UL><LI>Max Depth = 12<LI>Call Chain = user_op_alloc
</UL>
<BR>[Called By]<UL><LI><a href="#[a1]">&gt;&gt;</a>&nbsp;&nbsp;&nbsp;timer_stop_op_schedule
<LI><a href="#[9f]">&gt;&gt;</a>&nbsp;&nbsp;&nbsp;timer_start_op_schedule
</UL>

<P><STRONG><a name="[128]"></a>user_op_enque</STRONG> (Thumb, 4 bytes, Stack size 0 bytes, app_timer.o(i.user_op_enque))
<BR><BR>[Called By]<UL><LI><a href="#[a1]">&gt;&gt;</a>&nbsp;&nbsp;&nbsp;timer_stop_op_schedule
<LI><a href="#[9f]">&gt;&gt;</a>&nbsp;&nbsp;&nbsp;timer_start_op_schedule
</UL>
<P>
<H3>
Undefined Global Symbols
</H3><HR></body></html>
