Component: ARM Compiler 5.06 update 3 (build 300) Tool: armlink [4d35c9]

==============================================================================

Section Cross References

    main.o(i.advertising_init) refers to memseta.o(.text) for __aeabi_memclr4
    main.o(i.advertising_init) refers to ble_advertising.o(i.ble_advertising_init) for ble_advertising_init
    main.o(i.advertising_init) refers to app_error.o(i.app_error_handler) for app_error_handler
    main.o(i.advertising_init) refers to main.o(.data) for m_adv_uuids
    main.o(i.advertising_init) refers to main.o(i.on_adv_evt) for on_adv_evt
    main.o(i.application_timers_start) refers to app_timer.o(i.app_timer_start) for app_timer_start
    main.o(i.application_timers_start) refers to app_error.o(i.app_error_handler) for app_error_handler
    main.o(i.application_timers_start) refers to main.o(.constdata) for m_app_timer_id
    main.o(i.assert_nrf_callback) refers to app_error.o(i.app_error_handler) for app_error_handler
    main.o(i.ble_evt_dispatch) refers to device_manager_peripheral.o(i.dm_ble_evt_handler) for dm_ble_evt_handler
    main.o(i.ble_evt_dispatch) refers to ble_conn_params.o(i.ble_conn_params_on_ble_evt) for ble_conn_params_on_ble_evt
    main.o(i.ble_evt_dispatch) refers to main.o(i.ble_si705x_on_ble_evt) for ble_si705x_on_ble_evt
    main.o(i.ble_evt_dispatch) refers to main.o(i.on_ble_evt) for on_ble_evt
    main.o(i.ble_evt_dispatch) refers to ble_advertising.o(i.ble_advertising_on_ble_evt) for ble_advertising_on_ble_evt
    main.o(i.ble_evt_dispatch) refers to main.o(.bss) for m_si705x
    main.o(i.ble_si705x_init) refers to main.o(i.temp_char_add) for temp_char_add
    main.o(i.ble_si705x_init) refers to main.o(.constdata) for .constdata
    main.o(i.ble_stack_init) refers to softdevice_handler.o(i.softdevice_handler_init) for softdevice_handler_init
    main.o(i.ble_stack_init) refers to app_error.o(i.app_error_handler) for app_error_handler
    main.o(i.ble_stack_init) refers to softdevice_handler.o(i.softdevice_enable_get_default_config) for softdevice_enable_get_default_config
    main.o(i.ble_stack_init) refers to softdevice_handler.o(i.sd_check_ram_start) for sd_check_ram_start
    main.o(i.ble_stack_init) refers to softdevice_handler.o(i.softdevice_enable) for softdevice_enable
    main.o(i.ble_stack_init) refers to softdevice_handler.o(i.softdevice_ble_evt_handler_set) for softdevice_ble_evt_handler_set
    main.o(i.ble_stack_init) refers to softdevice_handler.o(i.softdevice_sys_evt_handler_set) for softdevice_sys_evt_handler_set
    main.o(i.ble_stack_init) refers to main.o(.bss) for BLE_EVT_BUFFER
    main.o(i.ble_stack_init) refers to main.o(i.ble_evt_dispatch) for ble_evt_dispatch
    main.o(i.ble_stack_init) refers to main.o(i.sys_evt_dispatch) for sys_evt_dispatch
    main.o(i.bsp_event_handler) refers to main.o(i.sleep_mode_enter) for sleep_mode_enter
    main.o(i.bsp_event_handler) refers to app_error.o(i.app_error_handler) for app_error_handler
    main.o(i.bsp_event_handler) refers to ble_advertising.o(i.ble_advertising_restart_without_whitelist) for ble_advertising_restart_without_whitelist
    main.o(i.bsp_event_handler) refers to main.o(.data) for m_conn_handle
    main.o(i.buttons_leds_init) refers to bsp.o(i.bsp_init) for bsp_init
    main.o(i.buttons_leds_init) refers to app_error.o(i.app_error_handler) for app_error_handler
    main.o(i.buttons_leds_init) refers to bsp_btn_ble.o(i.bsp_btn_ble_init) for bsp_btn_ble_init
    main.o(i.buttons_leds_init) refers to main.o(i.bsp_event_handler) for bsp_event_handler
    main.o(i.conn_params_error_handler) refers to app_error.o(i.app_error_handler) for app_error_handler
    main.o(i.conn_params_init) refers to memseta.o(.text) for __aeabi_memclr4
    main.o(i.conn_params_init) refers to ble_conn_params.o(i.ble_conn_params_init) for ble_conn_params_init
    main.o(i.conn_params_init) refers to app_error.o(i.app_error_handler) for app_error_handler
    main.o(i.conn_params_init) refers to main.o(i.on_conn_params_evt) for on_conn_params_evt
    main.o(i.conn_params_init) refers to main.o(i.conn_params_error_handler) for conn_params_error_handler
    main.o(i.device_manager_evt_handler) refers to app_error.o(i.app_error_handler) for app_error_handler
    main.o(i.device_manager_init) refers to pstorage.o(i.pstorage_init) for pstorage_init
    main.o(i.device_manager_init) refers to app_error.o(i.app_error_handler) for app_error_handler
    main.o(i.device_manager_init) refers to device_manager_peripheral.o(i.dm_init) for dm_init
    main.o(i.device_manager_init) refers to device_manager_peripheral.o(i.dm_register) for dm_register
    main.o(i.device_manager_init) refers to main.o(i.device_manager_evt_handler) for device_manager_evt_handler
    main.o(i.device_manager_init) refers to main.o(.data) for m_app_handle
    main.o(i.gap_params_init) refers to app_error.o(i.app_error_handler) for app_error_handler
[...]
    nrf_drv_get_IRQn                         0x0001f99d   Thumb Code    10  nrf_drv_twi.o(i.nrf_drv_get_IRQn)
    i.nrf_drv_twi_enable                     0x0001f9a8   Section        0  nrf_drv_twi.o(i.nrf_drv_twi_enable)
    i.nrf_drv_twi_init                       0x0001f9cc   Section        0  nrf_drv_twi.o(i.nrf_drv_twi_init)
    i.nrf_drv_twi_rx                         0x0001fa68   Section        0  nrf_drv_twi.o(i.nrf_drv_twi_rx)
    i.nrf_drv_twi_tx                         0x0001fa94   Section        0  nrf_drv_twi.o(i.nrf_drv_twi_tx)
    i.nrf_drv_twi_xfer                       0x0001fad0   Section        0  nrf_drv_twi.o(i.nrf_drv_twi_xfer)
    i.nrf_gpio_cfg_sense_set                 0x0001fb18   Section        0  nrf_drv_gpiote.o(i.nrf_gpio_cfg_sense_set)
    nrf_gpio_cfg_sense_set                   0x0001fb19   Thumb Code    32  nrf_drv_gpiote.o(i.nrf_gpio_cfg_sense_set)
    i.nrf_gpio_pin_clear                     0x0001fb3c   Section        0  nrf_drv_twi.o(i.nrf_gpio_pin_clear)
    nrf_gpio_pin_clear                       0x0001fb3d   Thumb Code    10  nrf_drv_twi.o(i.nrf_gpio_pin_clear)
    i.nrf_gpio_pin_set                       0x0001fb4c   Section        0  nrf_drv_twi.o(i.nrf_gpio_pin_set)
    nrf_gpio_pin_set                         0x0001fb4d   Thumb Code    10  nrf_drv_twi.o(i.nrf_gpio_pin_set)
    i.nrf_gpiote_event_addr_get              0x0001fb5c   Section        0  nrf_drv_gpiote.o(i.nrf_gpiote_event_addr_get)
    nrf_gpiote_event_addr_get                0x0001fb5d   Thumb Code     8  nrf_drv_gpiote.o(i.nrf_gpiote_event_addr_get)
    i.nrf_gpiote_event_clear                 0x0001fb68   Section        0  nrf_drv_gpiote.o(i.nrf_gpiote_event_clear)
    nrf_gpiote_event_clear                   0x0001fb69   Thumb Code    28  nrf_drv_gpiote.o(i.nrf_gpiote_event_clear)
    i.nrf_gpiote_event_is_set                0x0001fb84   Section        0  nrf_drv_gpiote.o(i.nrf_gpiote_event_is_set)
    nrf_gpiote_event_is_set                  0x0001fb85   Thumb Code    22  nrf_drv_gpiote.o(i.nrf_gpiote_event_is_set)
    i.nrf_twi_event_check                    0x0001fb9a   Section        0  nrf_drv_twi.o(i.nrf_twi_event_check)
    nrf_twi_event_check                      0x0001fb9b   Thumb Code    14  nrf_drv_twi.o(i.nrf_twi_event_check)
    i.nrf_twi_event_clear                    0x0001fba8   Section        0  nrf_drv_twi.o(i.nrf_twi_event_clear)
    nrf_twi_event_clear                      0x0001fba9   Thumb Code     6  nrf_drv_twi.o(i.nrf_twi_event_clear)
    i.nrf_twi_int_disable                    0x0001fbae   Section        0  nrf_drv_twi.o(i.nrf_twi_int_disable)
    nrf_twi_int_disable                      0x0001fbaf   Thumb Code     6  nrf_drv_twi.o(i.nrf_twi_int_disable)
    i.nrf_twi_int_enable                     0x0001fbb4   Section        0  nrf_drv_twi.o(i.nrf_twi_int_enable)
    nrf_twi_int_enable                       0x0001fbb5   Thumb Code     6  nrf_drv_twi.o(i.nrf_twi_int_enable)
    i.nrf_twi_shorts_set                     0x0001fbba   Section        0  nrf_drv_twi.o(i.nrf_twi_shorts_set)
    nrf_twi_shorts_set                       0x0001fbbb   Thumb Code     6  nrf_drv_twi.o(i.nrf_twi_shorts_set)
    i.nrf_twi_task_trigger                   0x0001fbc0   Section        0  nrf_drv_twi.o(i.nrf_twi_task_trigger)
    nrf_twi_task_trigger                     0x0001fbc1   Thumb Code     6  nrf_drv_twi.o(i.nrf_twi_task_trigger)
    i.nrf_uart_errorsrc_get_and_clear        0x0001fbc6   Section        0  nrf_drv_uart.o(i.nrf_uart_errorsrc_get_and_clear)
    nrf_uart_errorsrc_get_and_clear          0x0001fbc7   Thumb Code    12  nrf_drv_uart.o(i.nrf_uart_errorsrc_get_and_clear)
    i.nrf_uart_event_check                   0x0001fbd2   Section        0  nrf_drv_uart.o(i.nrf_uart_event_check)
    nrf_uart_event_check                     0x0001fbd3   Thumb Code    14  nrf_drv_uart.o(i.nrf_uart_event_check)
    i.nrf_uart_event_clear                   0x0001fbe0   Section        0  nrf_drv_uart.o(i.nrf_uart_event_clear)
    nrf_uart_event_clear                     0x0001fbe1   Thumb Code     6  nrf_drv_uart.o(i.nrf_uart_event_clear)
    i.nrf_uart_int_disable                   0x0001fbe6   Section        0  nrf_drv_uart.o(i.nrf_uart_int_disable)
    nrf_uart_int_disable                     0x0001fbe7   Thumb Code     6  nrf_drv_uart.o(i.nrf_uart_int_disable)
    i.nrf_uart_int_enable_check              0x0001fbec   Section        0  nrf_drv_uart.o(i.nrf_uart_int_enable_check)
    nrf_uart_int_enable_check                0x0001fbed   Thumb Code    18  nrf_drv_uart.o(i.nrf_uart_int_enable_check)
    i.nrf_uart_task_trigger                  0x0001fbfe   Section        0  nrf_drv_uart.o(i.nrf_uart_task_trigger)
    nrf_uart_task_trigger                    0x0001fbff   Thumb Code     6  nrf_drv_uart.o(i.nrf_uart_task_trigger)
    i.nrf_uarte_errorsrc_get_and_clear       0x0001fc04   Section        0  nrf_drv_uart.o(i.nrf_uarte_errorsrc_get_and_clear)
    nrf_uarte_errorsrc_get_and_clear         0x0001fc05   Thumb Code    12  nrf_drv_uart.o(i.nrf_uarte_errorsrc_get_and_clear)
    i.nrf_uarte_event_check                  0x0001fc10   Section        0  nrf_drv_uart.o(i.nrf_uarte_event_check)
    nrf_uarte_event_check                    0x0001fc11   Thumb Code    14  nrf_drv_uart.o(i.nrf_uarte_event_check)
    i.nrf_uarte_event_clear                  0x0001fc1e   Section        0  nrf_drv_uart.o(i.nrf_uarte_event_clear)
    nrf_uarte_event_clear                    0x0001fc1f   Thumb Code     6  nrf_drv_uart.o(i.nrf_uarte_event_clear)
    i.nrf_uarte_rx_amount_get                0x0001fc24   Section        0  nrf_drv_uart.o(i.nrf_uarte_rx_amount_get)
    nrf_uarte_rx_amount_get                  0x0001fc25   Thumb Code    10  nrf_drv_uart.o(i.nrf_uarte_rx_amount_get)
    i.on_adv_evt                             0x0001fc30   Section        0  main.o(i.on_adv_evt)
    on_adv_evt                               0x0001fc31   Thumb Code    56  main.o(i.on_adv_evt)
    i.on_ble_evt                             0x0001fc78   Section        0  main.o(i.on_ble_evt)
    on_ble_evt                               0x0001fc79   Thumb Code    72  main.o(i.on_ble_evt)
    i.on_conn_params_evt                     0x0001fcd4   Section        0  main.o(i.on_conn_params_evt)
    on_conn_params_evt                       0x0001fcd5   Thumb Code    44  main.o(i.on_conn_params_evt)
    i.on_conn_params_update                  0x0001fd14   Section        0  ble_conn_params.o(i.on_conn_params_update)
    on_conn_params_update                    0x0001fd15   Thumb Code    24  ble_conn_params.o(i.on_conn_params_update)
    i.on_connect                             0x0001fd30   Section        0  ble_conn_params.o(i.on_connect)
    on_connect                               0x0001fd31   Thumb Code    42  ble_conn_params.o(i.on_connect)
    i.on_disconnect                          0x0001fd6c   Section        0  ble_conn_params.o(i.on_disconnect)
    on_disconnect                            0x0001fd6d   Thumb Code    46  ble_conn_params.o(i.on_disconnect)
    i.on_write                               0x0001fdac   Section        0  ble_conn_params.o(i.on_write)
    on_write                                 0x0001fdad   Thumb Code    78  ble_conn_params.o(i.on_write)
    i.peer_address_exists                    0x0001fe04   Section        0  ble_advertising.o(i.peer_address_exists)
    peer_address_exists                      0x0001fe05   Thumb Code    24  ble_advertising.o(i.peer_address_exists)
    i.peer_instance_init                     0x0001fe1c   Section        0  device_manager_peripheral.o(i.peer_instance_init)
    peer_instance_init                       0x0001fe1d   Thumb Code    92  device_manager_peripheral.o(i.peer_instance_init)
    i.power_manage                           0x0001fe80   Section        0  main.o(i.power_manage)
    power_manage                             0x0001fe81   Thumb Code    32  main.o(i.power_manage)
    i.pstorage_access_status_get             0x0001feb0   Section        0  pstorage.o(i.pstorage_access_status_get)
    i.pstorage_block_identifier_get          0x0001fedc   Section        0  pstorage.o(i.pstorage_block_identifier_get)
    i.pstorage_clear                         0x0001ff80   Section        0  pstorage.o(i.pstorage_clear)
    i.pstorage_flash_page_end                0x000200a0   Section        0  pstorage.o(i.pstorage_flash_page_end)
    pstorage_flash_page_end                  0x000200a1   Thumb Code    30  pstorage.o(i.pstorage_flash_page_end)
    i.pstorage_flash_page_size               0x000200be   Section        0  pstorage.o(i.pstorage_flash_page_size)
    pstorage_flash_page_size                 0x000200bf   Thumb Code    10  pstorage.o(i.pstorage_flash_page_size)
    i.pstorage_init                          0x000200c8   Section        0  pstorage.o(i.pstorage_init)
    i.pstorage_load                          0x00020158   Section        0  pstorage.o(i.pstorage_load)
    i.pstorage_register                      0x0002024c   Section        0  pstorage.o(i.pstorage_register)
    i.pstorage_store                         0x0002035c   Section        0  pstorage.o(i.pstorage_store)
    i.pstorage_sys_event_handler             0x00020438   Section        0  pstorage.o(i.pstorage_sys_event_handler)
    i.pstorage_update                        0x00020480   Section        0  pstorage.o(i.pstorage_update)
    i.rtc1_compare0_set                      0x0002055c   Section        0  app_timer.o(i.rtc1_compare0_set)
    rtc1_compare0_set                        0x0002055d   Thumb Code     6  app_timer.o(i.rtc1_compare0_set)
    i.rtc1_counter_get                       0x00020568   Section        0  app_timer.o(i.rtc1_counter_get)
    rtc1_counter_get                         0x00020569   Thumb Code     6  app_timer.o(i.rtc1_counter_get)
    i.rtc1_init                              0x00020574   Section        0  app_timer.o(i.rtc1_init)
    rtc1_init                                0x00020575   Thumb Code    18  app_timer.o(i.rtc1_init)
    i.rtc1_start                             0x0002058c   Section        0  app_timer.o(i.rtc1_start)
    rtc1_start                               0x0002058d   Thumb Code    48  app_timer.o(i.rtc1_start)
    i.rtc1_stop                              0x000205c8   Section        0  app_timer.o(i.rtc1_stop)
    rtc1_stop                                0x000205c9   Thumb Code    68  app_timer.o(i.rtc1_stop)
    i.rx_byte                                0x00020620   Section        0  nrf_drv_uart.o(i.rx_byte)
    rx_byte                                  0x00020621   Thumb Code    68  nrf_drv_uart.o(i.rx_byte)
    i.rx_done_event                          0x00020670   Section        0  nrf_drv_uart.o(i.rx_done_event)
    rx_done_event                            0x00020671   Thumb Code    30  nrf_drv_uart.o(i.rx_done_event)
    i.sd_check_ram_start                     0x00020694   Section        0  softdevice_handler.o(i.sd_check_ram_start)
    i.sec_mgr_oob_flags_encode               0x000206b0   Section        0  ble_advdata.o(i.sec_mgr_oob_flags_encode)
    sec_mgr_oob_flags_encode                 0x000206b1   Thumb Code    54  ble_advdata.o(i.sec_mgr_oob_flags_encode)
    i.service_data_encode                    0x000206e6   Section        0  ble_advdata.o(i.service_data_encode)
    service_data_encode                      0x000206e7   Thumb Code   150  ble_advdata.o(i.service_data_encode)
    i.services_init                          0x0002077c   Section        0  main.o(i.services_init)
    services_init                            0x0002077d   Thumb Code    42  main.o(i.services_init)
    i.si705x_handler                         0x000207c0   Section        0  main.o(i.si705x_handler)
    si705x_handler                           0x000207c1   Thumb Code     2  main.o(i.si705x_handler)
    i.si705x_read                            0x000207c4   Section        0  main.o(i.si705x_read)
    i.sleep_mode_enter                       0x0002080c   Section        0  main.o(i.sleep_mode_enter)
    sleep_mode_enter                         0x0002080d   Thumb Code    94  main.o(i.sleep_mode_enter)
    i.sm_state_change                        0x0002087c   Section        0  pstorage.o(i.sm_state_change)
    sm_state_change                          0x0002087d   Thumb Code    14  pstorage.o(i.sm_state_change)
    i.softdevice_ble_evt_handler_set         0x00020890   Section        0  softdevice_handler.o(i.softdevice_ble_evt_handler_set)
    i.softdevice_enable                      0x000208a8   Section        0  softdevice_handler.o(i.softdevice_enable)
    i.softdevice_enable_get_default_config   0x000208c4   Section        0  softdevice_handler.o(i.softdevice_enable_get_default_config)
    i.softdevice_fault_handler               0x000208f0   Section        0  softdevice_handler.o(i.softdevice_fault_handler)
    i.softdevice_handler_init                0x00020904   Section        0  softdevice_handler.o(i.softdevice_handler_init)
    i.softdevice_sys_evt_handler_set         0x00020968   Section        0  softdevice_handler.o(i.softdevice_sys_evt_handler_set)
    i.srdata_check                           0x00020980   Section        0  ble_advdata.o(i.srdata_check)
    srdata_check                             0x00020981   Thumb Code    14  ble_advdata.o(i.srdata_check)
    i.state_data_erase_entry_run             0x00020990   Section        0  pstorage.o(i.state_data_erase_entry_run)
    state_data_erase_entry_run               0x00020991   Thumb Code    12  pstorage.o(i.state_data_erase_entry_run)
    i.state_data_erase_swap_entry_run        0x000209a0   Section        0  pstorage.o(i.state_data_erase_swap_entry_run)
    state_data_erase_swap_entry_run          0x000209a1   Thumb Code   124  pstorage.o(i.state_data_erase_swap_entry_run)
    i.state_entry_action_run                 0x00020a2c   Section        0  pstorage.o(i.state_entry_action_run)
    state_entry_action_run                   0x00020a2d   Thumb Code    52  pstorage.o(i.state_entry_action_run)
    i.state_erase_data_page_entry_run        0x00020a64   Section        0  pstorage.o(i.state_erase_data_page_entry_run)
    state_erase_data_page_entry_run          0x00020a65   Thumb Code    12  pstorage.o(i.state_erase_data_page_entry_run)
    i.state_idle_entry_run                   0x00020a74   Section        0  pstorage.o(i.state_idle_entry_run)
    state_idle_entry_run                     0x00020a75   Thumb Code    18  pstorage.o(i.state_idle_entry_run)
    i.state_restore_head_entry_run           0x00020a90   Section        0  pstorage.o(i.state_restore_head_entry_run)
    state_restore_head_entry_run             0x00020a91   Thumb Code    44  pstorage.o(i.state_restore_head_entry_run)
    i.state_restore_tail_entry_run           0x00020ac4   Section        0  pstorage.o(i.state_restore_tail_entry_run)
    state_restore_tail_entry_run             0x00020ac5   Thumb Code    80  pstorage.o(i.state_restore_tail_entry_run)
    i.state_store_entry_run                  0x00020b1c   Section        0  pstorage.o(i.state_store_entry_run)
    state_store_entry_run                    0x00020b1d   Thumb Code     8  pstorage.o(i.state_store_entry_run)
    i.state_swap_erase_entry_run             0x00020b24   Section        0  pstorage.o(i.state_swap_erase_entry_run)
    state_swap_erase_entry_run               0x00020b25   Thumb Code    30  pstorage.o(i.state_swap_erase_entry_run)
    i.state_write_data_swap_entry_run        0x00020b44   Section        0  pstorage.o(i.state_write_data_swap_entry_run)
    state_write_data_swap_entry_run          0x00020b45   Thumb Code    50  pstorage.o(i.state_write_data_swap_entry_run)
    i.storage_operation_dummy_handler        0x00020b7c   Section        0  device_manager_peripheral.o(i.storage_operation_dummy_handler)
    storage_operation_dummy_handler          0x00020b7d   Thumb Code     8  device_manager_peripheral.o(i.storage_operation_dummy_handler)
    i.store_cmd_flash_write_execute          0x00020b84   Section        0  pstorage.o(i.store_cmd_flash_write_execute)
    store_cmd_flash_write_execute            0x00020b85   Thumb Code    94  pstorage.o(i.store_cmd_flash_write_execute)
    i.store_operation_execute                0x00020bec   Section        0  pstorage.o(i.store_operation_execute)
    store_operation_execute                  0x00020bed   Thumb Code    10  pstorage.o(i.store_operation_execute)
    i.store_sub_state_sm_run                 0x00020bf8   Section        0  pstorage.o(i.store_sub_state_sm_run)
    store_sub_state_sm_run                   0x00020bf9   Thumb Code    60  pstorage.o(i.store_sub_state_sm_run)
    i.swap_erase_state_run                   0x00020c40   Section        0  pstorage.o(i.swap_erase_state_run)
    swap_erase_state_run                     0x00020c41   Thumb Code    26  pstorage.o(i.swap_erase_state_run)
    i.swap_sub_sm_exit_action_run            0x00020c60   Section        0  pstorage.o(i.swap_sub_sm_exit_action_run)
    swap_sub_sm_exit_action_run              0x00020c61   Thumb Code     8  pstorage.o(i.swap_sub_sm_exit_action_run)
    i.swap_sub_state_entry_action_run        0x00020c68   Section        0  pstorage.o(i.swap_sub_state_entry_action_run)
    swap_sub_state_entry_action_run          0x00020c69   Thumb Code    16  pstorage.o(i.swap_sub_state_entry_action_run)
    i.swap_sub_state_err_busy_process        0x00020c80   Section        0  pstorage.o(i.swap_sub_state_err_busy_process)
    swap_sub_state_err_busy_process          0x00020c81   Thumb Code    24  pstorage.o(i.swap_sub_state_err_busy_process)
    i.swap_sub_state_sm_run                  0x00020ca0   Section        0  pstorage.o(i.swap_sub_state_sm_run)
    swap_sub_state_sm_run                    0x00020ca1   Thumb Code    16  pstorage.o(i.swap_sub_state_sm_run)
    i.swap_sub_state_state_change            0x00020cb8   Section        0  pstorage.o(i.swap_sub_state_state_change)
    swap_sub_state_state_change              0x00020cb9   Thumb Code    14  pstorage.o(i.swap_sub_state_state_change)
    i.sys_evt_dispatch                       0x00020ccc   Section        0  main.o(i.sys_evt_dispatch)
    sys_evt_dispatch                         0x00020ccd   Thumb Code    18  main.o(i.sys_evt_dispatch)
    i.tail_restore_state_run                 0x00020ce0   Section        0  pstorage.o(i.tail_restore_state_run)
    tail_restore_state_run                   0x00020ce1   Thumb Code    24  pstorage.o(i.tail_restore_state_run)
    i.tail_word_size_calculate               0x00020cfc   Section        0  pstorage.o(i.tail_word_size_calculate)
    tail_word_size_calculate                 0x00020cfd   Thumb Code    70  pstorage.o(i.tail_word_size_calculate)
    i.temp_char_add                          0x00020d48   Section        0  main.o(i.temp_char_add)
    temp_char_add                            0x00020d49   Thumb Code   322  main.o(i.temp_char_add)
    i.ticks_diff_get                         0x00020e8a   Section        0  app_timer.o(i.ticks_diff_get)
    ticks_diff_get                           0x00020e8b   Thumb Code    10  app_timer.o(i.ticks_diff_get)
    i.timeout_handler_exec                   0x00020e94   Section        0  app_timer.o(i.timeout_handler_exec)
    timeout_handler_exec                     0x00020e95   Thumb Code    56  app_timer.o(i.timeout_handler_exec)
    i.timer_list_handler                     0x00020efc   Section        0  app_timer.o(i.timer_list_handler)
    timer_list_handler                       0x00020efd   Thumb Code    72  app_timer.o(i.timer_list_handler)
    i.timer_list_handler_sched               0x00020f50   Section        0  app_timer.o(i.timer_list_handler_sched)
    timer_list_handler_sched                 0x00020f51   Thumb Code    10  app_timer.o(i.timer_list_handler_sched)
    i.timer_list_insert                      0x00020f5c   Section        0  app_timer.o(i.timer_list_insert)
    timer_list_insert                        0x00020f5d   Thumb Code    98  app_timer.o(i.timer_list_insert)
    i.timer_list_remove                      0x00020fc4   Section        0  app_timer.o(i.timer_list_remove)
    timer_list_remove                        0x00020fc5   Thumb Code    90  app_timer.o(i.timer_list_remove)
    i.timer_start_op_schedule                0x00021030   Section        0  app_timer.o(i.timer_start_op_schedule)
    timer_start_op_schedule                  0x00021031   Thumb Code    86  app_timer.o(i.timer_start_op_schedule)
    i.timer_stop_op_schedule                 0x0002108c   Section        0  app_timer.o(i.timer_stop_op_schedule)
    timer_stop_op_schedule                   0x0002108d   Thumb Code    58  app_timer.o(i.timer_stop_op_schedule)
    i.timer_timeout_handler                  0x000210cc   Section        0  main.o(i.timer_timeout_handler)
    i.timer_timeouts_check                   0x000211dc   Section        0  app_timer.o(i.timer_timeouts_check)
    timer_timeouts_check                     0x000211dd   Thumb Code   130  app_timer.o(i.timer_timeouts_check)
    i.timer_timeouts_check_sched             0x00021274   Section        0  app_timer.o(i.timer_timeouts_check_sched)
    timer_timeouts_check_sched               0x00021275   Thumb Code    10  app_timer.o(i.timer_timeouts_check_sched)
    i.timers_init                            0x00021280   Section        0  main.o(i.timers_init)
    timers_init                              0x00021281   Thumb Code    78  main.o(i.timers_init)
    i.tk_value_encode                        0x000212ec   Section        0  ble_advdata.o(i.tk_value_encode)
    tk_value_encode                          0x000212ed   Thumb Code    70  ble_advdata.o(i.tk_value_encode)
    i.twi_clear_bus                          0x00021334   Section        0  nrf_drv_twi.o(i.twi_clear_bus)
    twi_clear_bus                            0x00021335   Thumb Code   138  nrf_drv_twi.o(i.twi_clear_bus)
    i.twi_init                               0x000213c8   Section        0  main.o(i.twi_init)
    i.twi_receive_byte                       0x00021418   Section        0  nrf_drv_twi.o(i.twi_receive_byte)
    twi_receive_byte                         0x00021419   Thumb Code    76  nrf_drv_twi.o(i.twi_receive_byte)
    i.twi_rx_start_transfer                  0x00021464   Section        0  nrf_drv_twi.o(i.twi_rx_start_transfer)
    twi_rx_start_transfer                    0x00021465   Thumb Code   166  nrf_drv_twi.o(i.twi_rx_start_transfer)
    i.twi_send_byte                          0x0002150a   Section        0  nrf_drv_twi.o(i.twi_send_byte)
    twi_send_byte                            0x0002150b   Thumb Code    72  nrf_drv_twi.o(i.twi_send_byte)
    i.twi_transfer                           0x00021552   Section        0  nrf_drv_twi.o(i.twi_transfer)
    twi_transfer                             0x00021553   Thumb Code   290  nrf_drv_twi.o(i.twi_transfer)
    i.twi_tx_start_transfer                  0x00021674   Section        0  nrf_drv_twi.o(i.twi_tx_start_transfer)
    twi_tx_start_transfer                    0x00021675   Thumb Code   172  nrf_drv_twi.o(i.twi_tx_start_transfer)
    i.twi_xfer                               0x00021720   Section        0  nrf_drv_twi.o(i.twi_xfer)
    twi_xfer                                 0x00021721   Thumb Code   184  nrf_drv_twi.o(i.twi_xfer)
    i.tx_byte                                0x000217d8   Section        0  nrf_drv_uart.o(i.tx_byte)
    tx_byte                                  0x000217d9   Thumb Code    42  nrf_drv_uart.o(i.tx_byte)
    i.tx_done_event                          0x00021810   Section        0  nrf_drv_uart.o(i.tx_done_event)
    tx_done_event                            0x00021811   Thumb Code    38  nrf_drv_uart.o(i.tx_done_event)
    i.tx_power_level_encode                  0x0002183c   Section        0  ble_advdata.o(i.tx_power_level_encode)
    tx_power_level_encode                    0x0002183d   Thumb Code    54  ble_advdata.o(i.tx_power_level_encode)
    i.uart_irq_handler                       0x00021874   Section        0  nrf_drv_uart.o(i.uart_irq_handler)
    uart_irq_handler                         0x00021875   Thumb Code   342  nrf_drv_uart.o(i.uart_irq_handler)
    i.uarte_irq_handler                      0x000219d4   Section        0  nrf_drv_uart.o(i.uarte_irq_handler)
    uarte_irq_handler                        0x000219d5   Thumb Code   286  nrf_drv_uart.o(i.uarte_irq_handler)
    i.uint16_encode                          0x00021b00   Section        0  ble_advdata.o(i.uint16_encode)
    uint16_encode                            0x00021b01   Thumb Code    12  ble_advdata.o(i.uint16_encode)
    i.update_operation_execute               0x00021b0c   Section        0  pstorage.o(i.update_operation_execute)
    update_operation_execute                 0x00021b0d   Thumb Code     8  pstorage.o(i.update_operation_execute)
    i.update_status_bit_reset                0x00021b14   Section        0  device_manager_peripheral.o(i.update_status_bit_reset)
    update_status_bit_reset                  0x00021b15   Thumb Code    16  device_manager_peripheral.o(i.update_status_bit_reset)
    i.update_timeout_handler                 0x00021b28   Section        0  ble_conn_params.o(i.update_timeout_handler)
    update_timeout_handler                   0x00021b29   Thumb Code   126  ble_conn_params.o(i.update_timeout_handler)
    i.user_id_get                            0x00021bb8   Section        0  app_timer.o(i.user_id_get)
    user_id_get                              0x00021bb9   Thumb Code    78  app_timer.o(i.user_id_get)
    i.user_op_alloc                          0x00021c10   Section        0  app_timer.o(i.user_op_alloc)
    user_op_alloc                            0x00021c11   Thumb Code    48  app_timer.o(i.user_op_alloc)
    i.user_op_enque                          0x00021c40   Section        0  app_timer.o(i.user_op_enque)
    user_op_enque                            0x00021c41   Thumb Code     4  app_timer.o(i.user_op_enque)
    i.uuid_list_encode                       0x00021c44   Section        0  ble_advdata.o(i.uuid_list_encode)
    uuid_list_encode                         0x00021c45   Thumb Code    78  ble_advdata.o(i.uuid_list_encode)
    i.uuid_list_sized_encode                 0x00021c92   Section        0  ble_advdata.o(i.uuid_list_sized_encode)
    uuid_list_sized_encode                   0x00021c93   Thumb Code   220  ble_advdata.o(i.uuid_list_sized_encode)
    i.whitelist_has_entries                  0x00021d6e   Section        0  ble_advertising.o(i.whitelist_has_entries)
    whitelist_has_entries                    0x00021d6f   Thumb Code    18  ble_advertising.o(i.whitelist_has_entries)
    .constdata                               0x00021d80   Section       44  main.o(.constdata)
    m_app_timer_id                           0x00021d80   Data           4  main.o(.constdata)
    m_twi_si_705x                            0x00021d84   Data           8  main.o(.constdata)
    .constdata                               0x00021dac   Section       60  bsp.o(.constdata)
    m_leds_timer_id                          0x00021dac   Data           4  bsp.o(.constdata)
    m_alert_timer_id                         0x00021db0   Data           4  bsp.o(.constdata)
    m_button_timer_id                        0x00021db4   Data           4  bsp.o(.constdata)
    m_buttons_list                           0x00021db8   Data          16  bsp.o(.constdata)
    app_buttons                              0x00021dc8   Data          32  bsp.o(.constdata)
    .constdata                               0x00021de8   Section       52  device_manager_peripheral.o(.constdata)
    .constdata                               0x00021e1c   Section        4  ble_conn_params.o(.constdata)
    m_conn_params_timer_id                   0x00021e1c   Data           4  ble_conn_params.o(.constdata)
    .constdata                               0x00021e20   Section       28  nrf_drv_twi.o(.constdata)
    m_default_config                         0x00021e20   Data          16  nrf_drv_twi.o(.constdata)
    .constdata                               0x00021e3c   Section       40  pstorage.o(.constdata)
    swap_sub_state_sm_lut                    0x00021e3c   Data          20  pstorage.o(.constdata)
    swap_sub_state_sm_lut                    0x00021e50   Data          20  pstorage.o(.constdata)
    .conststring                             0x00021e64   Section      105  device_manager_peripheral.o(.conststring)
    .ARM.__AT_0x1000120C                     0x1000120c   Section        4  main.o(.ARM.__AT_0x1000120C)
    __tagsym$$used                           0x1000120c   Number         0  main.o(.ARM.__AT_0x1000120C)
    .data                                    0x20001f00   Section       51  main.o(.data)
    m_app_handle                             0x20001f00   Data           1  main.o(.data)
    m_conn_handle                            0x20001f02   Data           2  main.o(.data)
    m_adv_uuids                              0x20001f04   Data           8  main.o(.data)
    test                                     0x20001f32   Data           1  main.o(.data)
    .data                                    0x20001f34   Section       25  bsp.o(.data)
    m_stable_state                           0x20001f34   Data           1  bsp.o(.data)
    m_app_ticks_per_100ms                    0x20001f38   Data           4  bsp.o(.data)
    m_indication_type                        0x20001f3c   Data           4  bsp.o(.data)
    m_alert_mask                             0x20001f40   Data           4  bsp.o(.data)
    m_registered_callback                    0x20001f44   Data           4  bsp.o(.data)
    current_long_push_pin_no                 0x20001f48   Data           1  bsp.o(.data)
    release_event_at_push                    0x20001f49   Data           4  bsp.o(.data)
    .data                                    0x20001f50   Section        4  system_nrf52.o(.data)
    __tagsym$$used                           0x20001f50   Number         0  system_nrf52.o(.data)
    .data                                    0x20001f54   Section       20  device_manager_peripheral.o(.data)
    m_storage_handle                         0x20001f54   Data           8  device_manager_peripheral.o(.data)
    m_peer_addr_update                       0x20001f5c   Data           4  device_manager_peripheral.o(.data)
    m_module_initialized                     0x20001f60   Data           1  device_manager_peripheral.o(.data)
    m_irk_index_table                        0x20001f61   Data           7  device_manager_peripheral.o(.data)
    .data                                    0x20001f68   Section       32  ble_advertising.o(.data)
    m_advertising_start_pending              0x20001f68   Data           1  ble_advertising.o(.data)
    m_peer_address                           0x20001f69   Data           7  ble_advertising.o(.data)
    m_adv_evt                                0x20001f70   Data           1  ble_advertising.o(.data)
    m_evt_handler                            0x20001f74   Data           4  ble_advertising.o(.data)
    m_error_handler                          0x20001f78   Data           4  ble_advertising.o(.data)
    m_adv_mode_current                       0x20001f7c   Data           1  ble_advertising.o(.data)
    m_whitelist_temporarily_disabled         0x20001f7d   Data           1  ble_advertising.o(.data)
    m_whitelist_reply_expected               0x20001f7e   Data           1  ble_advertising.o(.data)
    m_peer_addr_reply_expected               0x20001f7f   Data           1  ble_advertising.o(.data)
    m_slave_conn_int                         0x20001f80   Data           4  ble_advertising.o(.data)
    m_tx_power_level                         0x20001f84   Data           1  ble_advertising.o(.data)
    current_slave_link_conn_handle           0x20001f86   Data           2  ble_advertising.o(.data)
    .data                                    0x20001f88   Section       21  ble_conn_params.o(.data)
    m_preferred_conn_params                  0x20001f88   Data           8  ble_conn_params.o(.data)
    m_update_count                           0x20001f90   Data           1  ble_conn_params.o(.data)
    m_conn_handle                            0x20001f92   Data           2  ble_conn_params.o(.data)
    m_current_conn_params                    0x20001f94   Data           8  ble_conn_params.o(.data)
    m_change_param                           0x20001f9c   Data           1  ble_conn_params.o(.data)
    .data                                    0x20001fa0   Section       40  pstorage.o(.data)
    m_next_app_instance                      0x20001fa0   Data           2  pstorage.o(.data)
    m_next_page_addr                         0x20001fa4   Data           4  pstorage.o(.data)
    m_state                                  0x20001fa8   Data           1  pstorage.o(.data)
    m_swap_sub_state                         0x20001fa9   Data           1  pstorage.o(.data)
    m_head_word_size                         0x20001fac   Data           4  pstorage.o(.data)
    m_tail_word_size                         0x20001fb0   Data           4  pstorage.o(.data)
    m_current_page_id                        0x20001fb4   Data           4  pstorage.o(.data)
    m_num_of_command_retries                 0x20001fb8   Data           4  pstorage.o(.data)
    m_num_of_bytes_written                   0x20001fbc   Data           4  pstorage.o(.data)
    m_app_data_size                          0x20001fc0   Data           4  pstorage.o(.data)
    m_flags                                  0x20001fc4   Data           4  pstorage.o(.data)
    .data                                    0x20001fc8   Section       34  app_timer.o(.data)
    m_user_array_size                        0x20001fc8   Data           1  app_timer.o(.data)
    mp_users                                 0x20001fcc   Data           4  app_timer.o(.data)
    mp_timer_id_head                         0x20001fd0   Data           4  app_timer.o(.data)
    m_ticks_latest                           0x20001fd4   Data           4  app_timer.o(.data)
    m_ticks_elapsed                          0x20001fd8   Data           8  app_timer.o(.data)
    m_ticks_elapsed_q_read_ind               0x20001fe0   Data           1  app_timer.o(.data)
    m_ticks_elapsed_q_write_ind              0x20001fe1   Data           1  app_timer.o(.data)
    m_evt_schedule_func                      0x20001fe4   Data           4  app_timer.o(.data)
    m_rtc1_running                           0x20001fe8   Data           1  app_timer.o(.data)
    m_rtc1_reset                             0x20001fe9   Data           1  app_timer.o(.data)
    .data                                    0x20001fec   Section       24  softdevice_handler.o(.data)
    m_evt_schedule_func                      0x20001fec   Data           4  softdevice_handler.o(.data)
    m_softdevice_enabled                     0x20001ff0   Data           1  softdevice_handler.o(.data)
    mp_ble_evt_buffer                        0x20001ff4   Data           4  softdevice_handler.o(.data)
    m_ble_evt_buffer_size                    0x20001ff8   Data           2  softdevice_handler.o(.data)
    m_ble_evt_handler                        0x20001ffc   Data           4  softdevice_handler.o(.data)
    m_sys_evt_handler                        0x20002000   Data           4  softdevice_handler.o(.data)
    .bss                                     0x20002004   Section      584  main.o(.bss)
    m_si705x                                 0x20002004   Data          24  main.o(.bss)
    m_app_timer_id_data                      0x2000201c   Data          32  main.o(.bss)
    APP_TIMER_BUF                            0x2000203c   Data         456  main.o(.bss)
    BLE_EVT_BUFFER                           0x20002204   Data          72  main.o(.bss)
    .bss                                     0x2000224c   Section      108  bsp.o(.bss)
    m_leds_timer_id_data                     0x2000224c   Data          32  bsp.o(.bss)
    m_alert_timer_id_data                    0x2000226c   Data          32  bsp.o(.bss)
    m_events_list                            0x2000228c   Data          12  bsp.o(.bss)
    m_button_timer_id_data                   0x20002298   Data          32  bsp.o(.bss)
    .bss                                     0x200022b8   Section      335  device_manager_peripheral.o(.bss)
    m_app_context_table                      0x200022b8   Data          28  device_manager_peripheral.o(.bss)
    m_peer_table                             0x200022d4   Data         196  device_manager_peripheral.o(.bss)
    m_bond_table                             0x20002398   Data          28  device_manager_peripheral.o(.bss)
    m_gatts_table                            0x200023b4   Data          36  device_manager_peripheral.o(.bss)
    m_connection_table                       0x200023d8   Data          12  device_manager_peripheral.o(.bss)
    m_application_table                      0x200023e4   Data          12  device_manager_peripheral.o(.bss)
    m_local_id_info                          0x200023f0   Data          23  device_manager_peripheral.o(.bss)
    .bss                                     0x20002408   Section      259  ble_advertising.o(.bss)
    m_advdata                                0x20002408   Data          56  ble_advertising.o(.bss)
    m_adv_modes_config                       0x20002440   Data          36  ble_advertising.o(.bss)
    m_whitelist                              0x20002464   Data          16  ble_advertising.o(.bss)
    mp_whitelist_addr                        0x20002474   Data          32  ble_advertising.o(.bss)
    mp_whitelist_irk                         0x20002494   Data          32  ble_advertising.o(.bss)
    m_manuf_specific_data                    0x200024b4   Data          12  ble_advertising.o(.bss)
    m_manuf_data_array                       0x200024c0   Data          31  ble_advertising.o(.bss)
    m_service_data                           0x200024e0   Data          12  ble_advertising.o(.bss)
    m_service_data_array                     0x200024ec   Data          31  ble_advertising.o(.bss)
    .bss                                     0x2000250c   Section       60  ble_conn_params.o(.bss)
    m_conn_params_config                     0x2000250c   Data          28  ble_conn_params.o(.bss)
    m_conn_params_timer_id_data              0x20002528   Data          32  ble_conn_params.o(.bss)
    .bss                                     0x20002548   Section       88  nrf_drv_gpiote.o(.bss)
    m_cb                                     0x20002548   Data          88  nrf_drv_gpiote.o(.bss)
    .bss                                     0x200025a0   Section       40  nrf_drv_twi.o(.bss)
    m_cb                                     0x200025a0   Data          40  nrf_drv_twi.o(.bss)
    .bss                                     0x200025c8   Section       32  nrf_drv_uart.o(.bss)
    m_cb                                     0x200025c8   Data          32  nrf_drv_uart.o(.bss)
    .bss                                     0x200025e8   Section      228  pstorage.o(.bss)
    m_cmd_queue                              0x200025e8   Data         204  pstorage.o(.bss)
    m_app_table                              0x200026b4   Data          24  pstorage.o(.bss)
    .bss                                     0x200026cc   Section       32  app_error.o(.bss)
    m_error_data                             0x200026cc   Data          32  app_error.o(.bss)
    STACK                                    0x200026f0   Section     8192  arm_startup_nrf52.o(STACK)

    Global Symbols

    Symbol Name                              Value     Ov Type        Size  Object(Section)

    BuildAttributes$$THM_ISAv4$E$P$D$K$B$S$7EM$VFPi3$EXTD16$VFPS$VFMA$PE$A:L22UL41UL21$X:L11$S22US41US21$IEEE1$IW$USESV6$~STKCKD$USESV7$~SHL$OSPACE$ROPI$EBA8$MICROLIB$REQ8$PRES8$EABIv2 0x00000000   Number         0  anon$$obj.o ABSOLUTE
    __ARM_use_no_argv                        0x00000000   Number         0  main.o ABSOLUTE
    __cpp_initialize__aeabi_                  - Undefined Weak Reference
    __cxa_finalize                            - Undefined Weak Reference
    __decompress                              - Undefined Weak Reference
    _clock_init                               - Undefined Weak Reference
    _microlib_exit                            - Undefined Weak Reference
    __Vectors_Size                           0x00000400   Number         0  arm_startup_nrf52.o ABSOLUTE
    __Vectors                                0x0001b000   Data           4  arm_startup_nrf52.o(RESET)
    __Vectors_End                            0x0001b400   Data           0  arm_startup_nrf52.o(RESET)
    __main                                   0x0001b401   Thumb Code     0  entry.o(.ARM.Collect$$$$00000000)
    _main_stk                                0x0001b401   Thumb Code     0  entry2.o(.ARM.Collect$$$$00000001)
    _main_scatterload                        0x0001b405   Thumb Code     0  entry5.o(.ARM.Collect$$$$00000004)
    __main_after_scatterload                 0x0001b409   Thumb Code     0  entry5.o(.ARM.Collect$$$$00000004)
    _main_clock                              0x0001b409   Thumb Code     0  entry7b.o(.ARM.Collect$$$$00000008)
    _main_cpp_init                           0x0001b409   Thumb Code     0  entry8b.o(.ARM.Collect$$$$0000000A)
    _main_init                               0x0001b409   Thumb Code     0  entry9a.o(.ARM.Collect$$$$0000000B)
    __rt_final_cpp                           0x0001b411   Thumb Code     0  entry10a.o(.ARM.Collect$$$$0000000D)
    __rt_final_exit                          0x0001b411   Thumb Code     0  entry11a.o(.ARM.Collect$$$$0000000F)
    __asm___11_nrf_delay_c_532987f3__nrf_delay_us 0x0001b415   Thumb Code   118  nrf_delay.o(.emb_text)
    __asm___13_nrf_drv_twi_c_a9bcf68d__nrf_delay_us 0x0001b48d   Thumb Code   118  nrf_drv_twi.o(.emb_text)
    __asm___11_app_timer_c_cd27f9c3__nrf_delay_us 0x0001b505   Thumb Code   118  app_timer.o(.emb_text)
    Reset_Handler                            0x0001b57d   Thumb Code     8  arm_startup_nrf52.o(.text)
    NMI_Handler                              0x0001b585   Thumb Code     2  arm_startup_nrf52.o(.text)
    HardFault_Handler                        0x0001b587   Thumb Code     2  arm_startup_nrf52.o(.text)
    MemoryManagement_Handler                 0x0001b589   Thumb Code     2  arm_startup_nrf52.o(.text)
    BusFault_Handler                         0x0001b58b   Thumb Code     2  arm_startup_nrf52.o(.text)
    UsageFault_Handler                       0x0001b58d   Thumb Code     2  arm_startup_nrf52.o(.text)
    SVC_Handler                              0x0001b58f   Thumb Code     2  arm_startup_nrf52.o(.text)
    DebugMon_Handler                         0x0001b591   Thumb Code     2  arm_startup_nrf52.o(.text)
    PendSV_Handler                           0x0001b593   Thumb Code     2  arm_startup_nrf52.o(.text)
    SysTick_Handler                          0x0001b595   Thumb Code     2  arm_startup_nrf52.o(.text)
    CCM_AAR_IRQHandler                       0x0001b597   Thumb Code     0  arm_startup_nrf52.o(.text)
    COMP_LPCOMP_IRQHandler                   0x0001b597   Thumb Code     0  arm_startup_nrf52.o(.text)
    ECB_IRQHandler                           0x0001b597   Thumb Code     0  arm_startup_nrf52.o(.text)
    FPU_IRQHandler                           0x0001b597   Thumb Code     0  arm_startup_nrf52.o(.text)
    I2S_IRQHandler                           0x0001b597   Thumb Code     0  arm_startup_nrf52.o(.text)
    MWU_IRQHandler                           0x0001b597   Thumb Code     0  arm_startup_nrf52.o(.text)
    NFCT_IRQHandler                          0x0001b597   Thumb Code     0  arm_startup_nrf52.o(.text)
    PDM_IRQHandler                           0x0001b597   Thumb Code     0  arm_startup_nrf52.o(.text)
    POWER_CLOCK_IRQHandler                   0x0001b597   Thumb Code     0  arm_startup_nrf52.o(.text)
    PWM0_IRQHandler                          0x0001b597   Thumb Code     0  arm_startup_nrf52.o(.text)
    PWM1_IRQHandler                          0x0001b597   Thumb Code     0  arm_startup_nrf52.o(.text)
    PWM2_IRQHandler                          0x0001b597   Thumb Code     0  arm_startup_nrf52.o(.text)
    QDEC_IRQHandler                          0x0001b597   Thumb Code     0  arm_startup_nrf52.o(.text)
    RADIO_IRQHandler                         0x0001b597   Thumb Code     0  arm_startup_nrf52.o(.text)
    RNG_IRQHandler                           0x0001b597   Thumb Code     0  arm_startup_nrf52.o(.text)
    RTC0_IRQHandler                          0x0001b597   Thumb Code     0  arm_startup_nrf52.o(.text)
    RTC2_IRQHandler                          0x0001b597   Thumb Code     0  arm_startup_nrf52.o(.text)
    SAADC_IRQHandler                         0x0001b597   Thumb Code     0  arm_startup_nrf52.o(.text)
    SPIM1_SPIS1_TWIM1_TWIS1_SPI1_TWI1_IRQHandler 0x0001b597   Thumb Code     0  arm_startup_nrf52.o(.text)
    SPIM2_SPIS2_SPI2_IRQHandler              0x0001b597   Thumb Code     0  arm_startup_nrf52.o(.text)
    SWI1_EGU1_IRQHandler                     0x0001b597   Thumb Code     0  arm_startup_nrf52.o(.text)
    SWI3_EGU3_IRQHandler                     0x0001b597   Thumb Code     0  arm_startup_nrf52.o(.text)
    SWI4_EGU4_IRQHandler                     0x0001b597   Thumb Code     0  arm_startup_nrf52.o(.text)
    SWI5_EGU5_IRQHandler                     0x0001b597   Thumb Code     0  arm_startup_nrf52.o(.text)
    TEMP_IRQHandler                          0x0001b597   Thumb Code     0  arm_startup_nrf52.o(.text)
    TIMER0_IRQHandler                        0x0001b597   Thumb Code     0  arm_startup_nrf52.o(.text)
    TIMER1_IRQHandler                        0x0001b597   Thumb Code     0  arm_startup_nrf52.o(.text)
    TIMER2_IRQHandler                        0x0001b597   Thumb Code     0  arm_startup_nrf52.o(.text)
    TIMER3_IRQHandler                        0x0001b597   Thumb Code     0  arm_startup_nrf52.o(.text)
    TIMER4_IRQHandler                        0x0001b597   Thumb Code     0  arm_startup_nrf52.o(.text)
    WDT_IRQHandler                           0x0001b597   Thumb Code     0  arm_startup_nrf52.o(.text)
    __aeabi_memcpy                           0x0001b5a1   Thumb Code    36  memcpya.o(.text)
    __aeabi_memcpy4                          0x0001b5a1   Thumb Code     0  memcpya.o(.text)
    __aeabi_memcpy8                          0x0001b5a1   Thumb Code     0  memcpya.o(.text)
    __aeabi_memset                           0x0001b5c5   Thumb Code    14  memseta.o(.text)
    __aeabi_memset4                          0x0001b5c5   Thumb Code     0  memseta.o(.text)
    __aeabi_memset8                          0x0001b5c5   Thumb Code     0  memseta.o(.text)
    __aeabi_memclr                           0x0001b5d3   Thumb Code     4  memseta.o(.text)
    __aeabi_memclr4                          0x0001b5d3   Thumb Code     0  memseta.o(.text)
    __aeabi_memclr8                          0x0001b5d3   Thumb Code     0  memseta.o(.text)
    _memset$wrapper                          0x0001b5d7   Thumb Code    18  memseta.o(.text)
    memcmp                                   0x0001b5e9   Thumb Code    26  memcmp.o(.text)
    __aeabi_dadd                             0x0001b603   Thumb Code   322  dadd.o(.text)
    __aeabi_dsub                             0x0001b745   Thumb Code     6  dadd.o(.text)
    __aeabi_drsub                            0x0001b74b   Thumb Code     6  dadd.o(.text)
    __aeabi_dmul                             0x0001b751   Thumb Code   228  dmul.o(.text)
    __aeabi_ddiv                             0x0001b835   Thumb Code   222  ddiv.o(.text)
    __aeabi_i2d                              0x0001b913   Thumb Code    34  dflti.o(.text)
    __aeabi_d2uiz                            0x0001b935   Thumb Code    50  dfixui.o(.text)
    __aeabi_llsl                             0x0001b967   Thumb Code    30  llshl.o(.text)
    _ll_shift_l                              0x0001b967   Thumb Code     0  llshl.o(.text)
    __aeabi_llsr                             0x0001b985   Thumb Code    32  llushr.o(.text)
    _ll_ushift_r                             0x0001b985   Thumb Code     0  llushr.o(.text)
    __aeabi_lasr                             0x0001b9a5   Thumb Code    36  llsshr.o(.text)
    _ll_sshift_r                             0x0001b9a5   Thumb Code     0  llsshr.o(.text)
    __I$use$fp                               0x0001b9c9   Thumb Code     0  iusefp.o(.text)
    _double_round                            0x0001b9c9   Thumb Code    30  depilogue.o(.text)
    _double_epilogue                         0x0001b9e7   Thumb Code   156  depilogue.o(.text)
    __scatterload                            0x0001ba85   Thumb Code    28  init.o(.text)
    __scatterload_rt2                        0x0001ba85   Thumb Code     0  init.o(.text)
    GPIOTE_IRQHandler                        0x0001baa9   Thumb Code   310  nrf_drv_gpiote.o(i.GPIOTE_IRQHandler)
    RTC1_IRQHandler                          0x0001bc65   Thumb Code    44  app_timer.o(i.RTC1_IRQHandler)
    SPIM0_SPIS0_TWIM0_TWIS0_SPI0_TWI0_IRQHandler 0x0001bc99   Thumb Code    12  nrf_drv_twi.o(i.SPIM0_SPIS0_TWIM0_TWIS0_SPI0_TWI0_IRQHandler)
    SWI0_EGU0_IRQHandler                     0x0001bcad   Thumb Code     8  app_timer.o(i.SWI0_EGU0_IRQHandler)
    SWI2_EGU2_IRQHandler                     0x0001bcb5   Thumb Code    48  softdevice_handler.o(i.SWI2_EGU2_IRQHandler)
    SystemCoreClockUpdate                    0x0001bd21   Thumb Code     8  system_nrf52.o(i.SystemCoreClockUpdate)
    SystemInit                               0x0001bd31   Thumb Code   512  system_nrf52.o(i.SystemInit)
    UARTE0_UART0_IRQHandler                  0x0001bf65   Thumb Code    20  nrf_drv_uart.o(i.UARTE0_UART0_IRQHandler)
    __scatterload_copy                       0x0001bf7d   Thumb Code    14  handlers.o(i.__scatterload_copy)
    __scatterload_null                       0x0001bf8b   Thumb Code     2  handlers.o(i.__scatterload_null)
    __scatterload_zeroinit                   0x0001bf8d   Thumb Code    14  handlers.o(i.__scatterload_zeroinit)
    adv_data_encode                          0x0001bf9b   Thumb Code   454  ble_advdata.o(i.adv_data_encode)
    app_error_fault_handler                  0x0001c1f9   Thumb Code    26  app_error.o(i.app_error_fault_handler)
    app_error_handler                        0x0001c213   Thumb Code    32  app_error.o(i.app_error_handler)
    app_error_save_and_stop                  0x0001c235   Thumb Code   132  app_error.o(i.app_error_save_and_stop)
    app_timer_create                         0x0001c335   Thumb Code    56  app_timer.o(i.app_timer_create)
    app_timer_init                           0x0001c371   Thumb Code   154  app_timer.o(i.app_timer_init)
    app_timer_start                          0x0001c429   Thumb Code    84  app_timer.o(i.app_timer_start)
    app_timer_stop                           0x0001c481   Thumb Code    48  app_timer.o(i.app_timer_stop)
    ble_advdata_set                          0x0001c549   Thumb Code   148  ble_advdata.o(i.ble_advdata_set)
    ble_advertising_init                     0x0001c5dd   Thumb Code   324  ble_advertising.o(i.ble_advertising_init)
    ble_advertising_on_ble_evt               0x0001c759   Thumb Code   224  ble_advertising.o(i.ble_advertising_on_ble_evt)
    ble_advertising_on_sys_evt               0x0001c851   Thumb Code    64  ble_advertising.o(i.ble_advertising_on_sys_evt)
    ble_advertising_start                    0x0001c8ad   Thumb Code   616  ble_advertising.o(i.ble_advertising_start)
    ble_conn_params_init                     0x0001cb41   Thumb Code    84  ble_conn_params.o(i.ble_conn_params_init)
    ble_conn_params_on_ble_evt               0x0001cbb1   Thumb Code    62  ble_conn_params.o(i.ble_conn_params_on_ble_evt)
    ble_si705x_init                          0x0001cc91   Thumb Code   116  main.o(i.ble_si705x_init)
    ble_si705x_on_ble_evt                    0x0001cd09   Thumb Code    42  main.o(i.ble_si705x_on_ble_evt)
    bond_data_load                           0x0001ce71   Thumb Code    64  device_manager_peripheral.o(i.bond_data_load)
    bsp_btn_ble_sleep_mode_prepare           0x0001cec1   Thumb Code    28  bsp_btn_ble.o(i.bsp_btn_ble_sleep_mode_prepare)
    bsp_indication_set                       0x0001cfb9   Thumb Code    28  bsp.o(i.bsp_indication_set)
    bsp_wakeup_buttons_set                   0x0001d575   Thumb Code    70  bsp.o(i.bsp_wakeup_buttons_set)
    dm_ble_evt_handler                       0x0001df69   Thumb Code  1676  device_manager_peripheral.o(i.dm_ble_evt_handler)
    dm_handle_initialize                     0x0001e60d   Thumb Code    24  device_manager_peripheral.o(i.dm_handle_initialize)
    dm_init                                  0x0001e625   Thumb Code   234  device_manager_peripheral.o(i.dm_init)
    dm_register                              0x0001e989   Thumb Code   166  device_manager_peripheral.o(i.dm_register)
    intern_softdevice_events_execute         0x0001f17d   Thumb Code   150  softdevice_handler.o(i.intern_softdevice_events_execute)
    main                                     0x0001f629   Thumb Code   354  main.o(i.main)
    nrf_delay_ms                             0x0001f923   Thumb Code    26  nrf_delay.o(i.nrf_delay_ms)
    nrf_drv_common_irq_enable                0x0001f93d   Thumb Code    84  nrf_drv_common.o(i.nrf_drv_common_irq_enable)
    nrf_drv_twi_enable                       0x0001f9a9   Thumb Code    32  nrf_drv_twi.o(i.nrf_drv_twi_enable)
    nrf_drv_twi_init                         0x0001f9cd   Thumb Code   142  nrf_drv_twi.o(i.nrf_drv_twi_init)
    nrf_drv_twi_rx                           0x0001fa69   Thumb Code    40  nrf_drv_twi.o(i.nrf_drv_twi_rx)
    nrf_drv_twi_tx                           0x0001fa95   Thumb Code    60  nrf_drv_twi.o(i.nrf_drv_twi_tx)
    nrf_drv_twi_xfer                         0x0001fad1   Thumb Code    66  nrf_drv_twi.o(i.nrf_drv_twi_xfer)
    pstorage_access_status_get               0x0001feb1   Thumb Code    36  pstorage.o(i.pstorage_access_status_get)
    pstorage_block_identifier_get            0x0001fedd   Thumb Code   154  pstorage.o(i.pstorage_block_identifier_get)
    pstorage_clear                           0x0001ff81   Thumb Code   280  pstorage.o(i.pstorage_clear)
    pstorage_init                            0x000200c9   Thumb Code   110  pstorage.o(i.pstorage_init)
    pstorage_load                            0x00020159   Thumb Code   236  pstorage.o(i.pstorage_load)
    pstorage_register                        0x0002024d   Thumb Code   256  pstorage.o(i.pstorage_register)
    pstorage_store                           0x0002035d   Thumb Code   212  pstorage.o(i.pstorage_store)
    pstorage_sys_event_handler               0x00020439   Thumb Code    62  pstorage.o(i.pstorage_sys_event_handler)
    pstorage_update                          0x00020481   Thumb Code   212  pstorage.o(i.pstorage_update)
    sd_check_ram_start                       0x00020695   Thumb Code    22  softdevice_handler.o(i.sd_check_ram_start)
    si705x_read                              0x000207c5   Thumb Code    64  main.o(i.si705x_read)
    softdevice_ble_evt_handler_set           0x00020891   Thumb Code    20  softdevice_handler.o(i.softdevice_ble_evt_handler_set)
    softdevice_enable                        0x000208a9   Thumb Code    24  softdevice_handler.o(i.softdevice_enable)
    softdevice_enable_get_default_config     0x000208c5   Thumb Code    44  softdevice_handler.o(i.softdevice_enable_get_default_config)
    softdevice_fault_handler                 0x000208f1   Thumb Code    20  softdevice_handler.o(i.softdevice_fault_handler)
    softdevice_handler_init                  0x00020905   Thumb Code    78  softdevice_handler.o(i.softdevice_handler_init)
    softdevice_sys_evt_handler_set           0x00020969   Thumb Code    20  softdevice_handler.o(i.softdevice_sys_evt_handler_set)
    timer_timeout_handler                    0x000210cd   Thumb Code   216  main.o(i.timer_timeout_handler)
    twi_init                                 0x000213c9   Thumb Code    56  main.o(i.twi_init)
    m_service_context_store                  0x00021de8   Data          16  device_manager_peripheral.o(.constdata)
    m_service_context_load                   0x00021df8   Data          16  device_manager_peripheral.o(.constdata)
    m_service_context_apply                  0x00021e08   Data          16  device_manager_peripheral.o(.constdata)
    m_context_init_len                       0x00021e18   Data           4  device_manager_peripheral.o(.constdata)
    Region$$Table$$Base                      0x00021ed0   Number         0  anon$$obj.o(Region$$Table)
    Region$$Table$$Limit                     0x00021ef0   Number         0  anon$$obj.o(Region$$Table)
    UICR_ADDR_0x20C                          0x1000120c   Data           4  main.o(.ARM.__AT_0x1000120C)
    Image$$RW_IRAM1$$Base                    0x20001f00   Number         0  anon$$obj.o ABSOLUTE
    gSi705xCmdTable                          0x20001f0c   Data          36  main.o(.data)
    FW_VER                                   0x20001f30   Data           1  main.o(.data)
    HW_VER                                   0x20001f31   Data           1  main.o(.data)
    SystemCoreClock                          0x20001f50   Data           4  system_nrf52.o(.data)
    __initial_sp                             0x200046f0   Data           0  arm_startup_nrf52.o(STACK)



==============================================================================

Memory Map of the image

  Image Entry point : 0x0001b401

  Load Region LR_IROM1 (Base: 0x0001b000, Size: 0x00006ff4, Max: 0x00065000, ABSOLUTE)

    Execution Region ER_IROM1 (Base: 0x0001b000, Size: 0x00006ef0, Max: 0x00065000, ABSOLUTE)

    Base Addr    Size         Type   Attr      Idx    E Section Name        Object

    0x0001b000   0x00000400   Data   RO          560    RESET               arm_startup_nrf52.o
    0x0001b400   0x00000000   Code   RO         3212  * .ARM.Collect$$$$00000000  mc_w.l(entry.o)
    0x0001b400   0x00000004   Code   RO         3265    .ARM.Collect$$$$00000001  mc_w.l(entry2.o)
    0x0001b404   0x00000004   Code   RO         3268    .ARM.Collect$$$$00000004  mc_w.l(entry5.o)
    0x0001b408   0x00000000   Code   RO         3270    .ARM.Collect$$$$00000008  mc_w.l(entry7b.o)
    0x0001b408   0x00000000   Code   RO         3272    .ARM.Collect$$$$0000000A  mc_w.l(entry8b.o)
    0x0001b408   0x00000008   Code   RO         3273    .ARM.Collect$$$$0000000B  mc_w.l(entry9a.o)
    0x0001b410   0x00000000   Code   RO         3275    .ARM.Collect$$$$0000000D  mc_w.l(entry10a.o)
    0x0001b410   0x00000000   Code   RO         3277    .ARM.Collect$$$$0000000F  mc_w.l(entry11a.o)
    0x0001b410   0x00000004   Code   RO         3266    .ARM.Collect$$$$00002712  mc_w.l(entry2.o)
    0x0001b414   0x00000076   Code   RO         1309    .emb_text           nrf_delay.o
    0x0001b48a   0x00000002   PAD
    0x0001b48c   0x00000076   Code   RO         1579    .emb_text           nrf_drv_twi.o
    0x0001b502   0x00000002   PAD
    0x0001b504   0x00000076   Code   RO         2732    .emb_text           app_timer.o
    0x0001b57a   0x00000002   PAD
    0x0001b57c   0x00000024   Code   RO          561    .text               arm_startup_nrf52.o
    0x0001b5a0   0x00000024   Code   RO         3215    .text               mc_w.l(memcpya.o)
    0x0001b5c4   0x00000024   Code   RO         3217    .text               mc_w.l(memseta.o)
    0x0001b5e8   0x0000001a   Code   RO         3221    .text               mc_w.l(memcmp.o)
    0x0001b602   0x0000014e   Code   RO         3255    .text               mf_w.l(dadd.o)
    0x0001b750   0x000000e4   Code   RO         3257    .text               mf_w.l(dmul.o)
    0x0001b834   0x000000de   Code   RO         3259    .text               mf_w.l(ddiv.o)
    0x0001b912   0x00000022   Code   RO         3261    .text               mf_w.l(dflti.o)
    0x0001b934   0x00000032   Code   RO         3263    .text               mf_w.l(dfixui.o)
    0x0001b966   0x0000001e   Code   RO         3283    .text               mc_w.l(llshl.o)
    0x0001b984   0x00000020   Code   RO         3285    .text               mc_w.l(llushr.o)
    0x0001b9a4   0x00000024   Code   RO         3287    .text               mc_w.l(llsshr.o)
    0x0001b9c8   0x00000000   Code   RO         3289    .text               mc_w.l(iusefp.o)
    0x0001b9c8   0x000000ba   Code   RO         3290    .text               mf_w.l(depilogue.o)
    0x0001ba82   0x00000002   PAD
    0x0001ba84   0x00000024   Code   RO         3296    .text               mc_w.l(init.o)
    0x0001baa8   0x0000014c   Code   RO         1337    i.GPIOTE_IRQHandler  nrf_drv_gpiote.o
    0x0001bbf4   0x00000018   Code   RO         2733    i.NVIC_ClearPendingIRQ  app_timer.o
    0x0001bc0c   0x00000016   Code   RO         2734    i.NVIC_EnableIRQ    app_timer.o
    0x0001bc22   0x00000002   PAD
    0x0001bc24   0x00000018   Code   RO         2735    i.NVIC_SetPendingIRQ  app_timer.o
    0x0001bc3c   0x00000028   Code   RO         2736    i.NVIC_SetPriority  app_timer.o
    0x0001bc64   0x00000034   Code   RO         2737    i.RTC1_IRQHandler   app_timer.o
    0x0001bc98   0x00000014   Code   RO         1580    i.SPIM0_SPIS0_TWIM0_TWIS0_SPI0_TWI0_IRQHandler  nrf_drv_twi.o
    0x0001bcac   0x00000008   Code   RO         2738    i.SWI0_EGU0_IRQHandler  app_timer.o
    0x0001bcb4   0x0000006c   Code   RO         3121    i.SWI2_EGU2_IRQHandler  softdevice_handler.o
    0x0001bd20   0x00000010   Code   RO          568    i.SystemCoreClockUpdate  system_nrf52.o
    0x0001bd30   0x00000234   Code   RO          569    i.SystemInit        system_nrf52.o
    0x0001bf64   0x00000018   Code   RO         1771    i.UARTE0_UART0_IRQHandler  nrf_drv_uart.o
    0x0001bf7c   0x0000000e   Code   RO         3300    i.__scatterload_copy  mc_w.l(handlers.o)
    0x0001bf8a   0x00000002   Code   RO         3301    i.__scatterload_null  mc_w.l(handlers.o)
    0x0001bf8c   0x0000000e   Code   RO         3302    i.__scatterload_zeroinit  mc_w.l(handlers.o)
    0x0001bf9a   0x000001c6   Code   RO          964    i.adv_data_encode   ble_advdata.o
    0x0001c160   0x00000012   Code   RO          965    i.advdata_check     ble_advdata.o
    0x0001c172   0x00000002   PAD
    0x0001c174   0x00000084   Code   RO            5    i.advertising_init  main.o
    0x0001c1f8   0x0000001a   Code   RO         2676    i.app_error_fault_handler  app_error.o
    0x0001c212   0x00000020   Code   RO         2677    i.app_error_handler  app_error.o
    0x0001c232   0x00000002   PAD
    0x0001c234   0x00000088   Code   RO         2679    i.app_error_save_and_stop  app_error.o
    0x0001c2bc   0x00000020   Code   RO          690    i.app_evt_notify    device_manager_peripheral.o
    0x0001c2dc   0x00000030   Code   RO         2119    i.app_notify        pstorage.o
    0x0001c30c   0x00000028   Code   RO         2120    i.app_notify_error_state_transit  pstorage.o
    0x0001c334   0x0000003c   Code   RO         2741    i.app_timer_create  app_timer.o
    0x0001c370   0x000000b8   Code   RO         2742    i.app_timer_init    app_timer.o
    0x0001c428   0x00000058   Code   RO         2743    i.app_timer_start   app_timer.o
    0x0001c480   0x00000034   Code   RO         2744    i.app_timer_stop    app_timer.o
    0x0001c4b4   0x00000052   Code   RO          966    i.appearance_encode  ble_advdata.o
    0x0001c506   0x00000002   PAD
    0x0001c508   0x00000040   Code   RO            6    i.application_timers_start  main.o
    0x0001c548   0x00000094   Code   RO          967    i.ble_advdata_set   ble_advdata.o
    0x0001c5dc   0x0000017c   Code   RO         1086    i.ble_advertising_init  ble_advertising.o
    0x0001c758   0x000000f8   Code   RO         1087    i.ble_advertising_on_ble_evt  ble_advertising.o
    0x0001c850   0x0000004c   Code   RO         1088    i.ble_advertising_on_sys_evt  ble_advertising.o
    0x0001c89c   0x00000010   Code   RO         1090    i.ble_advertising_peer_address_clear  ble_advertising.o
    0x0001c8ac   0x00000294   Code   RO         1092    i.ble_advertising_start  ble_advertising.o
    0x0001cb40   0x00000070   Code   RO         1171    i.ble_conn_params_init  ble_conn_params.o
    0x0001cbb0   0x0000003e   Code   RO         1172    i.ble_conn_params_on_ble_evt  ble_conn_params.o
    0x0001cbee   0x00000074   Code   RO          968    i.ble_device_addr_encode  ble_advdata.o
    0x0001cc62   0x00000002   PAD
    0x0001cc64   0x0000002c   Code   RO            8    i.ble_evt_dispatch  main.o
    0x0001cc90   0x00000078   Code   RO            9    i.ble_si705x_init   main.o
    0x0001cd08   0x0000002a   Code   RO           10    i.ble_si705x_on_ble_evt  main.o
    0x0001cd32   0x00000002   PAD
    0x0001cd34   0x0000013c   Code   RO           11    i.ble_stack_init    main.o
    0x0001ce70   0x00000050   Code   RO          691    i.bond_data_load    device_manager_peripheral.o
    0x0001cec0   0x0000001c   Code   RO          516    i.bsp_btn_ble_sleep_mode_prepare  bsp_btn_ble.o
    0x0001cedc   0x000000dc   Code   RO          397    i.bsp_button_event_handler  bsp.o
    0x0001cfb8   0x00000020   Code   RO          403    i.bsp_indication_set  bsp.o
    0x0001cfd8   0x0000059c   Code   RO          406    i.bsp_led_indication  bsp.o
    0x0001d574   0x00000050   Code   RO          407    i.bsp_wakeup_buttons_set  bsp.o
    0x0001d5c4   0x00000010   Code   RO         1339    i.channel_handler_get  nrf_drv_gpiote.o
    0x0001d5d4   0x0000000c   Code   RO         1341    i.channel_port_get  nrf_drv_gpiote.o
    0x0001d5e0   0x00000104   Code   RO         2121    i.clear_operation_execute  pstorage.o
    0x0001d6e4   0x00000028   Code   RO         2122    i.clear_post_processing_run  pstorage.o
    0x0001d70c   0x00000048   Code   RO         2123    i.cmd_process       pstorage.o
    0x0001d754   0x00000014   Code   RO         2124    i.cmd_queue_dequeue  pstorage.o
    0x0001d768   0x00000050   Code   RO         2125    i.cmd_queue_element_init  pstorage.o
    0x0001d7b8   0x0000009c   Code   RO         2126    i.cmd_queue_enqueue  pstorage.o
    0x0001d854   0x00000020   Code   RO         2127    i.cmd_queue_init    pstorage.o
    0x0001d874   0x00000028   Code   RO         2128    i.command_end_procedure_run  pstorage.o
    0x0001d89c   0x0000002c   Code   RO         2129    i.command_queue_element_consume  pstorage.o
    0x0001d8c8   0x00000090   Code   RO         2746    i.compare_reg_update  app_timer.o
    0x0001d958   0x0000005a   Code   RO          969    i.conn_int_check    ble_advdata.o
    0x0001d9b2   0x00000068   Code   RO          970    i.conn_int_encode   ble_advdata.o
    0x0001da1a   0x00000002   PAD
    0x0001da1c   0x00000028   Code   RO           14    i.conn_params_error_handler  main.o
    0x0001da44   0x00000070   Code   RO           15    i.conn_params_init  main.o
    0x0001dab4   0x00000084   Code   RO         1174    i.conn_params_negotiation  ble_conn_params.o
    0x0001db38   0x00000048   Code   RO          692    i.connection_instance_find  device_manager_peripheral.o
    0x0001db80   0x00000040   Code   RO          693    i.connection_instance_init  device_manager_peripheral.o
    0x0001dbc0   0x0000007c   Code   RO         2130    i.data_page_erase_state_run  pstorage.o
    0x0001dc3c   0x00000034   Code   RO         2131    i.data_to_swap_write_state_run  pstorage.o
    0x0001dc70   0x000000e0   Code   RO          694    i.device_context_store  device_manager_peripheral.o
    0x0001dd50   0x00000088   Code   RO          695    i.device_instance_allocate  device_manager_peripheral.o
    0x0001ddd8   0x00000058   Code   RO          696    i.device_instance_find  device_manager_peripheral.o
    0x0001de30   0x0000002c   Code   RO          697    i.device_instance_free  device_manager_peripheral.o
    0x0001de5c   0x00000038   Code   RO           16    i.device_manager_evt_handler  main.o
    0x0001de94   0x000000d4   Code   RO           17    i.device_manager_init  main.o
    0x0001df68   0x000006a4   Code   RO          702    i.dm_ble_evt_handler  device_manager_peripheral.o
    0x0001e60c   0x00000018   Code   RO          708    i.dm_handle_initialize  device_manager_peripheral.o
    0x0001e624   0x00000108   Code   RO          709    i.dm_init           device_manager_peripheral.o
    0x0001e72c   0x0000025c   Code   RO          712    i.dm_pstorage_cb_handler  device_manager_peripheral.o
    0x0001e988   0x000000b0   Code   RO          713    i.dm_register       device_manager_peripheral.o
    0x0001ea38   0x00000064   Code   RO         2747    i.elapsed_ticks_acquire  app_timer.o
    0x0001ea9c   0x00000040   Code   RO         2132    i.erase_sub_state_sm_run  pstorage.o
    0x0001eadc   0x00000030   Code   RO          570    i.errata_16         system_nrf52.o
    0x0001eb0c   0x00000054   Code   RO          571    i.errata_31         system_nrf52.o
    0x0001eb60   0x00000030   Code   RO          572    i.errata_32         system_nrf52.o
    0x0001eb90   0x00000054   Code   RO          573    i.errata_36         system_nrf52.o
    0x0001ebe4   0x00000030   Code   RO          574    i.errata_37         system_nrf52.o
    0x0001ec14   0x00000030   Code   RO          575    i.errata_57         system_nrf52.o
    0x0001ec44   0x00000030   Code   RO          576    i.errata_66         system_nrf52.o
    0x0001ec74   0x00000058   Code   RO         2748    i.expired_timers_handler  app_timer.o
    0x0001eccc   0x00000036   Code   RO          971    i.flags_encode      ble_advdata.o
    0x0001ed02   0x00000002   PAD
    0x0001ed04   0x0000002c   Code   RO         2133    i.flash_api_err_code_process  pstorage.o
    0x0001ed30   0x00000044   Code   RO         2134    i.flash_operation_failure_run  pstorage.o
    0x0001ed74   0x00000030   Code   RO         2135    i.flash_operation_success_run  pstorage.o
    0x0001eda4   0x00000010   Code   RO         2136    i.flash_page_erase  pstorage.o
    0x0001edb4   0x0000001c   Code   RO         2137    i.flash_write       pstorage.o
    0x0001edd0   0x000000ac   Code   RO           18    i.gap_params_init   main.o
    0x0001ee7c   0x00000006   Code   RO          720    i.gattc_context_apply  device_manager_peripheral.o
    0x0001ee82   0x00000006   Code   RO          721    i.gattc_context_load  device_manager_peripheral.o
    0x0001ee88   0x00000006   Code   RO          722    i.gattc_context_store  device_manager_peripheral.o
    0x0001ee8e   0x00000002   PAD
    0x0001ee90   0x000000f8   Code   RO          723    i.gatts_context_apply  device_manager_peripheral.o
    0x0001ef88   0x0000004c   Code   RO          724    i.gatts_context_load  device_manager_peripheral.o
    0x0001efd4   0x000000f0   Code   RO          725    i.gatts_context_store  device_manager_peripheral.o
    0x0001f0c4   0x00000018   Code   RO          726    i.gattsc_context_apply  device_manager_peripheral.o
    0x0001f0dc   0x0000001c   Code   RO          727    i.gattsc_context_load  device_manager_peripheral.o
    0x0001f0f8   0x0000001c   Code   RO          728    i.gattsc_context_store  device_manager_peripheral.o
    0x0001f114   0x00000068   Code   RO         2138    i.head_restore_state_run  pstorage.o
    0x0001f17c   0x000000e4   Code   RO         3122    i.intern_softdevice_events_execute  softdevice_handler.o
    0x0001f260   0x000000da   Code   RO         1581    i.irq_handler_twi   nrf_drv_twi.o
    0x0001f33a   0x00000002   PAD
    0x0001f33c   0x00000024   Code   RO         1175    i.is_conn_params_ok  ble_conn_params.o
    0x0001f360   0x00000058   Code   RO         2139    i.is_page_erase_required  pstorage.o
    0x0001f3b8   0x00000050   Code   RO         2140    i.is_tail_data_page_swap_required  pstorage.o
    0x0001f408   0x00000010   Code   RO         2141    i.is_word_aligned   pstorage.o
    0x0001f418   0x0000006a   Code   RO          972    i.le_role_encode    ble_advdata.o
    0x0001f482   0x00000002   PAD
    0x0001f484   0x00000098   Code   RO         2749    i.list_deletions_handler  app_timer.o
    0x0001f51c   0x0000010c   Code   RO         2750    i.list_insertions_handler  app_timer.o
    0x0001f628   0x00000190   Code   RO           19    i.main              main.o
    0x0001f7b8   0x00000020   Code   RO         2142    i.main_state_err_busy_process  pstorage.o
    0x0001f7d8   0x00000076   Code   RO          973    i.manuf_specific_data_encode  ble_advdata.o
    0x0001f84e   0x000000c2   Code   RO          974    i.name_encode       ble_advdata.o
    0x0001f910   0x00000006   Code   RO          729    i.no_service_context_apply  device_manager_peripheral.o
    0x0001f916   0x00000006   Code   RO          730    i.no_service_context_load  device_manager_peripheral.o
    0x0001f91c   0x00000006   Code   RO          731    i.no_service_context_store  device_manager_peripheral.o
    0x0001f922   0x0000001a   Code   RO         1310    i.nrf_delay_ms      nrf_delay.o
    0x0001f93c   0x00000060   Code   RO         1268    i.nrf_drv_common_irq_enable  nrf_drv_common.o
    0x0001f99c   0x0000000a   Code   RO         1582    i.nrf_drv_get_IRQn  nrf_drv_twi.o
    0x0001f9a6   0x00000002   PAD
    0x0001f9a8   0x00000024   Code   RO         1585    i.nrf_drv_twi_enable  nrf_drv_twi.o
    0x0001f9cc   0x0000009c   Code   RO         1586    i.nrf_drv_twi_init  nrf_drv_twi.o
    0x0001fa68   0x0000002c   Code   RO         1587    i.nrf_drv_twi_rx    nrf_drv_twi.o
    0x0001fa94   0x0000003c   Code   RO         1590    i.nrf_drv_twi_tx    nrf_drv_twi.o
    0x0001fad0   0x00000048   Code   RO         1592    i.nrf_drv_twi_xfer  nrf_drv_twi.o
    0x0001fb18   0x00000024   Code   RO         1363    i.nrf_gpio_cfg_sense_set  nrf_drv_gpiote.o
    0x0001fb3c   0x00000010   Code   RO         1593    i.nrf_gpio_pin_clear  nrf_drv_twi.o
    0x0001fb4c   0x00000010   Code   RO         1594    i.nrf_gpio_pin_set  nrf_drv_twi.o
    0x0001fb5c   0x0000000c   Code   RO         1366    i.nrf_gpiote_event_addr_get  nrf_drv_gpiote.o
    0x0001fb68   0x0000001c   Code   RO         1367    i.nrf_gpiote_event_clear  nrf_drv_gpiote.o
    0x0001fb84   0x00000016   Code   RO         1368    i.nrf_gpiote_event_is_set  nrf_drv_gpiote.o
    0x0001fb9a   0x0000000e   Code   RO         1595    i.nrf_twi_event_check  nrf_drv_twi.o
    0x0001fba8   0x00000006   Code   RO         1596    i.nrf_twi_event_clear  nrf_drv_twi.o
    0x0001fbae   0x00000006   Code   RO         1597    i.nrf_twi_int_disable  nrf_drv_twi.o
    0x0001fbb4   0x00000006   Code   RO         1598    i.nrf_twi_int_enable  nrf_drv_twi.o
    0x0001fbba   0x00000006   Code   RO         1599    i.nrf_twi_shorts_set  nrf_drv_twi.o
    0x0001fbc0   0x00000006   Code   RO         1600    i.nrf_twi_task_trigger  nrf_drv_twi.o
    0x0001fbc6   0x0000000c   Code   RO         1791    i.nrf_uart_errorsrc_get_and_clear  nrf_drv_uart.o
    0x0001fbd2   0x0000000e   Code   RO         1792    i.nrf_uart_event_check  nrf_drv_uart.o
    0x0001fbe0   0x00000006   Code   RO         1793    i.nrf_uart_event_clear  nrf_drv_uart.o
    0x0001fbe6   0x00000006   Code   RO         1795    i.nrf_uart_int_disable  nrf_drv_uart.o
    0x0001fbec   0x00000012   Code   RO         1797    i.nrf_uart_int_enable_check  nrf_drv_uart.o
    0x0001fbfe   0x00000006   Code   RO         1798    i.nrf_uart_task_trigger  nrf_drv_uart.o
    0x0001fc04   0x0000000c   Code   RO         1800    i.nrf_uarte_errorsrc_get_and_clear  nrf_drv_uart.o
    0x0001fc10   0x0000000e   Code   RO         1801    i.nrf_uarte_event_check  nrf_drv_uart.o
    0x0001fc1e   0x00000006   Code   RO         1802    i.nrf_uarte_event_clear  nrf_drv_uart.o
    0x0001fc24   0x0000000a   Code   RO         1806    i.nrf_uarte_rx_amount_get  nrf_drv_uart.o
    0x0001fc2e   0x00000002   PAD
    0x0001fc30   0x00000048   Code   RO           20    i.on_adv_evt        main.o
    0x0001fc78   0x0000005c   Code   RO           21    i.on_ble_evt        main.o
    0x0001fcd4   0x00000040   Code   RO           22    i.on_conn_params_evt  main.o
    0x0001fd14   0x0000001c   Code   RO         1176    i.on_conn_params_update  ble_conn_params.o
    0x0001fd30   0x0000003c   Code   RO         1177    i.on_connect        ble_conn_params.o
    0x0001fd6c   0x00000040   Code   RO         1178    i.on_disconnect     ble_conn_params.o
    0x0001fdac   0x00000058   Code   RO         1179    i.on_write          ble_conn_params.o
    0x0001fe04   0x00000018   Code   RO         1094    i.peer_address_exists  ble_advertising.o
    0x0001fe1c   0x00000064   Code   RO          732    i.peer_instance_init  device_manager_peripheral.o
    0x0001fe80   0x00000030   Code   RO           23    i.power_manage      main.o
    0x0001feb0   0x0000002c   Code   RO         2143    i.pstorage_access_status_get  pstorage.o
    0x0001fedc   0x000000a4   Code   RO         2144    i.pstorage_block_identifier_get  pstorage.o
    0x0001ff80   0x00000120   Code   RO         2145    i.pstorage_clear    pstorage.o
    0x000200a0   0x0000001e   Code   RO         2146    i.pstorage_flash_page_end  pstorage.o
    0x000200be   0x0000000a   Code   RO         2147    i.pstorage_flash_page_size  pstorage.o
    0x000200c8   0x00000090   Code   RO         2148    i.pstorage_init     pstorage.o
    0x00020158   0x000000f4   Code   RO         2149    i.pstorage_load     pstorage.o
    0x0002024c   0x00000110   Code   RO         2150    i.pstorage_register  pstorage.o
    0x0002035c   0x000000dc   Code   RO         2151    i.pstorage_store    pstorage.o
    0x00020438   0x00000048   Code   RO         2152    i.pstorage_sys_event_handler  pstorage.o
    0x00020480   0x000000dc   Code   RO         2153    i.pstorage_update   pstorage.o
    0x0002055c   0x0000000c   Code   RO         2751    i.rtc1_compare0_set  app_timer.o
    0x00020568   0x0000000c   Code   RO         2752    i.rtc1_counter_get  app_timer.o
    0x00020574   0x00000018   Code   RO         2753    i.rtc1_init         app_timer.o
    0x0002058c   0x0000003c   Code   RO         2754    i.rtc1_start        app_timer.o
    0x000205c8   0x00000058   Code   RO         2755    i.rtc1_stop         app_timer.o
    0x00020620   0x00000050   Code   RO         1810    i.rx_byte           nrf_drv_uart.o
    0x00020670   0x00000024   Code   RO         1811    i.rx_done_event     nrf_drv_uart.o
    0x00020694   0x0000001c   Code   RO         3123    i.sd_check_ram_start  softdevice_handler.o
    0x000206b0   0x00000036   Code   RO          975    i.sec_mgr_oob_flags_encode  ble_advdata.o
    0x000206e6   0x00000096   Code   RO          976    i.service_data_encode  ble_advdata.o
    0x0002077c   0x00000044   Code   RO           24    i.services_init     main.o
    0x000207c0   0x00000002   Code   RO           25    i.si705x_handler    main.o
    0x000207c2   0x00000002   PAD
    0x000207c4   0x00000048   Code   RO           26    i.si705x_read       main.o
    0x0002080c   0x00000070   Code   RO           27    i.sleep_mode_enter  main.o
    0x0002087c   0x00000014   Code   RO         2154    i.sm_state_change   pstorage.o
    0x00020890   0x00000018   Code   RO         3124    i.softdevice_ble_evt_handler_set  softdevice_handler.o
    0x000208a8   0x0000001c   Code   RO         3125    i.softdevice_enable  softdevice_handler.o
    0x000208c4   0x0000002c   Code   RO         3126    i.softdevice_enable_get_default_config  softdevice_handler.o
    0x000208f0   0x00000014   Code   RO         3127    i.softdevice_fault_handler  softdevice_handler.o
    0x00020904   0x00000064   Code   RO         3128    i.softdevice_handler_init  softdevice_handler.o
    0x00020968   0x00000018   Code   RO         3131    i.softdevice_sys_evt_handler_set  softdevice_handler.o
    0x00020980   0x0000000e   Code   RO          977    i.srdata_check      ble_advdata.o
    0x0002098e   0x00000002   PAD
    0x00020990   0x00000010   Code   RO         2155    i.state_data_erase_entry_run  pstorage.o
    0x000209a0   0x0000008c   Code   RO         2156    i.state_data_erase_swap_entry_run  pstorage.o
    0x00020a2c   0x00000038   Code   RO         2157    i.state_entry_action_run  pstorage.o
    0x00020a64   0x00000010   Code   RO         2158    i.state_erase_data_page_entry_run  pstorage.o
    0x00020a74   0x0000001c   Code   RO         2159    i.state_idle_entry_run  pstorage.o
    0x00020a90   0x00000034   Code   RO         2160    i.state_restore_head_entry_run  pstorage.o
    0x00020ac4   0x00000058   Code   RO         2161    i.state_restore_tail_entry_run  pstorage.o
    0x00020b1c   0x00000008   Code   RO         2162    i.state_store_entry_run  pstorage.o
    0x00020b24   0x0000001e   Code   RO         2163    i.state_swap_erase_entry_run  pstorage.o
    0x00020b42   0x00000002   PAD
    0x00020b44   0x00000038   Code   RO         2164    i.state_write_data_swap_entry_run  pstorage.o
    0x00020b7c   0x00000008   Code   RO          733    i.storage_operation_dummy_handler  device_manager_peripheral.o
    0x00020b84   0x00000068   Code   RO         2165    i.store_cmd_flash_write_execute  pstorage.o
    0x00020bec   0x0000000a   Code   RO         2166    i.store_operation_execute  pstorage.o
    0x00020bf6   0x00000002   PAD
    0x00020bf8   0x00000048   Code   RO         2167    i.store_sub_state_sm_run  pstorage.o
    0x00020c40   0x00000020   Code   RO         2168    i.swap_erase_state_run  pstorage.o
    0x00020c60   0x00000008   Code   RO         2169    i.swap_sub_sm_exit_action_run  pstorage.o
    0x00020c68   0x00000018   Code   RO         2170    i.swap_sub_state_entry_action_run  pstorage.o
    0x00020c80   0x00000020   Code   RO         2171    i.swap_sub_state_err_busy_process  pstorage.o
    0x00020ca0   0x00000018   Code   RO         2172    i.swap_sub_state_sm_run  pstorage.o
    0x00020cb8   0x00000014   Code   RO         2173    i.swap_sub_state_state_change  pstorage.o
    0x00020ccc   0x00000012   Code   RO           28    i.sys_evt_dispatch  main.o
    0x00020cde   0x00000002   PAD
    0x00020ce0   0x0000001c   Code   RO         2174    i.tail_restore_state_run  pstorage.o
    0x00020cfc   0x0000004c   Code   RO         2175    i.tail_word_size_calculate  pstorage.o
    0x00020d48   0x00000142   Code   RO           29    i.temp_char_add     main.o
    0x00020e8a   0x0000000a   Code   RO         2756    i.ticks_diff_get    app_timer.o
    0x00020e94   0x00000068   Code   RO         2757    i.timeout_handler_exec  app_timer.o
    0x00020efc   0x00000054   Code   RO         2758    i.timer_list_handler  app_timer.o
    0x00020f50   0x0000000a   Code   RO         2759    i.timer_list_handler_sched  app_timer.o
    0x00020f5a   0x00000002   PAD
    0x00020f5c   0x00000068   Code   RO         2760    i.timer_list_insert  app_timer.o
    0x00020fc4   0x0000006c   Code   RO         2761    i.timer_list_remove  app_timer.o
    0x00021030   0x0000005c   Code   RO         2762    i.timer_start_op_schedule  app_timer.o
    0x0002108c   0x00000040   Code   RO         2764    i.timer_stop_op_schedule  app_timer.o
    0x000210cc   0x00000110   Code   RO           31    i.timer_timeout_handler  main.o
    0x000211dc   0x00000098   Code   RO         2765    i.timer_timeouts_check  app_timer.o
    0x00021274   0x0000000a   Code   RO         2766    i.timer_timeouts_check_sched  app_timer.o
    0x0002127e   0x00000002   PAD
    0x00021280   0x0000006c   Code   RO           32    i.timers_init       main.o
    0x000212ec   0x00000046   Code   RO          978    i.tk_value_encode   ble_advdata.o
    0x00021332   0x00000002   PAD
    0x00021334   0x00000094   Code   RO         1601    i.twi_clear_bus     nrf_drv_twi.o
    0x000213c8   0x00000050   Code   RO           34    i.twi_init          main.o
    0x00021418   0x0000004c   Code   RO         1602    i.twi_receive_byte  nrf_drv_twi.o
    0x00021464   0x000000a6   Code   RO         1603    i.twi_rx_start_transfer  nrf_drv_twi.o
    0x0002150a   0x00000048   Code   RO         1604    i.twi_send_byte     nrf_drv_twi.o
    0x00021552   0x00000122   Code   RO         1605    i.twi_transfer      nrf_drv_twi.o
    0x00021674   0x000000ac   Code   RO         1606    i.twi_tx_start_transfer  nrf_drv_twi.o
    0x00021720   0x000000b8   Code   RO         1607    i.twi_xfer          nrf_drv_twi.o
    0x000217d8   0x00000038   Code   RO         1813    i.tx_byte           nrf_drv_uart.o
    0x00021810   0x0000002c   Code   RO         1814    i.tx_done_event     nrf_drv_uart.o
    0x0002183c   0x00000036   Code   RO          979    i.tx_power_level_encode  ble_advdata.o
    0x00021872   0x00000002   PAD
    0x00021874   0x00000160   Code   RO         1815    i.uart_irq_handler  nrf_drv_uart.o
    0x000219d4   0x0000012c   Code   RO         1816    i.uarte_irq_handler  nrf_drv_uart.o
    0x00021b00   0x0000000c   Code   RO          980    i.uint16_encode     ble_advdata.o
    0x00021b0c   0x00000008   Code   RO         2176    i.update_operation_execute  pstorage.o
    0x00021b14   0x00000014   Code   RO          734    i.update_status_bit_reset  device_manager_peripheral.o
    0x00021b28   0x00000090   Code   RO         1180    i.update_timeout_handler  ble_conn_params.o
    0x00021bb8   0x00000058   Code   RO         2767    i.user_id_get       app_timer.o
    0x00021c10   0x00000030   Code   RO         2768    i.user_op_alloc     app_timer.o
    0x00021c40   0x00000004   Code   RO         2769    i.user_op_enque     app_timer.o
    0x00021c44   0x0000004e   Code   RO          981    i.uuid_list_encode  ble_advdata.o
    0x00021c92   0x000000dc   Code   RO          982    i.uuid_list_sized_encode  ble_advdata.o
    0x00021d6e   0x00000012   Code   RO         1095    i.whitelist_has_entries  ble_advertising.o
    0x00021d80   0x0000002c   Data   RO           37    .constdata          main.o
    0x00021dac   0x0000003c   Data   RO          411    .constdata          bsp.o
    0x00021de8   0x00000034   Data   RO          736    .constdata          device_manager_peripheral.o
    0x00021e1c   0x00000004   Data   RO         1182    .constdata          ble_conn_params.o
    0x00021e20   0x0000001c   Data   RO         1609    .constdata          nrf_drv_twi.o
    0x00021e3c   0x00000028   Data   RO         2178    .constdata          pstorage.o
    0x00021e64   0x00000069   Data   RO          737    .conststring        device_manager_peripheral.o
    0x00021ecd   0x00000003   PAD
    0x00021ed0   0x00000020   Data   RO         3298    Region$$Table       anon$$obj.o


    Execution Region RW_IRAM1 (Base: 0x20001f00, Size: 0x000027f0, Max: 0x00006100, ABSOLUTE)

    Base Addr    Size         Type   Attr      Idx    E Section Name        Object

    0x20001f00   0x00000033   Data   RW           38    .data               main.o
    0x20001f33   0x00000001   PAD
    0x20001f34   0x00000019   Data   RW          412    .data               bsp.o
    0x20001f4d   0x00000003   PAD
    0x20001f50   0x00000004   Data   RW          577    .data               system_nrf52.o
    0x20001f54   0x00000014   Data   RW          738    .data               device_manager_peripheral.o
    0x20001f68   0x00000020   Data   RW         1097    .data               ble_advertising.o
    0x20001f88   0x00000015   Data   RW         1183    .data               ble_conn_params.o
    0x20001f9d   0x00000003   PAD
    0x20001fa0   0x00000028   Data   RW         2179    .data               pstorage.o
    0x20001fc8   0x00000022   Data   RW         2770    .data               app_timer.o
    0x20001fea   0x00000002   PAD
    0x20001fec   0x00000018   Data   RW         3132    .data               softdevice_handler.o
    0x20002004   0x00000248   Zero   RW           36    .bss                main.o
    0x2000224c   0x0000006c   Zero   RW          410    .bss                bsp.o
    0x200022b8   0x0000014f   Zero   RW          735    .bss                device_manager_peripheral.o
    0x20002407   0x00000001   PAD
    0x20002408   0x00000103   Zero   RW         1096    .bss                ble_advertising.o
    0x2000250b   0x00000001   PAD
    0x2000250c   0x0000003c   Zero   RW         1181    .bss                ble_conn_params.o
    0x20002548   0x00000058   Zero   RW         1375    .bss                nrf_drv_gpiote.o
    0x200025a0   0x00000028   Zero   RW         1608    .bss                nrf_drv_twi.o
    0x200025c8   0x00000020   Zero   RW         1817    .bss                nrf_drv_uart.o
    0x200025e8   0x000000e4   Zero   RW         2177    .bss                pstorage.o
    0x200026cc   0x00000020   Zero   RW         2680    .bss                app_error.o
    0x200026ec   0x00000004   PAD
    0x200026f0   0x00002000   Zero   RW          558    STACK               arm_startup_nrf52.o



  Load Region LR$$.ARM.__AT_0x1000120C (Base: 0x1000120c, Size: 0x00000004, Max: 0x00000004, ABSOLUTE)

    Execution Region ER$$.ARM.__AT_0x1000120C (Base: 0x1000120c, Size: 0x00000004, Max: 0x00000004, ABSOLUTE, UNINIT)

    Base Addr    Size         Type   Attr      Idx    E Section Name        Object

    0x1000120c   0x00000004   Data   RO           35    .ARM.__AT_0x1000120C  main.o


==============================================================================

Image component sizes


      Code (inc. data)   RO Data    RW Data    ZI Data      Debug   Object Name

         0          0          0          0          0       1796   app_button.o
       194          4          0          0         32       4776   app_error.o
      2498        320          0         34          0      56019   app_timer.o
        36          8       1024          0       8192        904   arm_startup_nrf52.o
      2136          0          0          0          0      23328   ble_advdata.o
      1422        140          0         32        259      13381   ble_advertising.o
       726        122          4         21         60      18028   ble_conn_params.o
      1768        110         60         25        108      10346   bsp.o
        28          0          0          0          0        709   bsp_btn_ble.o
      4316        266        157         20        335      32645   device_manager_peripheral.o
      3040        470         48         51        584     154969   main.o
       144          0          0          0          0       1835   nrf_delay.o
        96         12          0          0          0      28951   nrf_drv_common.o
       458         40          0          0         88      15680   nrf_drv_gpiote.o
      1918         58         28          0         40      31184   nrf_drv_twi.o
       996         66          0          0         32      23350   nrf_drv_uart.o
      4252        430         40         40        228      45490   pstorage.o
       604        178          0         24          0       9717   softdevice_handler.o
       988        102          0          4          0       5859   system_nrf52.o

    ----------------------------------------------------------------------
     25670       2326       1396        260       9964     478967   Object Totals
         0          0         32          0          0          0   (incl. Generated)
        50          0          3          9          6          0   (incl. Padding)

    ----------------------------------------------------------------------

      Code (inc. data)   RO Data    RW Data    ZI Data      Debug   Library Member Name

         0          0          0          0          0          0   entry.o
         0          0          0          0          0          0   entry10a.o
         0          0          0          0          0          0   entry11a.o
         8          4          0          0          0          0   entry2.o
         4          0          0          0          0          0   entry5.o
         0          0          0          0          0          0   entry7b.o
         0          0          0          0          0          0   entry8b.o
         8          4          0          0          0          0   entry9a.o
        30          0          0          0          0          0   handlers.o
        36          8          0          0          0         68   init.o
         0          0          0          0          0          0   iusefp.o
        30          0          0          0          0         68   llshl.o
        36          0          0          0          0         68   llsshr.o
        32          0          0          0          0         68   llushr.o
        26          0          0          0          0         80   memcmp.o
        36          0          0          0          0         68   memcpya.o
        36          0          0          0          0        108   memseta.o
       334          0          0          0          0        148   dadd.o
       222          0          0          0          0        100   ddiv.o
       186          0          0          0          0        176   depilogue.o
        50          0          0          0          0         76   dfixui.o
        34          0          0          0          0         76   dflti.o
       228          0          0          0          0         96   dmul.o

    ----------------------------------------------------------------------
      1338         16          0          0          0       1200   Library Totals
         2          0          0          0          0          0   (incl. Padding)

    ----------------------------------------------------------------------

      Code (inc. data)   RO Data    RW Data    ZI Data      Debug   Library Name

       282         16          0          0          0        528   mc_w.l
      1054          0          0          0          0        672   mf_w.l

    ----------------------------------------------------------------------
      1338         16          0          0          0       1200   Library Totals

    ----------------------------------------------------------------------

==============================================================================


      Code (inc. data)   RO Data    RW Data    ZI Data      Debug   

     27008       2342       1396        260       9964     454599   Grand Totals
     27008       2342       1396        260       9964     454599   ELF Image Totals
     27008       2342       1396        260          0          0   ROM Totals

==============================================================================

    Total RO  Size (Code + RO Data)                28404 (  27.74kB)
    Total RW  Size (RW Data + ZI Data)             10224 (   9.98kB)
    Total ROM Size (Code + RO Data + RW Data)      28664 (  27.99kB)

==============================================================================

